=== train (150, sticky)
  episode 7/150  (1.2s, 1213 frames/s)
  episode 14/150  (2.3s, 1216 frames/s)
  episode 21/150  (4.1s, 1030 frames/s)
  episode 28/150  (5.5s, 1022 frames/s)
  episode 35/150  (6.8s, 1028 frames/s)
  episode 42/150  (8.2s, 1028 frames/s)
  episode 49/150  (9.4s, 1044 frames/s)
  episode 56/150  (10.7s, 1055 frames/s)
  episode 63/150  (12.0s, 1059 frames/s)
  episode 70/150  (13.2s, 1065 frames/s)
  episode 77/150  (14.7s, 1052 frames/s)
  episode 84/150  (17.6s, 957 frames/s)
  episode 91/150  (19.2s, 955 frames/s)
  episode 98/150  (20.4s, 968 frames/s)
  episode 105/150  (21.8s, 967 frames/s)
  episode 112/150  (23.3s, 965 frames/s)
  episode 119/150  (24.8s, 963 frames/s)
  episode 126/150  (26.4s, 958 frames/s)
  episode 133/150  (27.9s, 959 frames/s)
  episode 140/150  (29.2s, 963 frames/s)
  episode 147/150  (30.8s, 960 frames/s)
  episode 150/150  (31.8s, 948 frames/s)
  sanity: bounds ok, speed bounded, paddle-contact rate 0.527%
  gravity: g=0.0001  launch>=40deg  speed 0.0074/0.0225/0.0498 (min/mean/max)  speed clips 0 (0.00/ep)
    flips: 1.05/episode  0/1/2/3+ = 26%/51%/17%/7%  mean 74.1 frames apart (median 71, n=47)
    sign: down on 55.3% of frames / up on 44.7%  stuck (no end reached in 100 frames): 1.27%

wrote 30150 frames to data/v4/train  (370 MB)
=== train_mix (300, mix 0.5)
  episode 15/300  (2.5s, 1195 frames/s)
  episode 30/300  (5.1s, 1193 frames/s)
  episode 45/300  (7.5s, 1211 frames/s)
  episode 60/300  (10.5s, 1149 frames/s)
  episode 75/300  (13.5s, 1117 frames/s)
  episode 90/300  (16.5s, 1099 frames/s)
  episode 105/300  (19.0s, 1110 frames/s)
  episode 120/300  (22.4s, 1075 frames/s)
  episode 135/300  (25.2s, 1079 frames/s)
  episode 150/300  (27.8s, 1086 frames/s)
  episode 165/300  (30.5s, 1088 frames/s)
  episode 180/300  (33.1s, 1092 frames/s)
  episode 195/300  (35.7s, 1098 frames/s)
  episode 210/300  (38.6s, 1092 frames/s)
  episode 225/300  (41.3s, 1094 frames/s)
  episode 240/300  (44.4s, 1088 frames/s)
  episode 255/300  (47.1s, 1087 frames/s)
  episode 270/300  (49.7s, 1092 frames/s)
  episode 285/300  (52.3s, 1096 frames/s)
  episode 300/300  (55.0s, 1097 frames/s)
  sanity: bounds ok, speed bounded, paddle-contact rate 0.838%
  gravity: g=0.0001  launch>=40deg  speed 0.0053/0.0236/0.0516 (min/mean/max)  speed clips 5 (0.02/ep)
    flips: 1.68/episode  0/1/2/3+ = 7%/38%/38%/16%  mean 80.8 frames apart (median 77, n=225)
    sign: down on 55.1% of frames / up on 44.9%  stuck (no end reached in 100 frames): 2.40%
  warning: balls are stalling mid-box -- raise --launch-min-angle or lower --gravity

wrote 60300 frames to data/v4/train_mix  (741 MB)
=== val (15, sticky)
  episode 1/15  (0.2s, 834 frames/s)
  episode 2/15  (0.4s, 912 frames/s)
  episode 3/15  (0.6s, 968 frames/s)
  episode 4/15  (0.9s, 895 frames/s)
  episode 5/15  (1.3s, 753 frames/s)
  episode 6/15  (2.2s, 559 frames/s)
  episode 7/15  (2.8s, 511 frames/s)
  episode 8/15  (3.0s, 533 frames/s)
  episode 9/15  (3.3s, 555 frames/s)
  episode 10/15  (3.5s, 578 frames/s)
  episode 11/15  (3.7s, 602 frames/s)
  episode 12/15  (3.9s, 613 frames/s)
  episode 13/15  (4.2s, 627 frames/s)
  episode 14/15  (4.3s, 650 frames/s)
  episode 15/15  (4.5s, 668 frames/s)
  sanity: bounds ok, speed bounded, paddle-contact rate 0.300%
  gravity: g=0.0001  launch>=40deg  speed 0.0100/0.0220/0.0292 (min/mean/max)  speed clips 0 (0.00/ep)
    flips: 0.60/episode  0/1/2/3+ = 47%/47%/7%/0%  mean 71.0 frames apart (median 71, n=1)
    sign: down on 48.6% of frames / up on 51.4%  stuck (no end reached in 100 frames): 0.00%

wrote 3015 frames to data/v4/val  (37 MB)
=== val_mix (20, mix)
  episode 1/20  (0.3s, 741 frames/s)
  episode 2/20  (0.5s, 877 frames/s)
  episode 3/20  (0.6s, 951 frames/s)
  episode 4/20  (0.8s, 991 frames/s)
  episode 5/20  (1.0s, 1025 frames/s)
  episode 6/20  (1.1s, 1060 frames/s)
  episode 7/20  (1.3s, 1067 frames/s)
  episode 8/20  (1.5s, 1085 frames/s)
  episode 9/20  (1.6s, 1097 frames/s)
  episode 10/20  (1.9s, 1077 frames/s)
  episode 11/20  (2.1s, 1048 frames/s)
  episode 12/20  (2.3s, 1030 frames/s)
  episode 13/20  (2.5s, 1042 frames/s)
  episode 14/20  (2.7s, 1031 frames/s)
  episode 15/20  (2.9s, 1027 frames/s)
  episode 16/20  (3.1s, 1036 frames/s)
  episode 17/20  (3.3s, 1047 frames/s)
  episode 18/20  (3.4s, 1059 frames/s)
  episode 19/20  (3.6s, 1065 frames/s)
  episode 20/20  (3.7s, 1074 frames/s)
  sanity: bounds ok, speed bounded, paddle-contact rate 1.000%
  gravity: g=0.0001  launch>=40deg  speed 0.0154/0.0251/0.0506 (min/mean/max)  speed clips 0 (0.00/ep)
    flips: 2.00/episode  0/1/2/3+ = 5%/25%/45%/25%  mean 77.9 frames apart (median 74, n=21)
    sign: down on 60.7% of frames / up on 39.3%  stuck (no end reached in 100 frames): 0.00%

wrote 4020 frames to data/v4/val_mix  (49 MB)
=== probe (120 x 24, sticky) -- many short episodes, for the probes
  episode 6/120  (0.1s, 1072 frames/s)
  episode 12/120  (0.3s, 1059 frames/s)
  episode 18/120  (0.4s, 1051 frames/s)
  episode 24/120  (0.6s, 1032 frames/s)
  episode 30/120  (0.7s, 1054 frames/s)
  episode 36/120  (0.8s, 1085 frames/s)
  episode 42/120  (1.0s, 1082 frames/s)
  episode 48/120  (1.1s, 1089 frames/s)
  episode 54/120  (1.2s, 1100 frames/s)
  episode 60/120  (1.4s, 1093 frames/s)
  episode 66/120  (1.5s, 1094 frames/s)
  episode 72/120  (1.6s, 1103 frames/s)
  episode 78/120  (1.7s, 1115 frames/s)
  episode 84/120  (1.9s, 1111 frames/s)
  episode 90/120  (2.0s, 1117 frames/s)
  episode 96/120  (2.1s, 1126 frames/s)
  episode 102/120  (2.3s, 1130 frames/s)
  episode 108/120  (2.4s, 1126 frames/s)
  episode 114/120  (2.5s, 1130 frames/s)
  episode 120/120  (2.6s, 1133 frames/s)
  sanity: bounds ok, speed bounded, paddle-contact rate 0.660%
  gravity: g=0.0001  launch>=40deg  speed 0.0168/0.0221/0.0307 (min/mean/max)  speed clips 0 (0.00/ep)
    flips: 0.16/episode  0/1/2/3+ = 85%/14%/1%/0%  mean 1.0 frames apart (median 1, n=1)
    sign: down on 54.7% of frames / up on 45.3%  stuck (no end reached in 100 frames): 0.00%

wrote 3000 frames to data/v4/probe  (37 MB)
=== long (30 x 600, mix)
  episode 1/30  (0.7s, 848 frames/s)
  episode 2/30  (1.3s, 921 frames/s)
  episode 3/30  (2.0s, 908 frames/s)
  episode 4/30  (2.6s, 913 frames/s)
  episode 5/30  (3.3s, 922 frames/s)
  episode 6/30  (3.8s, 940 frames/s)
  episode 7/30  (4.4s, 952 frames/s)
  episode 8/30  (5.0s, 962 frames/s)
  episode 9/30  (5.6s, 972 frames/s)
  episode 10/30  (6.1s, 977 frames/s)
  episode 11/30  (6.8s, 977 frames/s)
  episode 12/30  (7.4s, 977 frames/s)
  episode 13/30  (8.0s, 982 frames/s)
  episode 14/30  (8.8s, 954 frames/s)
  episode 15/30  (9.7s, 926 frames/s)
  episode 16/30  (10.3s, 930 frames/s)
  episode 17/30  (11.0s, 930 frames/s)
  episode 18/30  (11.6s, 936 frames/s)
  episode 19/30  (12.1s, 943 frames/s)
  episode 20/30  (12.7s, 948 frames/s)
  episode 21/30  (13.2s, 953 frames/s)
  episode 22/30  (13.8s, 957 frames/s)
  episode 23/30  (14.4s, 961 frames/s)
  episode 24/30  (15.0s, 963 frames/s)
  episode 25/30  (15.5s, 966 frames/s)
  episode 26/30  (16.1s, 970 frames/s)
  episode 27/30  (16.7s, 971 frames/s)
  episode 28/30  (18.1s, 930 frames/s)
  episode 29/30  (18.9s, 924 frames/s)
  episode 30/30  (19.5s, 924 frames/s)
  sanity: bounds ok, speed bounded, paddle-contact rate 0.811%
  gravity: g=0.0001  launch>=40deg  speed 0.0064/0.0270/0.0516 (min/mean/max)  speed clips 8 (0.27/ep)
    flips: 4.87/episode  0/1/2/3+ = 0%/7%/10%/83%  mean 105.8 frames apart (median 82, n=116)
    sign: down on 55.0% of frames / up on 45.0%  stuck (no end reached in 100 frames): 1.36%

wrote 18030 frames to data/v4/long  (222 MB)
=== done
