  sanity: bounds ok, speed conserved, paddle-contact rate 0.540%
  occlusion: band y=0.28..0.58  frames hidden 17.6% / partial 38.8% / visible 43.7%
    hidden runs: 560 (3.7/episode)  mean 9.4 frames  median 8  max 43  with a wall-x bounce while hidden: 19.1%

wrote 30150 frames to data/v3/train  (370 MB)
  sanity: bounds ok, speed conserved, paddle-contact rate 0.868%
  occlusion: band y=0.28..0.58  frames hidden 17.6% / partial 39.0% / visible 43.4%
    hidden runs: 1093 (3.6/episode)  mean 9.7 frames  median 8  max 44  with a wall-x bounce while hidden: 15.5%

wrote 60300 frames to data/v3/train_mix  (741 MB)
  sanity: bounds ok, speed conserved, paddle-contact rate 0.367%
  occlusion: band y=0.28..0.58  frames hidden 18.1% / partial 38.1% / visible 43.8%
    hidden runs: 57 (3.8/episode)  mean 9.5 frames  median 8  max 27  with a wall-x bounce while hidden: 14.0%

wrote 3015 frames to data/v3/val  (37 MB)
  sanity: bounds ok, speed conserved, paddle-contact rate 1.025%
  occlusion: band y=0.28..0.58  frames hidden 16.9% / partial 39.4% / visible 43.8%
    hidden runs: 66 (3.3/episode)  mean 10.2 frames  median 9  max 34  with a wall-x bounce while hidden: 13.6%

wrote 4020 frames to data/v3/val_mix  (49 MB)
  sanity: bounds ok, speed conserved, paddle-contact rate 0.486%
  occlusion: band y=0.28..0.58  frames hidden 17.6% / partial 40.3% / visible 42.1%
    hidden runs: 72 (0.6/episode)  mean 6.9 frames  median 7  max 22  with a wall-x bounce while hidden: 15.3%

wrote 3000 frames to data/v3/probe  (37 MB)
  sanity: bounds ok, speed conserved, paddle-contact rate 0.983%
  occlusion: band y=0.22..0.64  frames hidden 32.0% / partial 39.8% / visible 28.2%
    hidden runs: 120 (4.0/episode)  mean 16.0 frames  median 14  max 47  with a wall-x bounce while hidden: 31.7%

wrote 6030 frames to data/v3/tall  (74 MB)
  sanity: bounds ok, speed conserved, paddle-contact rate 0.850%
  occlusion: band y=0.16..0.70  frames hidden 46.6% / partial 36.0% / visible 17.4%
    hidden runs: 119 (4.0/episode)  mean 23.5 frames  median 21  max 66  with a wall-x bounce while hidden: 42.0%

wrote 6030 frames to data/v3/taller  (74 MB)
