real env: {'ball_radius': 0.08, 'mass_from_color': True, 'mass_holdout': [0.85, 1.2], 'mass_only': None}
M: runs/rnn_v2/rnn.pt  z_dim 16  hidden 256  K 5
computing input normalisation from the training set ...
  38400 samples; h std in [0.1051, 0.7158]; 0 dead LSTM units
C: inputs=z  in_dim=16  n_params=51
start pool: 450 episodes x 200 steps
gen   0  best  126.770  mean  109.677  sigma 0.480  (    3s)   REAL hits/ep 0.96
gen   1  best  129.065  mean  117.468  sigma 0.478  (   19s)
gen   2  best  126.804  mean  117.545  sigma 0.479  (   21s)
gen   3  best  127.546  mean  120.677  sigma 0.496  (   22s)
gen   4  best  128.493  mean  124.104  sigma 0.512  (   24s)
gen   5  best  129.428  mean  126.360  sigma 0.532  (   25s)   REAL hits/ep 1.04
gen   6  best  130.552  mean  126.068  sigma 0.548  (   43s)
gen   7  best  130.858  mean  127.485  sigma 0.562  (   44s)
gen   8  best  131.391  mean  128.176  sigma 0.582  (   46s)
gen   9  best  130.621  mean  126.567  sigma 0.599  (   47s)
gen  10  best  130.109  mean  126.860  sigma 0.608  (   49s)   REAL hits/ep 1.04
gen  11  best  131.422  mean  129.000  sigma 0.615  (   65s)
gen  12  best  130.576  mean  127.563  sigma 0.624  (   67s)
gen  13  best  130.297  mean  127.004  sigma 0.628  (   68s)
gen  14  best  131.649  mean  128.225  sigma 0.623  (   70s)
gen  15  best  133.192  mean  130.022  sigma 0.627  (   71s)   REAL hits/ep 1.04
gen  16  best  131.455  mean  128.438  sigma 0.633  (   88s)
gen  17  best  131.647  mean  127.822  sigma 0.639  (   90s)
gen  18  best  130.747  mean  128.163  sigma 0.646  (   91s)
gen  19  best  132.354  mean  129.567  sigma 0.647  (   93s)
gen  20  best  130.698  mean  128.851  sigma 0.649  (   95s)   REAL hits/ep 1.08
gen  21  best  129.122  mean  125.610  sigma 0.656  (  123s)
gen  22  best  131.382  mean  129.072  sigma 0.667  (  125s)
gen  23  best  130.227  mean  127.430  sigma 0.681  (  129s)
gen  24  best  130.763  mean  127.396  sigma 0.694  (  132s)
gen  25  best  133.312  mean  130.441  sigma 0.702  (  135s)   REAL hits/ep 1.42
gen  26  best  133.043  mean  129.948  sigma 0.714  (  154s)
gen  27  best  135.171  mean  131.582  sigma 0.731  (  155s)
gen  28  best  131.335  mean  128.471  sigma 0.747  (  157s)
gen  29  best  130.731  mean  127.915  sigma 0.757  (  159s)
gen  30  best  134.096  mean  131.483  sigma 0.772  (  161s)   REAL hits/ep 1.38
gen  31  best  129.607  mean  126.831  sigma 0.785  (  183s)
gen  32  best  132.840  mean  130.221  sigma 0.787  (  187s)
gen  33  best  132.145  mean  130.117  sigma 0.789  (  190s)
gen  34  best  130.647  mean  127.606  sigma 0.789  (  194s)
gen  35  best  133.638  mean  130.754  sigma 0.789  (  196s)   REAL hits/ep 1.33
gen  36  best  134.249  mean  130.606  sigma 0.793  (  221s)
gen  37  best  131.291  mean  129.609  sigma 0.800  (  223s)
gen  38  best  131.063  mean  128.470  sigma 0.794  (  225s)
gen  39  best  133.695  mean  130.463  sigma 0.792  (  227s)
gen  40  best  131.006  mean  128.482  sigma 0.781  (  229s)   REAL hits/ep 1.33
gen  41  best  129.954  mean  127.334  sigma 0.775  (  248s)
gen  42  best  132.840  mean  130.690  sigma 0.775  (  250s)
gen  43  best  132.545  mean  131.318  sigma 0.770  (  252s)
gen  44  best  130.288  mean  128.425  sigma 0.757  (  253s)
gen  45  best  134.827  mean  131.742  sigma 0.740  (  255s)   REAL hits/ep 1.58
gen  46  best  131.481  mean  129.900  sigma 0.732  (  272s)
gen  47  best  132.919  mean  130.303  sigma 0.733  (  274s)
gen  48  best  132.633  mean  130.595  sigma 0.744  (  276s)
gen  49  best  133.370  mean  130.919  sigma 0.746  (  279s)
gen  50  best  132.043  mean  130.132  sigma 0.746  (  281s)   REAL hits/ep 1.17
gen  51  best  134.126  mean  131.732  sigma 0.746  (  303s)
gen  52  best  133.005  mean  130.672  sigma 0.741  (  305s)
gen  53  best  134.405  mean  131.214  sigma 0.734  (  307s)
gen  54  best  129.008  mean  127.557  sigma 0.730  (  309s)
gen  55  best  132.320  mean  130.674  sigma 0.734  (  311s)   REAL hits/ep 1.17
gen  56  best  133.543  mean  131.903  sigma 0.732  (  330s)
gen  57  best  132.229  mean  129.983  sigma 0.722  (  332s)
gen  58  best  130.227  mean  128.171  sigma 0.725  (  334s)
gen  59  best  133.332  mean  130.613  sigma 0.736  (  336s)
gen  60  best  132.112  mean  129.423  sigma 0.746  (  338s)   REAL hits/ep 1.17
gen  61  best  134.186  mean  131.358  sigma 0.749  (  359s)
gen  62  best  134.502  mean  131.961  sigma 0.754  (  361s)
gen  63  best  135.074  mean  133.514  sigma 0.765  (  363s)
gen  64  best  133.705  mean  130.431  sigma 0.765  (  365s)
gen  65  best  132.338  mean  130.696  sigma 0.768  (  367s)   REAL hits/ep 1.33
gen  66  best  132.019  mean  129.838  sigma 0.781  (  385s)
gen  67  best  134.542  mean  132.082  sigma 0.793  (  387s)
gen  68  best  133.614  mean  131.275  sigma 0.801  (  389s)
gen  69  best  132.648  mean  130.680  sigma 0.798  (  391s)
gen  70  best  135.893  mean  133.772  sigma 0.796  (  392s)   REAL hits/ep 1.54
gen  71  best  133.886  mean  132.189  sigma 0.787  (  419s)
gen  72  best  133.405  mean  131.165  sigma 0.779  (  420s)
gen  73  best  132.180  mean  130.296  sigma 0.770  (  422s)
gen  74  best  133.204  mean  131.925  sigma 0.762  (  424s)
gen  75  best  134.038  mean  131.772  sigma 0.763  (  426s)   REAL hits/ep 1.46
gen  76  best  133.980  mean  131.093  sigma 0.756  (  446s)
gen  77  best  133.007  mean  130.211  sigma 0.751  (  447s)
gen  78  best  133.302  mean  131.301  sigma 0.747  (  449s)
gen  79  best  131.845  mean  129.724  sigma 0.749  (  451s)
gen  80  best  133.280  mean  130.951  sigma 0.754  (  452s)   REAL hits/ep 1.29
gen  81  best  132.055  mean  129.706  sigma 0.750  (  469s)
gen  82  best  134.110  mean  131.242  sigma 0.751  (  472s)
gen  83  best  133.508  mean  131.763  sigma 0.746  (  474s)
gen  84  best  132.786  mean  130.408  sigma 0.749  (  476s)
gen  85  best  133.919  mean  132.449  sigma 0.755  (  477s)   REAL hits/ep 1.25
gen  86  best  131.976  mean  130.156  sigma 0.763  (  494s)
gen  87  best  133.115  mean  131.399  sigma 0.766  (  496s)
gen  88  best  132.858  mean  129.566  sigma 0.775  (  498s)
gen  89  best  132.763  mean  131.489  sigma 0.791  (  500s)
gen  90  best  134.849  mean  131.539  sigma 0.794  (  501s)   REAL hits/ep 1.42
gen  91  best  133.707  mean  131.015  sigma 0.800  (  517s)
gen  92  best  133.046  mean  130.923  sigma 0.805  (  519s)
gen  93  best  132.186  mean  130.030  sigma 0.807  (  521s)
gen  94  best  133.240  mean  131.190  sigma 0.797  (  522s)
gen  95  best  134.754  mean  132.463  sigma 0.796  (  524s)   REAL hits/ep 1.17
gen  96  best  131.522  mean  130.164  sigma 0.796  (  540s)
gen  97  best  133.111  mean  130.974  sigma 0.786  (  541s)
gen  98  best  132.512  mean  130.332  sigma 0.772  (  543s)
gen  99  best  134.244  mean  132.698  sigma 0.772  (  544s)
gen 100  best  133.787  mean  132.143  sigma 0.764  (  546s)   REAL hits/ep 1.08
gen 101  best  134.232  mean  131.436  sigma 0.756  (  562s)
gen 102  best  133.778  mean  131.891  sigma 0.754  (  564s)
gen 103  best  133.119  mean  131.906  sigma 0.756  (  566s)
gen 104  best  131.202  mean  129.126  sigma 0.757  (  568s)
gen 105  best  132.339  mean  130.239  sigma 0.760  (  569s)   REAL hits/ep 1.29
gen 106  best  134.400  mean  132.233  sigma 0.763  (  586s)
gen 107  best  133.858  mean  132.192  sigma 0.767  (  587s)
gen 108  best  134.034  mean  132.096  sigma 0.776  (  589s)
gen 109  best  134.381  mean  132.383  sigma 0.789  (  590s)
gen 110  best  132.818  mean  130.496  sigma 0.813  (  592s)   REAL hits/ep 1.33
gen 111  best  133.660  mean  131.474  sigma 0.840  (  608s)
gen 112  best  132.438  mean  130.503  sigma 0.863  (  610s)
gen 113  best  133.996  mean  131.827  sigma 0.872  (  611s)
gen 114  best  133.394  mean  131.538  sigma 0.877  (  612s)
gen 115  best  133.721  mean  131.445  sigma 0.874  (  614s)   REAL hits/ep 1.33
gen 116  best  134.059  mean  131.791  sigma 0.870  (  630s)
gen 117  best  133.310  mean  132.095  sigma 0.866  (  632s)
gen 118  best  134.661  mean  131.898  sigma 0.857  (  633s)
gen 119  best  131.788  mean  130.107  sigma 0.853  (  635s)
gen 120  best  133.944  mean  132.218  sigma 0.859  (  636s)   REAL hits/ep 1.42
gen 121  best  133.937  mean  131.976  sigma 0.869  (  652s)
gen 122  best  131.606  mean  129.391  sigma 0.881  (  653s)
gen 123  best  131.382  mean  129.284  sigma 0.886  (  655s)
gen 124  best  132.914  mean  131.578  sigma 0.888  (  656s)
gen 125  best  133.547  mean  131.112  sigma 0.889  (  658s)   REAL hits/ep 1.29
gen 126  best  133.857  mean  132.301  sigma 0.893  (  674s)
gen 127  best  132.610  mean  130.529  sigma 0.903  (  675s)
gen 128  best  131.923  mean  129.488  sigma 0.921  (  677s)
gen 129  best  131.878  mean  129.791  sigma 0.930  (  678s)
gen 130  best  132.185  mean  130.641  sigma 0.926  (  680s)   REAL hits/ep 1.25
gen 131  best  131.504  mean  130.162  sigma 0.912  (  696s)
gen 132  best  131.440  mean  130.108  sigma 0.908  (  698s)
gen 133  best  131.686  mean  129.789  sigma 0.900  (  700s)
gen 134  best  132.540  mean  131.073  sigma 0.899  (  701s)
gen 135  best  134.588  mean  131.850  sigma 0.904  (  703s)   REAL hits/ep 1.29
gen 136  best  133.570  mean  132.132  sigma 0.900  (  719s)
gen 137  best  133.578  mean  131.642  sigma 0.898  (  720s)
gen 138  best  130.647  mean  129.174  sigma 0.907  (  722s)
gen 139  best  133.268  mean  131.680  sigma 0.913  (  724s)
gen 140  best  132.226  mean  130.660  sigma 0.903  (  725s)   REAL hits/ep 1.38
gen 141  best  131.963  mean  129.570  sigma 0.896  (  743s)
gen 142  best  131.757  mean  129.609  sigma 0.899  (  745s)
gen 143  best  132.788  mean  129.863  sigma 0.909  (  746s)
gen 144  best  132.484  mean  130.120  sigma 0.912  (  749s)
gen 145  best  132.284  mean  130.375  sigma 0.909  (  750s)   REAL hits/ep 1.21
gen 146  best  134.314  mean  132.982  sigma 0.902  (  769s)
gen 147  best  134.024  mean  132.770  sigma 0.888  (  770s)
gen 148  best  133.437  mean  131.658  sigma 0.878  (  772s)
gen 149  best  133.294  mean  131.707  sigma 0.870  (  773s)
gen 150  best  132.713  mean  130.628  sigma 0.876  (  775s)   REAL hits/ep 1.25
gen 151  best  132.699  mean  129.856  sigma 0.882  (  792s)
gen 152  best  133.419  mean  131.809  sigma 0.889  (  793s)
gen 153  best  135.424  mean  132.609  sigma 0.889  (  795s)
gen 154  best  134.362  mean  132.325  sigma 0.883  (  796s)
gen 155  best  133.489  mean  131.585  sigma 0.878  (  797s)   REAL hits/ep 1.38
gen 156  best  132.259  mean  130.126  sigma 0.874  (  814s)
gen 157  best  133.831  mean  132.295  sigma 0.869  (  815s)
gen 158  best  134.929  mean  132.749  sigma 0.863  (  817s)
gen 159  best  132.825  mean  130.669  sigma 0.861  (  818s)
gen 160  best  135.186  mean  133.604  sigma 0.864  (  820s)   REAL hits/ep 1.17
gen 161  best  133.374  mean  131.587  sigma 0.864  (  846s)
gen 162  best  132.297  mean  130.810  sigma 0.861  (  849s)
gen 163  best  133.477  mean  131.340  sigma 0.858  (  851s)
gen 164  best  132.004  mean  130.765  sigma 0.859  (  853s)
gen 165  best  134.207  mean  132.175  sigma 0.857  (  854s)   REAL hits/ep 1.12
gen 166  best  133.858  mean  132.258  sigma 0.855  (  876s)
gen 167  best  133.530  mean  132.336  sigma 0.852  (  878s)
gen 168  best  133.171  mean  130.508  sigma 0.852  (  879s)
gen 169  best  132.884  mean  131.260  sigma 0.851  (  881s)
gen 170  best  133.971  mean  132.606  sigma 0.842  (  882s)   REAL hits/ep 1.04
gen 171  best  131.391  mean  129.161  sigma 0.836  (  903s)
gen 172  best  132.128  mean  130.525  sigma 0.830  (  906s)
gen 173  best  132.465  mean  131.316  sigma 0.816  (  908s)
gen 174  best  133.838  mean  131.726  sigma 0.805  (  910s)
gen 175  best  131.818  mean  129.899  sigma 0.786  (  912s)   REAL hits/ep 1.12
gen 176  best  133.165  mean  130.943  sigma 0.765  (  930s)
gen 177  best  134.581  mean  132.672  sigma 0.748  (  932s)
gen 178  best  134.091  mean  130.887  sigma 0.734  (  933s)
gen 179  best  131.618  mean  130.181  sigma 0.713  (  935s)
gen 180  best  133.644  mean  131.950  sigma 0.700  (  937s)   REAL hits/ep 1.04
gen 181  best  134.267  mean  131.748  sigma 0.691  (  955s)
gen 182  best  133.354  mean  131.462  sigma 0.685  (  956s)
gen 183  best  132.587  mean  129.771  sigma 0.681  (  958s)
gen 184  best  132.143  mean  130.601  sigma 0.670  (  960s)
gen 185  best  135.856  mean  133.085  sigma 0.662  (  961s)   REAL hits/ep 1.08
gen 186  best  133.412  mean  132.067  sigma 0.659  (  973s)
gen 187  best  132.002  mean  130.854  sigma 0.660  (  974s)
gen 188  best  131.966  mean  130.565  sigma 0.657  (  975s)
gen 189  best  132.889  mean  131.055  sigma 0.654  (  976s)
gen 190  best  134.846  mean  132.812  sigma 0.647  (  977s)   REAL hits/ep 1.17
gen 191  best  132.442  mean  131.113  sigma 0.630  (  992s)
gen 192  best  133.553  mean  131.982  sigma 0.632  (  993s)
gen 193  best  131.977  mean  130.195  sigma 0.629  (  994s)
gen 194  best  132.831  mean  130.193  sigma 0.636  (  996s)
gen 195  best  135.156  mean  132.876  sigma 0.640  (  997s)   REAL hits/ep 1.17
gen 196  best  134.948  mean  132.912  sigma 0.639  ( 1009s)
gen 197  best  131.657  mean  129.888  sigma 0.647  ( 1011s)
gen 198  best  132.670  mean  130.605  sigma 0.651  ( 1012s)
gen 199  best  133.817  mean  131.574  sigma 0.653  ( 1013s)   REAL hits/ep 1.12

best real hits/ep 1.583 | final dream fitness 133.817 | 1024s -> runs/ctrl_v2_z_only
