M: runs/rnn_v1/rnn.pt  z_dim 16  hidden 256  K 5
computing input normalisation from the training set ...
  38400 samples; h std in [0.1004, 0.8413]; 0 dead LSTM units
C: inputs=zh  in_dim=272  n_params=819
start pool: 450 episodes x 200 steps
gen   0  best   12.321  mean   10.448  sigma 0.495  (    2s)   REAL hits/ep 1.12
gen   1  best   13.182  mean   11.967  sigma 0.489  (   14s)
gen   2  best   13.105  mean   12.418  sigma 0.485  (   15s)
gen   3  best   13.346  mean   12.527  sigma 0.481  (   17s)
gen   4  best   13.876  mean   12.654  sigma 0.477  (   18s)
gen   5  best   13.762  mean   12.896  sigma 0.473  (   19s)   REAL hits/ep 1.21
gen   6  best   13.927  mean   13.133  sigma 0.469  (   30s)
gen   7  best   13.534  mean   13.030  sigma 0.466  (   31s)
gen   8  best   13.660  mean   13.191  sigma 0.462  (   33s)
gen   9  best   14.204  mean   13.585  sigma 0.459  (   34s)
gen  10  best   13.689  mean   13.204  sigma 0.456  (   35s)   REAL hits/ep 1.38
gen  11  best   14.533  mean   13.364  sigma 0.453  (   46s)
gen  12  best   13.814  mean   13.243  sigma 0.451  (   48s)
gen  13  best   13.927  mean   13.396  sigma 0.448  (   49s)
gen  14  best   13.967  mean   13.372  sigma 0.446  (   50s)
gen  15  best   14.200  mean   13.563  sigma 0.443  (   52s)   REAL hits/ep 1.42
gen  16  best   13.815  mean   13.331  sigma 0.441  (   63s)
gen  17  best   14.159  mean   13.617  sigma 0.439  (   64s)
gen  18  best   14.225  mean   13.711  sigma 0.436  (   65s)
gen  19  best   14.905  mean   14.180  sigma 0.434  (   66s)
gen  20  best   14.262  mean   13.617  sigma 0.432  (   68s)   REAL hits/ep 1.38
gen  21  best   13.912  mean   13.495  sigma 0.431  (   79s)
gen  22  best   14.138  mean   13.627  sigma 0.429  (   80s)
gen  23  best   14.039  mean   13.742  sigma 0.427  (   82s)
gen  24  best   14.295  mean   13.791  sigma 0.425  (   83s)
gen  25  best   14.264  mean   13.701  sigma 0.424  (   84s)   REAL hits/ep 1.08
gen  26  best   14.353  mean   13.703  sigma 0.422  (   95s)
gen  27  best   14.216  mean   13.800  sigma 0.421  (   97s)
gen  28  best   14.452  mean   13.962  sigma 0.419  (   98s)
gen  29  best   14.309  mean   13.878  sigma 0.418  (   99s)
gen  30  best   14.779  mean   14.227  sigma 0.416  (  100s)   REAL hits/ep 1.38
gen  31  best   14.176  mean   13.730  sigma 0.415  (  112s)
gen  32  best   14.515  mean   13.982  sigma 0.414  (  113s)
gen  33  best   14.410  mean   14.021  sigma 0.413  (  114s)
gen  34  best   14.464  mean   13.854  sigma 0.412  (  115s)
gen  35  best   14.553  mean   13.872  sigma 0.410  (  117s)   REAL hits/ep 1.42
gen  36  best   14.556  mean   13.985  sigma 0.409  (  128s)
gen  37  best   14.424  mean   13.981  sigma 0.408  (  129s)
gen  38  best   14.346  mean   13.835  sigma 0.407  (  131s)
gen  39  best   14.595  mean   13.916  sigma 0.406  (  132s)
gen  40  best   14.166  mean   13.762  sigma 0.405  (  133s)   REAL hits/ep 1.42
gen  41  best   14.192  mean   13.865  sigma 0.404  (  145s)
gen  42  best   14.499  mean   13.951  sigma 0.403  (  146s)
gen  43  best   14.442  mean   13.852  sigma 0.403  (  147s)
gen  44  best   14.524  mean   13.889  sigma 0.402  (  149s)
gen  45  best   14.486  mean   13.993  sigma 0.401  (  150s)   REAL hits/ep 1.25
gen  46  best   14.174  mean   13.734  sigma 0.400  (  161s)
gen  47  best   14.284  mean   13.894  sigma 0.400  (  162s)
gen  48  best   14.313  mean   13.914  sigma 0.399  (  163s)
gen  49  best   14.332  mean   13.952  sigma 0.398  (  165s)
gen  50  best   14.419  mean   14.019  sigma 0.398  (  166s)   REAL hits/ep 1.46
gen  51  best   14.052  mean   13.744  sigma 0.397  (  177s)
gen  52  best   14.301  mean   13.955  sigma 0.396  (  178s)
gen  53  best   14.143  mean   13.735  sigma 0.396  (  180s)
gen  54  best   14.566  mean   13.883  sigma 0.395  (  181s)
gen  55  best   14.234  mean   13.869  sigma 0.395  (  182s)   REAL hits/ep 1.46
gen  56  best   14.531  mean   14.105  sigma 0.394  (  194s)
gen  57  best   14.518  mean   14.021  sigma 0.394  (  195s)
gen  58  best   14.452  mean   14.011  sigma 0.393  (  196s)
gen  59  best   14.211  mean   13.891  sigma 0.393  (  198s)
gen  60  best   14.423  mean   13.914  sigma 0.393  (  199s)   REAL hits/ep 1.71
gen  61  best   14.393  mean   13.913  sigma 0.392  (  210s)
gen  62  best   14.587  mean   13.951  sigma 0.392  (  212s)
gen  63  best   14.257  mean   13.781  sigma 0.391  (  213s)
gen  64  best   14.319  mean   13.938  sigma 0.391  (  214s)
gen  65  best   14.412  mean   13.900  sigma 0.391  (  216s)   REAL hits/ep 1.42
gen  66  best   14.394  mean   13.990  sigma 0.390  (  228s)
gen  67  best   14.181  mean   13.819  sigma 0.390  (  229s)
gen  68  best   14.251  mean   13.920  sigma 0.390  (  230s)
gen  69  best   14.363  mean   13.878  sigma 0.389  (  231s)
gen  70  best   14.389  mean   14.090  sigma 0.389  (  233s)   REAL hits/ep 1.54
gen  71  best   14.276  mean   13.887  sigma 0.389  (  244s)
gen  72  best   14.688  mean   14.125  sigma 0.388  (  246s)
gen  73  best   14.557  mean   13.934  sigma 0.388  (  247s)
gen  74  best   14.397  mean   13.924  sigma 0.388  (  248s)
gen  75  best   14.332  mean   14.021  sigma 0.388  (  250s)   REAL hits/ep 1.62
gen  76  best   14.502  mean   13.991  sigma 0.387  (  261s)
gen  77  best   14.504  mean   14.044  sigma 0.387  (  263s)
gen  78  best   14.423  mean   13.885  sigma 0.387  (  264s)
gen  79  best   14.659  mean   14.113  sigma 0.387  (  265s)
gen  80  best   14.607  mean   14.050  sigma 0.386  (  266s)   REAL hits/ep 1.75
gen  81  best   14.389  mean   14.083  sigma 0.386  (  278s)
gen  82  best   14.414  mean   13.926  sigma 0.386  (  279s)
gen  83  best   14.771  mean   13.997  sigma 0.386  (  280s)
gen  84  best   14.598  mean   14.026  sigma 0.385  (  282s)
gen  85  best   14.733  mean   14.013  sigma 0.385  (  283s)   REAL hits/ep 1.62
gen  86  best   14.531  mean   14.025  sigma 0.385  (  294s)
gen  87  best   14.285  mean   13.837  sigma 0.385  (  295s)
gen  88  best   14.655  mean   13.990  sigma 0.385  (  297s)
gen  89  best   14.288  mean   13.918  sigma 0.384  (  298s)
gen  90  best   14.314  mean   14.001  sigma 0.384  (  299s)   REAL hits/ep 2.54
gen  91  best   14.693  mean   14.161  sigma 0.384  (  311s)
gen  92  best   14.396  mean   13.993  sigma 0.384  (  312s)
gen  93  best   14.552  mean   13.918  sigma 0.384  (  313s)
gen  94  best   14.569  mean   13.791  sigma 0.384  (  314s)
gen  95  best   14.763  mean   14.206  sigma 0.384  (  316s)   REAL hits/ep 2.08
gen  96  best   14.689  mean   14.106  sigma 0.383  (  327s)
gen  97  best   14.574  mean   14.013  sigma 0.383  (  328s)
gen  98  best   14.671  mean   13.972  sigma 0.383  (  329s)
gen  99  best   14.627  mean   14.026  sigma 0.383  (  330s)
gen 100  best   14.465  mean   13.967  sigma 0.383  (  332s)   REAL hits/ep 2.54
gen 101  best   14.252  mean   13.817  sigma 0.383  (  343s)
gen 102  best   14.296  mean   13.831  sigma 0.383  (  344s)
gen 103  best   14.487  mean   13.911  sigma 0.382  (  345s)
gen 104  best   14.622  mean   13.998  sigma 0.382  (  347s)
gen 105  best   14.538  mean   14.005  sigma 0.382  (  348s)   REAL hits/ep 1.75
gen 106  best   14.571  mean   14.059  sigma 0.382  (  359s)
gen 107  best   14.663  mean   14.025  sigma 0.382  (  361s)
gen 108  best   14.487  mean   14.090  sigma 0.382  (  362s)
gen 109  best   14.526  mean   14.048  sigma 0.382  (  363s)
gen 110  best   14.810  mean   14.090  sigma 0.382  (  365s)   REAL hits/ep 2.50
gen 111  best   14.434  mean   13.988  sigma 0.382  (  376s)
gen 112  best   14.573  mean   14.159  sigma 0.381  (  377s)
gen 113  best   14.490  mean   13.986  sigma 0.381  (  379s)
gen 114  best   14.683  mean   14.161  sigma 0.382  (  380s)
gen 115  best   14.306  mean   13.861  sigma 0.382  (  381s)   REAL hits/ep 1.83
gen 116  best   14.362  mean   14.083  sigma 0.382  (  392s)
gen 117  best   14.848  mean   14.270  sigma 0.382  (  394s)
gen 118  best   14.620  mean   14.097  sigma 0.382  (  395s)
gen 119  best   14.632  mean   14.124  sigma 0.382  (  396s)
gen 120  best   14.846  mean   14.267  sigma 0.382  (  398s)   REAL hits/ep 1.96
gen 121  best   14.856  mean   14.335  sigma 0.382  (  409s)
gen 122  best   14.526  mean   13.918  sigma 0.382  (  410s)
gen 123  best   14.581  mean   13.986  sigma 0.382  (  412s)
gen 124  best   14.442  mean   14.115  sigma 0.382  (  413s)
gen 125  best   14.719  mean   14.138  sigma 0.382  (  414s)   REAL hits/ep 1.46
gen 126  best   14.894  mean   14.317  sigma 0.382  (  425s)
gen 127  best   14.402  mean   14.082  sigma 0.382  (  427s)
gen 128  best   14.644  mean   14.079  sigma 0.382  (  428s)
gen 129  best   14.461  mean   14.078  sigma 0.382  (  429s)
gen 130  best   14.638  mean   14.083  sigma 0.382  (  431s)   REAL hits/ep 1.29
gen 131  best   14.525  mean   14.083  sigma 0.382  (  442s)
gen 132  best   14.487  mean   13.849  sigma 0.382  (  443s)
gen 133  best   14.815  mean   14.399  sigma 0.382  (  444s)
gen 134  best   14.800  mean   14.242  sigma 0.382  (  446s)
gen 135  best   14.473  mean   13.972  sigma 0.382  (  447s)   REAL hits/ep 1.71
gen 136  best   14.739  mean   14.115  sigma 0.382  (  458s)
gen 137  best   14.593  mean   13.930  sigma 0.382  (  459s)
gen 138  best   14.373  mean   14.011  sigma 0.382  (  461s)
gen 139  best   14.730  mean   14.166  sigma 0.382  (  462s)
gen 140  best   14.454  mean   13.871  sigma 0.382  (  463s)   REAL hits/ep 1.29
gen 141  best   14.428  mean   13.937  sigma 0.382  (  474s)
gen 142  best   14.260  mean   13.987  sigma 0.382  (  476s)
gen 143  best   14.545  mean   14.062  sigma 0.383  (  477s)
gen 144  best   14.368  mean   13.991  sigma 0.383  (  478s)
gen 145  best   14.603  mean   14.090  sigma 0.383  (  480s)   REAL hits/ep 1.75
gen 146  best   14.618  mean   14.169  sigma 0.383  (  491s)
gen 147  best   14.620  mean   14.110  sigma 0.383  (  492s)
gen 148  best   14.645  mean   14.152  sigma 0.383  (  494s)
gen 149  best   14.524  mean   14.085  sigma 0.382  (  495s)
gen 150  best   14.453  mean   14.064  sigma 0.382  (  496s)   REAL hits/ep 1.50
gen 151  best   14.702  mean   14.186  sigma 0.382  (  508s)
gen 152  best   14.288  mean   13.952  sigma 0.382  (  509s)
gen 153  best   14.672  mean   14.205  sigma 0.382  (  510s)
gen 154  best   14.796  mean   14.244  sigma 0.382  (  511s)
gen 155  best   14.716  mean   14.114  sigma 0.382  (  513s)   REAL hits/ep 1.71
gen 156  best   14.467  mean   13.875  sigma 0.382  (  524s)
gen 157  best   14.528  mean   13.970  sigma 0.382  (  525s)
gen 158  best   14.560  mean   14.097  sigma 0.382  (  527s)
gen 159  best   14.685  mean   14.128  sigma 0.382  (  528s)
gen 160  best   14.823  mean   14.173  sigma 0.383  (  529s)   REAL hits/ep 1.54
gen 161  best   14.529  mean   14.123  sigma 0.383  (  541s)
gen 162  best   14.786  mean   14.211  sigma 0.383  (  542s)
gen 163  best   14.504  mean   14.044  sigma 0.383  (  543s)
gen 164  best   14.583  mean   14.161  sigma 0.383  (  544s)
gen 165  best   14.605  mean   14.046  sigma 0.383  (  546s)   REAL hits/ep 1.54
gen 166  best   14.913  mean   14.156  sigma 0.383  (  557s)
gen 167  best   14.447  mean   14.022  sigma 0.383  (  559s)
gen 168  best   14.647  mean   14.115  sigma 0.383  (  560s)
gen 169  best   14.597  mean   14.080  sigma 0.383  (  561s)
gen 170  best   14.601  mean   14.215  sigma 0.383  (  562s)   REAL hits/ep 1.67
gen 171  best   14.626  mean   14.073  sigma 0.383  (  574s)
gen 172  best   14.612  mean   13.992  sigma 0.383  (  575s)
gen 173  best   14.519  mean   14.038  sigma 0.383  (  576s)
gen 174  best   14.532  mean   13.980  sigma 0.383  (  577s)
gen 175  best   14.594  mean   14.154  sigma 0.383  (  578s)   REAL hits/ep 1.83
gen 176  best   15.161  mean   14.233  sigma 0.383  (  590s)
gen 177  best   14.563  mean   14.064  sigma 0.383  (  591s)
gen 178  best   15.090  mean   14.188  sigma 0.382  (  592s)
gen 179  best   14.992  mean   14.360  sigma 0.382  (  593s)
gen 180  best   14.484  mean   13.974  sigma 0.382  (  595s)   REAL hits/ep 1.92
gen 181  best   14.603  mean   14.094  sigma 0.382  (  606s)
gen 182  best   14.686  mean   14.008  sigma 0.382  (  607s)
gen 183  best   14.602  mean   14.077  sigma 0.382  (  608s)
gen 184  best   15.120  mean   14.177  sigma 0.382  (  610s)
gen 185  best   14.697  mean   14.234  sigma 0.382  (  611s)   REAL hits/ep 2.04
gen 186  best   14.601  mean   14.141  sigma 0.382  (  623s)
gen 187  best   14.659  mean   14.140  sigma 0.382  (  624s)
gen 188  best   14.675  mean   14.103  sigma 0.382  (  625s)
gen 189  best   14.667  mean   14.155  sigma 0.382  (  626s)
gen 190  best   14.469  mean   14.029  sigma 0.382  (  627s)   REAL hits/ep 1.75
gen 191  best   14.709  mean   13.979  sigma 0.381  (  635s)
gen 192  best   14.496  mean   14.125  sigma 0.381  (  636s)
gen 193  best   14.432  mean   14.049  sigma 0.381  (  636s)
gen 194  best   14.483  mean   14.037  sigma 0.381  (  637s)
gen 195  best   14.902  mean   14.240  sigma 0.381  (  638s)   REAL hits/ep 1.58
gen 196  best   14.690  mean   14.197  sigma 0.381  (  646s)
gen 197  best   14.437  mean   13.924  sigma 0.381  (  647s)
gen 198  best   14.813  mean   14.216  sigma 0.381  (  648s)
gen 199  best   14.430  mean   14.029  sigma 0.381  (  649s)   REAL hits/ep 2.04

best real hits/ep 2.542 | final dream fitness 14.430 | 655s -> runs/ctrl_v1
