real env: {'ball_radius': 0.08, 'mass_from_color': False, 'mass_holdout': None, 'mass_only': None, 'occluder': True, 'occluder_y': [0.13, 0.63], 'paddle_w': 0.16, 'gravity': 0.0, 'launch_min_angle': None}
M: runs/rnn_v31/rnn.pt  z_dim 16  hidden 256  K 5
computing input normalisation from the training set ...
  38400 samples; h std in [0.0730, 0.7086]; 0 dead LSTM units
C: inputs=zh  in_dim=272  n_params=819
start pool: 450 episodes x 200 steps
gen   0  best  128.305  mean  111.490  sigma 0.494  (    1s)   REAL hits/ep 0.67
gen   1  best  125.991  mean  109.557  sigma 0.489  (   15s)
gen   2  best  128.943  mean  112.707  sigma 0.485  (   17s)
gen   3  best  129.120  mean  113.827  sigma 0.480  (   19s)
gen   4  best  136.385  mean  115.045  sigma 0.476  (   20s)
gen   5  best  151.120  mean  120.584  sigma 0.472  (   24s)   REAL hits/ep 0.71
gen   6  best  143.669  mean  125.727  sigma 0.469  (   47s)
gen   7  best  149.811  mean  124.949  sigma 0.465  (   48s)
gen   8  best  143.991  mean  123.872  sigma 0.462  (   50s)
gen   9  best  158.509  mean  129.963  sigma 0.459  (   51s)
gen  10  best  147.900  mean  130.134  sigma 0.456  (   53s)   REAL hits/ep 0.88
gen  11  best  152.229  mean  130.403  sigma 0.453  (   66s)
gen  12  best  154.019  mean  136.296  sigma 0.451  (   68s)
gen  13  best  157.869  mean  141.450  sigma 0.448  (   69s)
gen  14  best  156.121  mean  139.960  sigma 0.446  (   70s)
gen  15  best  160.297  mean  144.396  sigma 0.443  (   72s)   REAL hits/ep 0.71
gen  16  best  163.745  mean  145.560  sigma 0.441  (   98s)
gen  17  best  159.240  mean  147.048  sigma 0.439  (  102s)
gen  18  best  161.450  mean  148.603  sigma 0.437  (  105s)
gen  19  best  161.256  mean  152.560  sigma 0.435  (  108s)
gen  20  best  162.343  mean  154.044  sigma 0.433  (  111s)   REAL hits/ep 0.67
gen  21  best  160.462  mean  155.268  sigma 0.431  (  135s)
gen  22  best  160.920  mean  152.671  sigma 0.429  (  137s)
gen  23  best  161.637  mean  155.912  sigma 0.427  (  138s)
gen  24  best  161.031  mean  158.954  sigma 0.426  (  140s)
gen  25  best  161.455  mean  155.844  sigma 0.424  (  141s)   REAL hits/ep 0.58
gen  26  best  161.936  mean  157.454  sigma 0.423  (  159s)
gen  27  best  164.963  mean  158.773  sigma 0.421  (  161s)
gen  28  best  164.455  mean  161.572  sigma 0.420  (  163s)
gen  29  best  163.976  mean  156.895  sigma 0.419  (  164s)
gen  30  best  158.563  mean  153.407  sigma 0.417  (  166s)   REAL hits/ep 0.83
gen  31  best  164.551  mean  160.501  sigma 0.416  (  184s)
gen  32  best  164.059  mean  158.899  sigma 0.415  (  187s)
gen  33  best  163.170  mean  160.563  sigma 0.414  (  189s)
gen  34  best  162.500  mean  159.770  sigma 0.413  (  191s)
gen  35  best  164.950  mean  162.189  sigma 0.412  (  193s)   REAL hits/ep 0.88
gen  36  best  164.444  mean  161.844  sigma 0.411  (  216s)
gen  37  best  162.759  mean  160.311  sigma 0.410  (  218s)
gen  38  best  161.892  mean  158.689  sigma 0.409  (  222s)
gen  39  best  164.729  mean  161.772  sigma 0.408  (  223s)
gen  40  best  163.796  mean  160.915  sigma 0.407  (  225s)   REAL hits/ep 0.75
gen  41  best  164.246  mean  162.358  sigma 0.406  (  249s)
gen  42  best  162.031  mean  159.791  sigma 0.405  (  251s)
gen  43  best  164.026  mean  161.542  sigma 0.405  (  252s)
gen  44  best  165.177  mean  162.929  sigma 0.404  (  254s)
gen  45  best  165.477  mean  163.277  sigma 0.403  (  257s)   REAL hits/ep 0.79
gen  46  best  166.186  mean  164.142  sigma 0.402  (  278s)
gen  47  best  163.523  mean  161.237  sigma 0.402  (  282s)
gen  48  best  165.120  mean  161.663  sigma 0.401  (  284s)
gen  49  best  164.921  mean  163.001  sigma 0.400  (  285s)
gen  50  best  163.949  mean  161.755  sigma 0.399  (  287s)   REAL hits/ep 0.79
gen  51  best  165.676  mean  164.097  sigma 0.399  (  306s)
gen  52  best  164.397  mean  163.608  sigma 0.398  (  307s)
gen  53  best  164.476  mean  162.665  sigma 0.397  (  308s)
gen  54  best  165.263  mean  163.283  sigma 0.397  (  309s)
gen  55  best  162.808  mean  161.665  sigma 0.396  (  311s)   REAL hits/ep 0.62
gen  56  best  165.989  mean  163.772  sigma 0.396  (  330s)
gen  57  best  162.179  mean  158.110  sigma 0.395  (  333s)
gen  58  best  163.632  mean  160.820  sigma 0.395  (  337s)
gen  59  best  164.624  mean  163.757  sigma 0.394  (  338s)
gen  60  best  165.026  mean  164.316  sigma 0.394  (  340s)   REAL hits/ep 0.75
gen  61  best  163.413  mean  162.288  sigma 0.394  (  362s)
gen  62  best  165.202  mean  163.462  sigma 0.393  (  363s)
gen  63  best  163.106  mean  161.819  sigma 0.393  (  364s)
gen  64  best  166.335  mean  165.013  sigma 0.392  (  366s)
gen  65  best  165.056  mean  162.168  sigma 0.392  (  368s)   REAL hits/ep 0.75
gen  66  best  163.990  mean  162.189  sigma 0.392  (  384s)
gen  67  best  164.721  mean  163.612  sigma 0.392  (  386s)
gen  68  best  165.678  mean  164.853  sigma 0.391  (  391s)
gen  69  best  163.219  mean  162.281  sigma 0.391  (  394s)
gen  70  best  167.119  mean  166.378  sigma 0.391  (  395s)   REAL hits/ep 0.71
gen  71  best  164.446  mean  163.514  sigma 0.391  (  411s)
gen  72  best  164.591  mean  164.164  sigma 0.390  (  412s)
gen  73  best  162.676  mean  161.872  sigma 0.390  (  415s)
gen  74  best  164.598  mean  162.940  sigma 0.390  (  417s)
gen  75  best  164.109  mean  162.809  sigma 0.390  (  418s)   REAL hits/ep 0.75
gen  76  best  162.414  mean  160.889  sigma 0.390  (  432s)
gen  77  best  164.903  mean  164.426  sigma 0.390  (  433s)
gen  78  best  164.527  mean  163.822  sigma 0.389  (  434s)
gen  79  best  162.671  mean  162.041  sigma 0.389  (  434s)
gen  80  best  165.698  mean  164.719  sigma 0.389  (  435s)   REAL hits/ep 0.67
gen  81  best  164.330  mean  163.461  sigma 0.389  (  446s)
gen  82  best  167.497  mean  166.749  sigma 0.389  (  447s)
gen  83  best  163.815  mean  162.445  sigma 0.389  (  447s)
gen  84  best  164.800  mean  162.816  sigma 0.389  (  448s)
gen  85  best  165.642  mean  164.632  sigma 0.389  (  450s)   REAL hits/ep 0.54
gen  86  best  164.514  mean  162.799  sigma 0.388  (  463s)
gen  87  best  164.031  mean  163.406  sigma 0.388  (  463s)
gen  88  best  164.199  mean  162.995  sigma 0.388  (  464s)
gen  89  best  163.358  mean  160.941  sigma 0.388  (  465s)
gen  90  best  165.368  mean  164.310  sigma 0.388  (  466s)   REAL hits/ep 0.62
gen  91  best  165.404  mean  164.176  sigma 0.388  (  477s)
gen  92  best  165.285  mean  162.818  sigma 0.388  (  477s)
gen  93  best  163.428  mean  161.414  sigma 0.388  (  478s)
gen  94  best  164.727  mean  162.510  sigma 0.388  (  479s)
gen  95  best  166.709  mean  165.432  sigma 0.388  (  480s)   REAL hits/ep 0.54
gen  96  best  165.846  mean  164.782  sigma 0.388  (  491s)
gen  97  best  164.764  mean  163.330  sigma 0.387  (  492s)
gen  98  best  165.285  mean  163.463  sigma 0.387  (  494s)
gen  99  best  165.518  mean  163.591  sigma 0.387  (  496s)
gen 100  best  164.078  mean  163.240  sigma 0.387  (  499s)   REAL hits/ep 0.58
gen 101  best  163.055  mean  162.438  sigma 0.387  (  521s)
gen 102  best  165.357  mean  164.875  sigma 0.387  (  523s)
gen 103  best  165.467  mean  164.378  sigma 0.387  (  525s)
gen 104  best  165.601  mean  165.137  sigma 0.387  (  527s)
gen 105  best  165.380  mean  164.800  sigma 0.388  (  529s)   REAL hits/ep 0.54
gen 106  best  166.112  mean  164.295  sigma 0.388  (  544s)
gen 107  best  164.850  mean  163.615  sigma 0.388  (  545s)
gen 108  best  162.076  mean  160.907  sigma 0.388  (  546s)
gen 109  best  163.899  mean  160.729  sigma 0.388  (  547s)
gen 110  best  164.557  mean  161.648  sigma 0.388  (  549s)   REAL hits/ep 0.62
gen 111  best  166.607  mean  166.195  sigma 0.388  (  561s)
gen 112  best  162.580  mean  159.119  sigma 0.388  (  562s)
gen 113  best  165.150  mean  161.204  sigma 0.388  (  563s)
gen 114  best  166.344  mean  164.538  sigma 0.388  (  566s)
gen 115  best  163.124  mean  161.843  sigma 0.388  (  567s)   REAL hits/ep 0.54
gen 116  best  165.762  mean  164.313  sigma 0.388  (  578s)
gen 117  best  164.325  mean  162.871  sigma 0.388  (  579s)
gen 118  best  163.679  mean  161.479  sigma 0.388  (  580s)
gen 119  best  166.344  mean  164.326  sigma 0.388  (  581s)
gen 120  best  164.489  mean  163.744  sigma 0.388  (  582s)   REAL hits/ep 0.62
gen 121  best  165.966  mean  165.218  sigma 0.388  (  593s)
gen 122  best  163.024  mean  162.370  sigma 0.388  (  595s)
gen 123  best  166.968  mean  166.490  sigma 0.388  (  596s)
gen 124  best  165.072  mean  164.742  sigma 0.388  (  597s)
gen 125  best  165.437  mean  164.788  sigma 0.389  (  598s)   REAL hits/ep 0.54
gen 126  best  165.612  mean  164.597  sigma 0.389  (  622s)
gen 127  best  164.111  mean  162.530  sigma 0.389  (  623s)
gen 128  best  162.628  mean  162.194  sigma 0.389  (  624s)
gen 129  best  164.751  mean  163.240  sigma 0.389  (  626s)
gen 130  best  165.581  mean  164.632  sigma 0.389  (  627s)   REAL hits/ep 0.54
gen 131  best  165.138  mean  163.408  sigma 0.389  (  641s)
gen 132  best  166.611  mean  166.141  sigma 0.389  (  643s)
gen 133  best  166.615  mean  165.774  sigma 0.389  (  644s)
gen 134  best  164.491  mean  161.722  sigma 0.389  (  645s)
gen 135  best  165.400  mean  163.810  sigma 0.389  (  648s)   REAL hits/ep 0.67
gen 136  best  162.836  mean  161.629  sigma 0.389  (  663s)
gen 137  best  165.504  mean  163.817  sigma 0.390  (  664s)
gen 138  best  165.268  mean  164.127  sigma 0.390  (  665s)
gen 139  best  165.462  mean  163.717  sigma 0.390  (  667s)
gen 140  best  164.351  mean  162.063  sigma 0.390  (  668s)   REAL hits/ep 0.58
gen 141  best  163.637  mean  162.761  sigma 0.390  (  683s)
gen 142  best  164.794  mean  163.707  sigma 0.390  (  685s)
gen 143  best  163.521  mean  161.989  sigma 0.390  (  688s)
gen 144  best  163.312  mean  162.608  sigma 0.390  (  690s)
gen 145  best  163.984  mean  162.978  sigma 0.390  (  691s)   REAL hits/ep 0.75
gen 146  best  164.713  mean  163.948  sigma 0.390  (  703s)
gen 147  best  165.130  mean  164.378  sigma 0.390  (  704s)
gen 148  best  166.057  mean  165.443  sigma 0.390  (  708s)
gen 149  best  165.116  mean  164.490  sigma 0.390  (  710s)
gen 150  best  166.005  mean  164.996  sigma 0.390  (  712s)   REAL hits/ep 0.58
gen 151  best  165.937  mean  165.425  sigma 0.390  (  732s)
gen 152  best  163.760  mean  163.025  sigma 0.390  (  734s)
gen 153  best  164.746  mean  163.828  sigma 0.390  (  737s)
gen 154  best  167.330  mean  164.037  sigma 0.390  (  739s)
gen 155  best  164.548  mean  162.873  sigma 0.390  (  740s)   REAL hits/ep 0.54
gen 156  best  164.794  mean  162.500  sigma 0.390  (  757s)
gen 157  best  164.861  mean  164.402  sigma 0.390  (  758s)
gen 158  best  166.878  mean  166.481  sigma 0.391  (  760s)
gen 159  best  163.506  mean  162.966  sigma 0.391  (  761s)
gen 160  best  164.456  mean  164.033  sigma 0.391  (  763s)   REAL hits/ep 0.62
gen 161  best  162.307  mean  161.093  sigma 0.391  (  776s)
gen 162  best  166.179  mean  165.538  sigma 0.391  (  777s)
gen 163  best  165.099  mean  164.302  sigma 0.391  (  779s)
gen 164  best  166.751  mean  166.332  sigma 0.391  (  780s)
gen 165  best  165.838  mean  165.366  sigma 0.391  (  781s)   REAL hits/ep 0.88
gen 166  best  163.560  mean  163.116  sigma 0.391  (  794s)
gen 167  best  166.744  mean  166.220  sigma 0.391  (  795s)
gen 168  best  163.702  mean  163.207  sigma 0.391  (  797s)
gen 169  best  167.267  mean  166.947  sigma 0.391  (  798s)
gen 170  best  164.249  mean  163.863  sigma 0.392  (  799s)   REAL hits/ep 0.71
gen 171  best  164.751  mean  164.439  sigma 0.392  (  812s)
gen 172  best  165.493  mean  164.855  sigma 0.392  (  813s)
gen 173  best  167.534  mean  167.041  sigma 0.392  (  814s)
gen 174  best  165.002  mean  164.600  sigma 0.392  (  815s)
gen 175  best  164.241  mean  163.785  sigma 0.393  (  817s)   REAL hits/ep 0.83
gen 176  best  165.087  mean  164.705  sigma 0.393  (  830s)
gen 177  best  166.905  mean  166.421  sigma 0.393  (  832s)
gen 178  best  165.975  mean  165.399  sigma 0.393  (  833s)
gen 179  best  165.386  mean  164.854  sigma 0.393  (  836s)
gen 180  best  163.969  mean  163.205  sigma 0.393  (  839s)   REAL hits/ep 0.67
gen 181  best  163.908  mean  163.441  sigma 0.393  (  853s)
gen 182  best  165.647  mean  165.211  sigma 0.394  (  854s)
gen 183  best  165.099  mean  164.514  sigma 0.394  (  855s)
gen 184  best  164.218  mean  163.690  sigma 0.394  (  857s)
gen 185  best  164.595  mean  164.117  sigma 0.394  (  858s)   REAL hits/ep 0.79
gen 186  best  164.026  mean  163.538  sigma 0.394  (  868s)
gen 187  best  165.372  mean  165.006  sigma 0.394  (  869s)
gen 188  best  165.808  mean  165.565  sigma 0.395  (  870s)
gen 189  best  163.055  mean  162.457  sigma 0.395  (  870s)
gen 190  best  165.338  mean  164.938  sigma 0.395  (  872s)   REAL hits/ep 0.54
gen 191  best  164.432  mean  164.066  sigma 0.395  (  880s)
gen 192  best  167.119  mean  166.710  sigma 0.395  (  881s)
gen 193  best  165.323  mean  165.101  sigma 0.396  (  881s)
gen 194  best  163.357  mean  162.459  sigma 0.396  (  882s)
gen 195  best  164.403  mean  163.852  sigma 0.396  (  883s)   REAL hits/ep 0.71
gen 196  best  165.673  mean  165.156  sigma 0.396  (  892s)
gen 197  best  166.255  mean  165.880  sigma 0.396  (  892s)
gen 198  best  164.516  mean  164.114  sigma 0.396  (  893s)
gen 199  best  166.094  mean  165.365  sigma 0.397  (  894s)   REAL hits/ep 0.88

best real hits/ep 0.875 | final dream fitness 166.094 | 899s -> runs/ctrl_v31_s1
