real env: {'ball_radius': 0.08, 'mass_from_color': False, 'mass_holdout': None, 'mass_only': None, 'occluder': True, 'occluder_y': None}
M: runs/rnn_v3_emerge/rnn.pt  z_dim 16  hidden 256  K 5
computing input normalisation from the training set ...
  38400 samples; h std in [0.1057, 0.7018]; 0 dead LSTM units
C: inputs=zh  in_dim=272  n_params=819
start pool: 450 episodes x 200 steps
gen   0  best  137.518  mean  110.177  sigma 0.494  (    6s)   REAL hits/ep 1.21
gen   1  best  137.124  mean  119.370  sigma 0.490  (   35s)
gen   2  best  142.094  mean  126.585  sigma 0.485  (   38s)
gen   3  best  140.536  mean  128.686  sigma 0.480  (   41s)
gen   4  best  146.155  mean  131.671  sigma 0.476  (   44s)
gen   5  best  143.071  mean  135.360  sigma 0.472  (   48s)   REAL hits/ep 0.96
gen   6  best  142.316  mean  135.066  sigma 0.469  (   76s)
gen   7  best  146.886  mean  139.755  sigma 0.465  (   79s)
gen   8  best  146.428  mean  141.262  sigma 0.462  (   82s)
gen   9  best  145.670  mean  141.102  sigma 0.459  (   85s)
gen  10  best  145.110  mean  139.656  sigma 0.456  (   88s)   REAL hits/ep 1.17
gen  11  best  147.327  mean  142.457  sigma 0.453  (  115s)
gen  12  best  145.050  mean  140.051  sigma 0.451  (  118s)
gen  13  best  146.835  mean  142.638  sigma 0.448  (  122s)
gen  14  best  142.234  mean  137.770  sigma 0.446  (  126s)
gen  15  best  143.502  mean  139.797  sigma 0.443  (  129s)   REAL hits/ep 0.96
gen  16  best  145.992  mean  141.676  sigma 0.441  (  157s)
gen  17  best  149.227  mean  145.606  sigma 0.439  (  160s)
gen  18  best  149.089  mean  144.746  sigma 0.437  (  163s)
gen  19  best  148.466  mean  144.781  sigma 0.435  (  167s)
gen  20  best  147.934  mean  144.153  sigma 0.433  (  170s)   REAL hits/ep 1.00
gen  21  best  147.152  mean  143.337  sigma 0.431  (  198s)
gen  22  best  147.223  mean  143.213  sigma 0.430  (  201s)
gen  23  best  149.293  mean  146.468  sigma 0.428  (  204s)
gen  24  best  148.610  mean  146.902  sigma 0.426  (  207s)
gen  25  best  148.705  mean  145.686  sigma 0.425  (  210s)   REAL hits/ep 1.00
gen  26  best  147.533  mean  145.268  sigma 0.424  (  238s)
gen  27  best  148.163  mean  145.415  sigma 0.422  (  241s)
gen  28  best  150.690  mean  147.757  sigma 0.421  (  244s)
gen  29  best  146.945  mean  145.172  sigma 0.420  (  248s)
gen  30  best  149.362  mean  146.685  sigma 0.418  (  251s)   REAL hits/ep 1.21
gen  31  best  148.382  mean  145.887  sigma 0.417  (  278s)
gen  32  best  150.464  mean  147.695  sigma 0.416  (  281s)
gen  33  best  149.141  mean  146.827  sigma 0.415  (  284s)
gen  34  best  148.563  mean  146.654  sigma 0.414  (  288s)
gen  35  best  150.358  mean  148.492  sigma 0.413  (  291s)   REAL hits/ep 0.96
gen  36  best  150.616  mean  147.475  sigma 0.412  (  319s)
gen  37  best  150.070  mean  147.199  sigma 0.411  (  322s)
gen  38  best  150.108  mean  148.184  sigma 0.410  (  325s)
gen  39  best  150.225  mean  148.249  sigma 0.409  (  328s)
gen  40  best  150.144  mean  148.116  sigma 0.408  (  333s)   REAL hits/ep 1.25
gen  41  best  152.977  mean  150.664  sigma 0.407  (  361s)
gen  42  best  152.300  mean  149.485  sigma 0.407  (  365s)
gen  43  best  151.076  mean  148.759  sigma 0.406  (  368s)
gen  44  best  152.321  mean  149.856  sigma 0.405  (  371s)
gen  45  best  153.177  mean  150.700  sigma 0.405  (  374s)   REAL hits/ep 1.12
gen  46  best  151.740  mean  150.259  sigma 0.404  (  400s)
gen  47  best  152.813  mean  151.468  sigma 0.404  (  403s)
gen  48  best  153.037  mean  151.343  sigma 0.403  (  406s)
gen  49  best  151.919  mean  150.370  sigma 0.403  (  409s)
gen  50  best  153.026  mean  151.574  sigma 0.402  (  413s)   REAL hits/ep 1.00
gen  51  best  154.440  mean  152.684  sigma 0.402  (  441s)
gen  52  best  152.941  mean  151.876  sigma 0.401  (  444s)
gen  53  best  152.790  mean  151.731  sigma 0.401  (  447s)
gen  54  best  154.466  mean  152.711  sigma 0.401  (  450s)
gen  55  best  154.572  mean  153.148  sigma 0.400  (  453s)   REAL hits/ep 1.25
gen  56  best  154.253  mean  153.285  sigma 0.400  (  481s)
gen  57  best  155.533  mean  154.138  sigma 0.400  (  484s)
gen  58  best  153.181  mean  151.707  sigma 0.399  (  487s)
gen  59  best  154.243  mean  153.575  sigma 0.399  (  490s)
gen  60  best  154.813  mean  153.851  sigma 0.399  (  494s)   REAL hits/ep 1.12
gen  61  best  154.745  mean  153.780  sigma 0.399  (  523s)
gen  62  best  154.013  mean  153.282  sigma 0.399  (  525s)
gen  63  best  153.730  mean  152.653  sigma 0.398  (  529s)
gen  64  best  155.051  mean  154.201  sigma 0.398  (  532s)
gen  65  best  153.664  mean  152.522  sigma 0.398  (  535s)   REAL hits/ep 1.17
gen  66  best  154.370  mean  153.331  sigma 0.398  (  564s)
gen  67  best  154.285  mean  153.244  sigma 0.398  (  567s)
gen  68  best  155.698  mean  154.739  sigma 0.398  (  571s)
gen  69  best  154.209  mean  153.205  sigma 0.397  (  574s)
gen  70  best  155.365  mean  154.270  sigma 0.397  (  577s)   REAL hits/ep 1.21
gen  71  best  154.771  mean  153.998  sigma 0.397  (  607s)
gen  72  best  154.536  mean  153.950  sigma 0.397  (  610s)
gen  73  best  155.497  mean  154.416  sigma 0.397  (  613s)
gen  74  best  154.687  mean  154.113  sigma 0.397  (  616s)
gen  75  best  155.604  mean  155.024  sigma 0.397  (  620s)   REAL hits/ep 1.33
gen  76  best  155.258  mean  154.361  sigma 0.397  (  648s)
gen  77  best  155.102  mean  154.536  sigma 0.396  (  651s)
gen  78  best  155.843  mean  155.097  sigma 0.396  (  654s)
gen  79  best  155.988  mean  155.368  sigma 0.396  (  657s)
gen  80  best  155.568  mean  154.844  sigma 0.396  (  661s)   REAL hits/ep 1.29
gen  81  best  155.871  mean  154.993  sigma 0.396  (  688s)
gen  82  best  155.677  mean  154.959  sigma 0.396  (  691s)
gen  83  best  155.642  mean  154.972  sigma 0.396  (  694s)
gen  84  best  155.256  mean  154.569  sigma 0.396  (  698s)
gen  85  best  156.274  mean  155.741  sigma 0.396  (  701s)   REAL hits/ep 1.29
gen  86  best  155.126  mean  154.277  sigma 0.396  (  729s)
gen  87  best  154.947  mean  154.372  sigma 0.395  (  732s)
gen  88  best  155.643  mean  154.950  sigma 0.395  (  735s)
gen  89  best  154.635  mean  154.142  sigma 0.395  (  738s)
gen  90  best  155.872  mean  155.090  sigma 0.395  (  741s)   REAL hits/ep 1.21
gen  91  best  155.109  mean  154.546  sigma 0.395  (  768s)
gen  92  best  156.750  mean  156.181  sigma 0.395  (  771s)
gen  93  best  154.720  mean  154.086  sigma 0.395  (  774s)
gen  94  best  154.336  mean  153.607  sigma 0.395  (  777s)
gen  95  best  156.196  mean  155.537  sigma 0.395  (  781s)   REAL hits/ep 1.08
gen  96  best  155.165  mean  154.695  sigma 0.395  (  809s)
gen  97  best  155.734  mean  155.066  sigma 0.395  (  812s)
gen  98  best  155.872  mean  155.330  sigma 0.394  (  816s)
gen  99  best  155.911  mean  155.396  sigma 0.394  (  820s)
gen 100  best  155.013  mean  154.443  sigma 0.394  (  823s)   REAL hits/ep 1.04
gen 101  best  155.895  mean  155.218  sigma 0.394  (  852s)
gen 102  best  155.815  mean  155.301  sigma 0.394  (  855s)
gen 103  best  155.779  mean  155.115  sigma 0.394  (  858s)
gen 104  best  154.977  mean  154.546  sigma 0.394  (  861s)
gen 105  best  156.206  mean  155.724  sigma 0.394  (  865s)   REAL hits/ep 1.12
gen 106  best  156.059  mean  155.459  sigma 0.394  (  893s)
gen 107  best  156.256  mean  155.638  sigma 0.394  (  896s)
gen 108  best  156.137  mean  155.684  sigma 0.394  (  900s)
gen 109  best  155.597  mean  154.977  sigma 0.394  (  903s)
gen 110  best  155.251  mean  154.729  sigma 0.394  (  906s)   REAL hits/ep 1.00
gen 111  best  155.148  mean  154.579  sigma 0.394  (  934s)
gen 112  best  156.388  mean  155.819  sigma 0.394  (  937s)
gen 113  best  155.703  mean  155.224  sigma 0.394  (  941s)
gen 114  best  156.200  mean  155.666  sigma 0.394  (  944s)
gen 115  best  155.178  mean  154.505  sigma 0.394  (  947s)   REAL hits/ep 1.17
gen 116  best  156.172  mean  155.636  sigma 0.394  (  975s)
gen 117  best  155.528  mean  154.902  sigma 0.394  (  978s)
gen 118  best  155.263  mean  154.626  sigma 0.394  (  981s)
gen 119  best  156.217  mean  155.740  sigma 0.394  (  984s)
gen 120  best  155.892  mean  154.995  sigma 0.394  (  988s)   REAL hits/ep 1.04
gen 121  best  156.866  mean  156.437  sigma 0.394  ( 1015s)
gen 122  best  154.886  mean  154.315  sigma 0.394  ( 1018s)
gen 123  best  154.565  mean  153.714  sigma 0.394  ( 1021s)
gen 124  best  156.184  mean  155.620  sigma 0.394  ( 1024s)
gen 125  best  155.714  mean  155.248  sigma 0.394  ( 1028s)   REAL hits/ep 1.12
gen 126  best  155.596  mean  155.102  sigma 0.394  ( 1055s)
gen 127  best  155.988  mean  155.399  sigma 0.394  ( 1058s)
gen 128  best  156.024  mean  155.638  sigma 0.394  ( 1062s)
gen 129  best  155.264  mean  154.513  sigma 0.394  ( 1065s)
gen 130  best  155.940  mean  155.491  sigma 0.394  ( 1069s)   REAL hits/ep 1.08
gen 131  best  156.478  mean  155.632  sigma 0.394  ( 1096s)
gen 132  best  154.252  mean  153.943  sigma 0.394  ( 1099s)
gen 133  best  156.597  mean  156.204  sigma 0.394  ( 1101s)
gen 134  best  155.895  mean  155.417  sigma 0.394  ( 1104s)
gen 135  best  154.725  mean  154.299  sigma 0.394  ( 1108s)   REAL hits/ep 1.12
gen 136  best  155.975  mean  155.323  sigma 0.394  ( 1413s)
gen 137  best  155.813  mean  155.227  sigma 0.394  ( 1414s)
gen 138  best  155.686  mean  155.070  sigma 0.394  ( 1416s)
gen 139  best  155.830  mean  155.249  sigma 0.394  ( 1417s)
gen 140  best  154.680  mean  153.938  sigma 0.394  ( 1418s)   REAL hits/ep 1.04
gen 141  best  156.185  mean  155.720  sigma 0.394  ( 1430s)
gen 142  best  155.677  mean  155.161  sigma 0.394  ( 1431s)
gen 143  best  155.407  mean  154.729  sigma 0.394  ( 1433s)
gen 144  best  155.424  mean  154.669  sigma 0.394  ( 1434s)
gen 145  best  155.780  mean  155.241  sigma 0.394  ( 1435s)   REAL hits/ep 1.12
gen 146  best  156.767  mean  156.150  sigma 0.394  ( 1446s)
gen 147  best  156.564  mean  155.841  sigma 0.394  ( 1447s)
gen 148  best  156.437  mean  155.816  sigma 0.394  ( 1448s)
gen 149  best  156.329  mean  155.903  sigma 0.394  ( 1450s)
gen 150  best  156.352  mean  155.668  sigma 0.394  ( 1451s)   REAL hits/ep 1.17
gen 151  best  157.015  mean  156.086  sigma 0.394  ( 1715s)
gen 152  best  155.961  mean  155.524  sigma 0.394  ( 1717s)
gen 153  best  156.411  mean  156.001  sigma 0.394  ( 1718s)
gen 154  best  155.805  mean  155.269  sigma 0.394  ( 1719s)
gen 155  best  156.046  mean  155.436  sigma 0.394  ( 1721s)   REAL hits/ep 1.08
gen 156  best  156.038  mean  155.553  sigma 0.394  ( 1733s)
gen 157  best  155.372  mean  154.904  sigma 0.394  ( 1734s)
gen 158  best  156.123  mean  155.692  sigma 0.394  ( 1735s)
gen 159  best  155.561  mean  155.218  sigma 0.394  ( 1736s)
gen 160  best  156.660  mean  156.050  sigma 0.394  ( 1738s)   REAL hits/ep 1.04
gen 161  best  156.065  mean  155.244  sigma 0.394  ( 1749s)
gen 162  best  155.823  mean  155.278  sigma 0.394  ( 1750s)
gen 163  best  155.398  mean  154.800  sigma 0.394  ( 1751s)
gen 164  best  155.423  mean  154.898  sigma 0.394  ( 1753s)
gen 165  best  156.889  mean  156.312  sigma 0.394  ( 1754s)   REAL hits/ep 1.12
gen 166  best  155.569  mean  154.892  sigma 0.394  ( 2020s)
gen 167  best  156.116  mean  155.648  sigma 0.394  ( 2022s)
gen 168  best  155.194  mean  154.650  sigma 0.394  ( 2023s)
gen 169  best  155.749  mean  155.231  sigma 0.394  ( 2025s)
gen 170  best  156.265  mean  155.696  sigma 0.394  ( 2027s)   REAL hits/ep 1.08
gen 171  best  155.728  mean  155.192  sigma 0.394  ( 2038s)
gen 172  best  155.600  mean  155.095  sigma 0.393  ( 2039s)
gen 173  best  155.758  mean  155.148  sigma 0.393  ( 2040s)
gen 174  best  156.485  mean  156.119  sigma 0.393  ( 2042s)
gen 175  best  156.013  mean  155.310  sigma 0.393  ( 2043s)   REAL hits/ep 1.21
gen 176  best  156.654  mean  156.211  sigma 0.393  ( 2054s)
gen 177  best  155.751  mean  155.252  sigma 0.393  ( 2055s)
gen 178  best  156.442  mean  155.861  sigma 0.393  ( 2057s)
gen 179  best  156.840  mean  156.321  sigma 0.393  ( 2312s)
gen 180  best  155.982  mean  155.290  sigma 0.393  ( 2314s)   REAL hits/ep 1.25
gen 181  best  156.439  mean  156.116  sigma 0.393  ( 2327s)
gen 182  best  155.620  mean  155.159  sigma 0.393  ( 2329s)
gen 183  best  154.883  mean  154.380  sigma 0.393  ( 2331s)
gen 184  best  155.948  mean  155.334  sigma 0.393  ( 2332s)
gen 185  best  157.300  mean  156.597  sigma 0.393  ( 2334s)   REAL hits/ep 1.08
gen 186  best  155.940  mean  155.379  sigma 0.392  ( 2346s)
gen 187  best  155.778  mean  155.255  sigma 0.392  ( 2347s)
gen 188  best  155.843  mean  155.361  sigma 0.392  ( 2348s)
gen 189  best  156.583  mean  155.924  sigma 0.392  ( 2350s)
gen 190  best  156.786  mean  156.188  sigma 0.392  ( 2351s)   REAL hits/ep 1.12
gen 191  best  155.512  mean  155.008  sigma 0.392  ( 2362s)
gen 192  best  155.331  mean  154.856  sigma 0.392  ( 2363s)
gen 193  best  156.927  mean  156.480  sigma 0.392  ( 2364s)
gen 194  best  156.406  mean  155.890  sigma 0.392  ( 2365s)
gen 195  best  155.855  mean  155.403  sigma 0.392  ( 2366s)   REAL hits/ep 1.29
gen 196  best  156.424  mean  156.038  sigma 0.392  ( 2376s)
gen 197  best  156.410  mean  155.719  sigma 0.392  ( 2377s)
gen 198  best  156.789  mean  156.335  sigma 0.392  ( 2377s)
gen 199  best  156.091  mean  155.373  sigma 0.392  ( 2378s)   REAL hits/ep 1.08

best real hits/ep 1.333 | final dream fitness 156.091 | 2387s -> runs/ctrl_v3_emerge
