real env: {'ball_radius': 0.08, 'mass_from_color': False, 'mass_holdout': None, 'mass_only': None, 'occluder': True, 'occluder_y': [0.13, 0.63], 'paddle_w': 0.16}
M: runs/rnn_v31/rnn.pt  z_dim 16  hidden 256  K 5
computing input normalisation from the training set ...
  38400 samples; h std in [0.0730, 0.7086]; 0 dead LSTM units
C: inputs=zh  in_dim=272  n_params=819
start pool: 450 episodes x 200 steps
gen   0  best    1.250  mean    0.742  sigma 0.496  (  109s)   REAL hits/ep 0.54
gen   1  best    0.750  mean    0.523  sigma 0.493  (  222s)
gen   2  best    1.125  mean    0.641  sigma 0.490  (  355s)
gen   3  best    1.250  mean    0.859  sigma 0.487  (  441s)
gen   4  best    1.375  mean    0.820  sigma 0.484  (  537s)
gen   5  best    0.875  mean    0.547  sigma 0.481  (  624s)   REAL hits/ep 0.83
gen   6  best    1.000  mean    0.719  sigma 0.478  (  731s)
gen   7  best    1.125  mean    0.805  sigma 0.476  (  851s)
gen   8  best    1.250  mean    0.875  sigma 0.473  (  952s)
gen   9  best    1.375  mean    0.875  sigma 0.471  ( 1052s)
gen  10  best    1.500  mean    0.914  sigma 0.468  ( 1153s)   REAL hits/ep 0.88
gen  11  best    1.125  mean    0.828  sigma 0.466  ( 1304s)
gen  12  best    1.375  mean    1.023  sigma 0.464  ( 1442s)
gen  13  best    1.125  mean    0.898  sigma 0.462  ( 1598s)
gen  14  best    1.750  mean    1.125  sigma 0.460  ( 1752s)
gen  15  best    1.375  mean    0.930  sigma 0.458  ( 1912s)   REAL hits/ep 1.08
gen  16  best    1.125  mean    0.836  sigma 0.456  ( 2068s)
gen  17  best    1.625  mean    1.031  sigma 0.454  ( 2193s)
gen  18  best    1.375  mean    1.094  sigma 0.452  ( 2332s)
gen  19  best    1.500  mean    1.016  sigma 0.451  ( 7482s)
gen  20  best    2.125  mean    1.250  sigma 0.449  ( 7650s)   REAL hits/ep 1.42
gen  21  best    1.500  mean    1.117  sigma 0.447  ( 7759s)
gen  22  best    1.625  mean    1.055  sigma 0.446  ( 7812s)
gen  23  best    2.000  mean    1.219  sigma 0.444  ( 7865s)
gen  24  best    1.250  mean    0.859  sigma 0.443  ( 7912s)
gen  25  best    1.750  mean    1.508  sigma 0.441  ( 7955s)   REAL hits/ep 1.12
gen  26  best    2.000  mean    1.484  sigma 0.440  ( 8060s)
gen  27  best    1.625  mean    0.883  sigma 0.438  ( 8147s)
gen  28  best    2.000  mean    1.477  sigma 0.437  ( 8203s)
gen  29  best    1.500  mean    1.094  sigma 0.436  ( 8239s)
gen  30  best    1.625  mean    1.188  sigma 0.434  ( 8274s)   REAL hits/ep 1.29
gen  31  best    1.625  mean    1.273  sigma 0.433  ( 8318s)
gen  32  best    2.250  mean    1.578  sigma 0.432  ( 8355s)
gen  33  best    1.750  mean    1.062  sigma 0.431  ( 8391s)
gen  34  best    1.375  mean    0.961  sigma 0.430  ( 8427s)
gen  35  best    2.000  mean    1.414  sigma 0.428  ( 8468s)   REAL hits/ep 1.17
gen  36  best    1.500  mean    1.242  sigma 0.427  ( 8547s)
gen  37  best    1.250  mean    1.164  sigma 0.426  ( 8603s)
gen  38  best    1.625  mean    1.367  sigma 0.425  ( 8646s)
gen  39  best    1.500  mean    1.078  sigma 0.424  ( 8687s)   REAL hits/ep 1.42

best real hits/ep 1.417 | final dream fitness 1.500 | 8695s -> runs/ctrl_v31_real_s1
