M: runs/rnn_v1/rnn.pt  z_dim 16  hidden 256  K 5
computing input normalisation from the training set ...
  38400 samples; h std in [0.1004, 0.8413]; 0 dead LSTM units
C: inputs=zh  in_dim=272  n_params=819
start pool: 450 episodes x 200 steps
gen   0  best   12.673  mean   10.473  sigma 0.495  (    2s)   REAL hits/ep 0.67
gen   1  best   12.791  mean   11.968  sigma 0.490  (   14s)
gen   2  best   13.333  mean   12.389  sigma 0.485  (   15s)
gen   3  best   13.186  mean   12.476  sigma 0.481  (   16s)
gen   4  best   13.443  mean   12.550  sigma 0.477  (   18s)
gen   5  best   13.298  mean   12.667  sigma 0.473  (   19s)   REAL hits/ep 1.08
gen   6  best   13.577  mean   13.003  sigma 0.469  (   30s)
gen   7  best   13.767  mean   12.958  sigma 0.466  (   31s)
gen   8  best   13.388  mean   12.935  sigma 0.463  (   33s)
gen   9  best   13.834  mean   13.265  sigma 0.460  (   34s)
gen  10  best   13.572  mean   13.076  sigma 0.457  (   35s)   REAL hits/ep 1.21
gen  11  best   13.699  mean   13.357  sigma 0.454  (   46s)
gen  12  best   13.803  mean   13.181  sigma 0.451  (   48s)
gen  13  best   13.917  mean   13.325  sigma 0.449  (   49s)
gen  14  best   13.909  mean   13.307  sigma 0.447  (   50s)
gen  15  best   13.823  mean   13.405  sigma 0.444  (   52s)   REAL hits/ep 0.96
gen  16  best   13.684  mean   13.229  sigma 0.442  (   63s)
gen  17  best   13.782  mean   13.414  sigma 0.440  (   64s)
gen  18  best   13.757  mean   13.395  sigma 0.438  (   65s)
gen  19  best   14.161  mean   13.766  sigma 0.436  (   66s)
gen  20  best   13.918  mean   13.341  sigma 0.434  (   68s)   REAL hits/ep 1.25
gen  21  best   13.780  mean   13.177  sigma 0.432  (   79s)
gen  22  best   13.883  mean   13.319  sigma 0.431  (   80s)
gen  23  best   14.144  mean   13.438  sigma 0.429  (   81s)
gen  24  best   14.008  mean   13.490  sigma 0.427  (   83s)
gen  25  best   13.886  mean   13.487  sigma 0.426  (   84s)   REAL hits/ep 1.12
gen  26  best   13.845  mean   13.344  sigma 0.424  (   95s)
gen  27  best   14.066  mean   13.462  sigma 0.423  (   97s)
gen  28  best   14.181  mean   13.568  sigma 0.421  (   98s)
gen  29  best   14.042  mean   13.387  sigma 0.420  (   99s)
gen  30  best   14.400  mean   13.805  sigma 0.419  (  100s)   REAL hits/ep 1.12
gen  31  best   13.883  mean   13.443  sigma 0.417  (  111s)
gen  32  best   14.144  mean   13.624  sigma 0.416  (  113s)
gen  33  best   14.068  mean   13.551  sigma 0.415  (  114s)
gen  34  best   13.911  mean   13.437  sigma 0.414  (  115s)
gen  35  best   14.261  mean   13.498  sigma 0.413  (  116s)   REAL hits/ep 1.25
gen  36  best   14.044  mean   13.549  sigma 0.411  (  128s)
gen  37  best   14.001  mean   13.590  sigma 0.410  (  129s)
gen  38  best   13.959  mean   13.534  sigma 0.409  (  130s)
gen  39  best   14.008  mean   13.459  sigma 0.408  (  132s)
gen  40  best   13.962  mean   13.473  sigma 0.407  (  133s)   REAL hits/ep 1.25
gen  41  best   13.999  mean   13.355  sigma 0.406  (  144s)
gen  42  best   14.145  mean   13.628  sigma 0.405  (  146s)
gen  43  best   14.100  mean   13.569  sigma 0.404  (  147s)
gen  44  best   14.211  mean   13.512  sigma 0.403  (  148s)
gen  45  best   14.236  mean   13.763  sigma 0.402  (  150s)   REAL hits/ep 1.21
gen  46  best   14.275  mean   13.524  sigma 0.402  (  161s)
gen  47  best   14.198  mean   13.637  sigma 0.401  (  162s)
gen  48  best   14.138  mean   13.603  sigma 0.400  (  163s)
gen  49  best   14.331  mean   13.645  sigma 0.400  (  164s)
gen  50  best   14.263  mean   13.575  sigma 0.399  (  166s)   REAL hits/ep 1.21
gen  51  best   13.945  mean   13.507  sigma 0.398  (  177s)
gen  52  best   13.991  mean   13.718  sigma 0.398  (  178s)
gen  53  best   14.131  mean   13.520  sigma 0.397  (  179s)
gen  54  best   14.279  mean   13.578  sigma 0.397  (  181s)
gen  55  best   14.100  mean   13.493  sigma 0.396  (  182s)   REAL hits/ep 1.12
gen  56  best   14.314  mean   13.803  sigma 0.396  (  194s)
gen  57  best   14.044  mean   13.722  sigma 0.395  (  195s)
gen  58  best   14.018  mean   13.597  sigma 0.395  (  196s)
gen  59  best   14.118  mean   13.574  sigma 0.394  (  197s)
gen  60  best   14.160  mean   13.613  sigma 0.394  (  199s)   REAL hits/ep 1.21
gen  61  best   14.171  mean   13.646  sigma 0.393  (  210s)
gen  62  best   14.071  mean   13.608  sigma 0.393  (  211s)
gen  63  best   14.197  mean   13.598  sigma 0.393  (  212s)
gen  64  best   14.161  mean   13.635  sigma 0.392  (  214s)
gen  65  best   14.030  mean   13.720  sigma 0.392  (  215s)   REAL hits/ep 1.21
gen  66  best   14.276  mean   13.819  sigma 0.392  (  227s)
gen  67  best   13.920  mean   13.532  sigma 0.392  (  229s)
gen  68  best   14.130  mean   13.669  sigma 0.392  (  230s)
gen  69  best   14.286  mean   13.633  sigma 0.391  (  231s)
gen  70  best   14.474  mean   13.801  sigma 0.391  (  232s)   REAL hits/ep 1.17
gen  71  best   14.185  mean   13.674  sigma 0.391  (  244s)
gen  72  best   14.679  mean   13.892  sigma 0.391  (  245s)
gen  73  best   14.306  mean   13.757  sigma 0.391  (  246s)
gen  74  best   14.229  mean   13.726  sigma 0.391  (  248s)
gen  75  best   14.170  mean   13.788  sigma 0.390  (  249s)   REAL hits/ep 1.12
gen  76  best   14.041  mean   13.687  sigma 0.390  (  261s)
gen  77  best   14.372  mean   13.805  sigma 0.390  (  262s)
gen  78  best   14.179  mean   13.718  sigma 0.390  (  263s)
gen  79  best   14.346  mean   13.839  sigma 0.390  (  264s)
gen  80  best   14.130  mean   13.723  sigma 0.390  (  266s)   REAL hits/ep 1.17
gen  81  best   14.609  mean   13.974  sigma 0.389  (  277s)
gen  82  best   14.223  mean   13.725  sigma 0.389  (  279s)
gen  83  best   14.246  mean   13.771  sigma 0.389  (  280s)
gen  84  best   14.643  mean   13.835  sigma 0.389  (  281s)
gen  85  best   14.519  mean   13.910  sigma 0.389  (  282s)   REAL hits/ep 1.17
gen  86  best   14.160  mean   13.675  sigma 0.389  (  294s)
gen  87  best   14.062  mean   13.620  sigma 0.388  (  295s)
gen  88  best   14.357  mean   13.803  sigma 0.388  (  296s)
gen  89  best   14.465  mean   13.768  sigma 0.388  (  297s)
gen  90  best   14.296  mean   13.847  sigma 0.388  (  299s)   REAL hits/ep 1.08
gen  91  best   14.380  mean   13.995  sigma 0.388  (  310s)
gen  92  best   14.501  mean   13.809  sigma 0.388  (  311s)
gen  93  best   13.934  mean   13.620  sigma 0.387  (  313s)
gen  94  best   14.156  mean   13.619  sigma 0.387  (  314s)
gen  95  best   14.440  mean   13.943  sigma 0.387  (  315s)   REAL hits/ep 1.12
gen  96  best   14.546  mean   13.842  sigma 0.387  (  326s)
gen  97  best   14.286  mean   13.812  sigma 0.387  (  327s)
gen  98  best   14.032  mean   13.661  sigma 0.387  (  329s)
gen  99  best   14.189  mean   13.684  sigma 0.386  (  330s)
gen 100  best   14.353  mean   13.809  sigma 0.386  (  331s)   REAL hits/ep 1.21
gen 101  best   14.201  mean   13.702  sigma 0.386  (  342s)
gen 102  best   14.102  mean   13.636  sigma 0.386  (  344s)
gen 103  best   14.136  mean   13.661  sigma 0.385  (  345s)
gen 104  best   14.288  mean   13.747  sigma 0.385  (  346s)
gen 105  best   14.417  mean   13.783  sigma 0.385  (  347s)   REAL hits/ep 1.12
gen 106  best   14.500  mean   13.821  sigma 0.385  (  359s)
gen 107  best   14.060  mean   13.670  sigma 0.385  (  360s)
gen 108  best   14.311  mean   13.824  sigma 0.385  (  361s)
gen 109  best   14.453  mean   13.737  sigma 0.385  (  362s)
gen 110  best   14.259  mean   13.779  sigma 0.385  (  364s)   REAL hits/ep 1.17
gen 111  best   13.979  mean   13.615  sigma 0.385  (  375s)
gen 112  best   14.708  mean   13.932  sigma 0.385  (  376s)
gen 113  best   14.465  mean   13.804  sigma 0.385  (  378s)
gen 114  best   14.515  mean   13.933  sigma 0.385  (  379s)
gen 115  best   14.189  mean   13.823  sigma 0.385  (  380s)   REAL hits/ep 1.38
gen 116  best   14.198  mean   13.789  sigma 0.385  (  391s)
gen 117  best   14.281  mean   13.867  sigma 0.385  (  393s)
gen 118  best   14.377  mean   13.897  sigma 0.385  (  394s)
gen 119  best   14.425  mean   13.839  sigma 0.386  (  395s)
gen 120  best   15.067  mean   14.007  sigma 0.386  (  396s)   REAL hits/ep 1.25
gen 121  best   14.554  mean   14.054  sigma 0.386  (  408s)
gen 122  best   14.264  mean   13.596  sigma 0.386  (  409s)
gen 123  best   14.142  mean   13.758  sigma 0.386  (  410s)
gen 124  best   14.299  mean   13.873  sigma 0.386  (  411s)
gen 125  best   14.187  mean   13.825  sigma 0.386  (  413s)   REAL hits/ep 1.17
gen 126  best   14.585  mean   14.094  sigma 0.386  (  424s)
gen 127  best   14.010  mean   13.721  sigma 0.386  (  425s)
gen 128  best   14.602  mean   13.822  sigma 0.386  (  426s)
gen 129  best   14.062  mean   13.692  sigma 0.386  (  427s)
gen 130  best   14.614  mean   13.871  sigma 0.387  (  429s)   REAL hits/ep 1.08
gen 131  best   14.315  mean   13.889  sigma 0.387  (  440s)
gen 132  best   14.021  mean   13.551  sigma 0.387  (  441s)
gen 133  best   14.541  mean   14.011  sigma 0.387  (  443s)
gen 134  best   14.389  mean   13.917  sigma 0.387  (  444s)
gen 135  best   14.362  mean   13.699  sigma 0.387  (  445s)   REAL hits/ep 1.25
gen 136  best   14.325  mean   13.745  sigma 0.387  (  456s)
gen 137  best   14.237  mean   13.659  sigma 0.387  (  458s)
gen 138  best   14.179  mean   13.687  sigma 0.387  (  459s)
gen 139  best   14.194  mean   13.794  sigma 0.387  (  460s)
gen 140  best   14.222  mean   13.687  sigma 0.387  (  462s)   REAL hits/ep 1.29
gen 141  best   13.992  mean   13.663  sigma 0.387  (  473s)
gen 142  best   14.001  mean   13.747  sigma 0.387  (  474s)
gen 143  best   14.413  mean   13.766  sigma 0.387  (  475s)
gen 144  best   14.341  mean   13.806  sigma 0.387  (  477s)
gen 145  best   14.477  mean   13.908  sigma 0.387  (  478s)   REAL hits/ep 1.33
gen 146  best   14.433  mean   13.879  sigma 0.387  (  489s)
gen 147  best   14.379  mean   13.850  sigma 0.387  (  491s)
gen 148  best   14.573  mean   13.857  sigma 0.387  (  492s)
gen 149  best   14.436  mean   13.859  sigma 0.387  (  493s)
gen 150  best   14.389  mean   13.793  sigma 0.387  (  495s)   REAL hits/ep 1.50
gen 151  best   14.518  mean   13.921  sigma 0.387  (  506s)
gen 152  best   14.180  mean   13.698  sigma 0.387  (  507s)
gen 153  best   14.327  mean   13.898  sigma 0.387  (  508s)
gen 154  best   14.354  mean   13.918  sigma 0.387  (  510s)
gen 155  best   14.446  mean   13.757  sigma 0.387  (  511s)   REAL hits/ep 1.62
gen 156  best   14.365  mean   13.726  sigma 0.387  (  522s)
gen 157  best   14.203  mean   13.765  sigma 0.387  (  524s)
gen 158  best   14.420  mean   13.908  sigma 0.387  (  525s)
gen 159  best   14.375  mean   13.892  sigma 0.387  (  526s)
gen 160  best   14.578  mean   14.022  sigma 0.387  (  528s)   REAL hits/ep 1.38
gen 161  best   14.446  mean   13.790  sigma 0.387  (  539s)
gen 162  best   14.311  mean   13.914  sigma 0.387  (  540s)
gen 163  best   14.296  mean   13.754  sigma 0.387  (  542s)
gen 164  best   14.176  mean   13.777  sigma 0.387  (  543s)
gen 165  best   14.457  mean   13.779  sigma 0.387  (  544s)   REAL hits/ep 1.38
gen 166  best   14.415  mean   13.898  sigma 0.387  (  556s)
gen 167  best   14.313  mean   13.755  sigma 0.387  (  557s)
gen 168  best   14.614  mean   13.883  sigma 0.387  (  558s)
gen 169  best   14.153  mean   13.790  sigma 0.387  (  560s)
gen 170  best   14.451  mean   13.897  sigma 0.387  (  561s)   REAL hits/ep 1.33
gen 171  best   14.426  mean   13.827  sigma 0.386  (  572s)
gen 172  best   14.141  mean   13.743  sigma 0.386  (  573s)
gen 173  best   14.377  mean   13.842  sigma 0.386  (  574s)
gen 174  best   14.318  mean   13.763  sigma 0.386  (  576s)
gen 175  best   14.414  mean   13.976  sigma 0.386  (  577s)   REAL hits/ep 1.33
gen 176  best   14.472  mean   13.970  sigma 0.386  (  588s)
gen 177  best   14.130  mean   13.735  sigma 0.386  (  589s)
gen 178  best   14.239  mean   13.794  sigma 0.386  (  591s)
gen 179  best   14.955  mean   14.082  sigma 0.386  (  592s)
gen 180  best   14.132  mean   13.700  sigma 0.386  (  593s)   REAL hits/ep 1.25
gen 181  best   14.383  mean   13.831  sigma 0.386  (  604s)
gen 182  best   14.130  mean   13.730  sigma 0.387  (  606s)
gen 183  best   14.338  mean   13.886  sigma 0.387  (  607s)
gen 184  best   14.388  mean   13.890  sigma 0.387  (  608s)
gen 185  best   14.370  mean   13.972  sigma 0.387  (  610s)   REAL hits/ep 1.25
gen 186  best   14.363  mean   13.898  sigma 0.387  (  621s)
gen 187  best   14.413  mean   13.847  sigma 0.387  (  622s)
gen 188  best   14.315  mean   13.816  sigma 0.387  (  623s)
gen 189  best   14.195  mean   13.782  sigma 0.388  (  625s)
gen 190  best   14.561  mean   13.873  sigma 0.388  (  626s)   REAL hits/ep 1.29
gen 191  best   14.328  mean   13.793  sigma 0.388  (  633s)
gen 192  best   14.484  mean   13.832  sigma 0.388  (  634s)
gen 193  best   14.166  mean   13.818  sigma 0.388  (  635s)
gen 194  best   14.542  mean   13.838  sigma 0.388  (  636s)
gen 195  best   14.275  mean   13.899  sigma 0.389  (  637s)   REAL hits/ep 1.25
gen 196  best   14.532  mean   13.823  sigma 0.389  (  645s)
gen 197  best   14.181  mean   13.689  sigma 0.389  (  646s)
gen 198  best   14.446  mean   13.909  sigma 0.389  (  647s)
gen 199  best   14.128  mean   13.798  sigma 0.389  (  647s)   REAL hits/ep 1.17

best real hits/ep 1.625 | final dream fitness 14.128 | 654s -> runs/ctrl_tau1.5
