real env: {'ball_radius': 0.08, 'mass_from_color': False, 'mass_holdout': None, 'mass_only': None, 'occluder': True, 'occluder_y': [0.13, 0.63], 'paddle_w': 0.16}
M: runs/rnn_v31/rnn.pt  z_dim 16  hidden 256  K 5
computing input normalisation from the training set ...
  38400 samples; h std in [0.0727, 0.7173]; 0 dead LSTM units
C: inputs=zh  in_dim=272  n_params=819
start pool: 450 episodes x 200 steps
gen   0  best  126.209  mean  106.100  sigma 0.494  (    2s)   REAL hits/ep 0.83
gen   1  best  128.515  mean  109.980  sigma 0.489  (   15s)
gen   2  best  133.893  mean  122.431  sigma 0.485  (   16s)
gen   3  best  131.529  mean  122.670  sigma 0.481  (   17s)
gen   4  best  135.108  mean  128.185  sigma 0.477  (   19s)
gen   5  best  137.397  mean  131.620  sigma 0.473  (   20s)   REAL hits/ep 0.88
gen   6  best  136.882  mean  129.462  sigma 0.469  (   33s)
gen   7  best  140.380  mean  132.201  sigma 0.466  (   34s)
gen   8  best  141.728  mean  135.813  sigma 0.462  (   35s)
gen   9  best  142.386  mean  136.537  sigma 0.459  (   37s)
gen  10  best  141.681  mean  136.072  sigma 0.456  (   38s)   REAL hits/ep 1.12
gen  11  best  142.745  mean  138.555  sigma 0.454  (   51s)
gen  12  best  141.069  mean  137.411  sigma 0.451  (   52s)
gen  13  best  143.028  mean  139.087  sigma 0.448  (   54s)
gen  14  best  144.245  mean  139.812  sigma 0.446  (   55s)
gen  15  best  144.207  mean  138.654  sigma 0.444  (   56s)   REAL hits/ep 1.29
gen  16  best  141.735  mean  138.673  sigma 0.441  (   70s)
gen  17  best  145.132  mean  140.163  sigma 0.439  (   71s)
gen  18  best  145.780  mean  141.216  sigma 0.437  (   72s)
gen  19  best  145.434  mean  140.772  sigma 0.435  (   74s)
gen  20  best  147.773  mean  141.455  sigma 0.433  (   75s)   REAL hits/ep 1.17
gen  21  best  147.236  mean  142.081  sigma 0.431  (   88s)
gen  22  best  146.886  mean  142.698  sigma 0.429  (   89s)
gen  23  best  150.492  mean  143.600  sigma 0.427  (   91s)
gen  24  best  147.020  mean  142.635  sigma 0.426  (   92s)
gen  25  best  148.406  mean  143.659  sigma 0.424  (   93s)   REAL hits/ep 0.83
gen  26  best  148.620  mean  144.597  sigma 0.422  (  106s)
gen  27  best  147.928  mean  144.583  sigma 0.421  (  107s)
gen  28  best  148.544  mean  144.701  sigma 0.419  (  109s)
gen  29  best  147.379  mean  144.789  sigma 0.418  (  110s)
gen  30  best  150.223  mean  146.152  sigma 0.417  (  111s)   REAL hits/ep 1.17
gen  31  best  147.735  mean  144.442  sigma 0.415  (  124s)
gen  32  best  148.266  mean  145.173  sigma 0.414  (  125s)
gen  33  best  150.079  mean  146.087  sigma 0.413  (  126s)
gen  34  best  148.028  mean  145.681  sigma 0.412  (  127s)
gen  35  best  148.843  mean  146.360  sigma 0.411  (  129s)   REAL hits/ep 0.96
gen  36  best  150.274  mean  146.739  sigma 0.409  (  141s)
gen  37  best  150.744  mean  148.087  sigma 0.408  (  143s)
gen  38  best  148.967  mean  147.011  sigma 0.407  (  144s)
gen  39  best  150.703  mean  147.291  sigma 0.406  (  145s)
gen  40  best  150.315  mean  147.494  sigma 0.405  (  146s)   REAL hits/ep 0.96
gen  41  best  150.631  mean  148.549  sigma 0.404  (  159s)
gen  42  best  150.965  mean  148.829  sigma 0.404  (  160s)
gen  43  best  149.756  mean  147.692  sigma 0.403  (  161s)
gen  44  best  148.260  mean  146.418  sigma 0.402  (  163s)
gen  45  best  151.281  mean  148.984  sigma 0.401  (  164s)   REAL hits/ep 0.71
gen  46  best  151.104  mean  148.708  sigma 0.401  (  177s)
gen  47  best  150.162  mean  147.651  sigma 0.400  (  178s)
gen  48  best  150.980  mean  148.412  sigma 0.399  (  179s)
gen  49  best  150.242  mean  148.048  sigma 0.399  (  180s)
gen  50  best  150.524  mean  148.924  sigma 0.398  (  182s)   REAL hits/ep 0.79
gen  51  best  151.694  mean  150.111  sigma 0.398  (  194s)
gen  52  best  150.525  mean  148.791  sigma 0.397  (  196s)
gen  53  best  149.448  mean  147.747  sigma 0.397  (  197s)
gen  54  best  151.786  mean  149.576  sigma 0.396  (  198s)
gen  55  best  151.696  mean  150.060  sigma 0.396  (  200s)   REAL hits/ep 0.79
gen  56  best  152.014  mean  149.828  sigma 0.395  (  212s)
gen  57  best  152.372  mean  149.389  sigma 0.395  (  213s)
gen  58  best  149.661  mean  147.884  sigma 0.394  (  214s)
gen  59  best  151.465  mean  149.908  sigma 0.394  (  216s)
gen  60  best  150.345  mean  148.805  sigma 0.393  (  217s)   REAL hits/ep 0.88
gen  61  best  152.196  mean  150.449  sigma 0.393  (  231s)
gen  62  best  151.175  mean  147.902  sigma 0.392  (  232s)
gen  63  best  150.859  mean  149.164  sigma 0.392  (  233s)
gen  64  best  151.665  mean  149.995  sigma 0.391  (  235s)
gen  65  best  151.194  mean  149.511  sigma 0.391  (  236s)   REAL hits/ep 0.71
gen  66  best  151.294  mean  149.278  sigma 0.391  (  250s)
gen  67  best  151.429  mean  149.580  sigma 0.390  (  251s)
gen  68  best  153.229  mean  150.414  sigma 0.390  (  252s)
gen  69  best  152.739  mean  150.563  sigma 0.389  (  253s)
gen  70  best  151.714  mean  149.696  sigma 0.389  (  255s)   REAL hits/ep 0.83
gen  71  best  151.525  mean  149.747  sigma 0.389  (  267s)
gen  72  best  151.873  mean  150.309  sigma 0.388  (  268s)
gen  73  best  153.040  mean  151.521  sigma 0.388  (  270s)
gen  74  best  152.254  mean  150.555  sigma 0.387  (  271s)
gen  75  best  153.172  mean  150.333  sigma 0.387  (  272s)   REAL hits/ep 0.83
gen  76  best  152.075  mean  150.135  sigma 0.387  (  285s)
gen  77  best  152.368  mean  150.490  sigma 0.387  (  286s)
gen  78  best  152.115  mean  150.292  sigma 0.386  (  288s)
gen  79  best  153.484  mean  151.615  sigma 0.386  (  289s)
gen  80  best  151.778  mean  150.203  sigma 0.386  (  290s)   REAL hits/ep 0.83
gen  81  best  151.452  mean  150.124  sigma 0.386  (  303s)
gen  82  best  153.386  mean  151.524  sigma 0.385  (  304s)
gen  83  best  151.913  mean  150.511  sigma 0.385  (  305s)
gen  84  best  152.704  mean  151.069  sigma 0.385  (  307s)
gen  85  best  152.362  mean  150.513  sigma 0.385  (  308s)   REAL hits/ep 0.58
gen  86  best  151.159  mean  149.644  sigma 0.385  (  321s)
gen  87  best  152.516  mean  151.427  sigma 0.384  (  323s)
gen  88  best  152.578  mean  150.968  sigma 0.384  (  324s)
gen  89  best  152.162  mean  150.574  sigma 0.384  (  325s)
gen  90  best  152.161  mean  150.342  sigma 0.384  (  327s)   REAL hits/ep 0.75
gen  91  best  153.337  mean  151.448  sigma 0.384  (  339s)
gen  92  best  152.809  mean  150.971  sigma 0.384  (  341s)
gen  93  best  151.944  mean  149.848  sigma 0.384  (  342s)
gen  94  best  151.837  mean  150.502  sigma 0.384  (  344s)
gen  95  best  152.099  mean  150.816  sigma 0.384  (  345s)   REAL hits/ep 0.79
gen  96  best  152.485  mean  150.423  sigma 0.384  (  359s)
gen  97  best  152.041  mean  150.659  sigma 0.383  (  360s)
gen  98  best  153.694  mean  151.217  sigma 0.383  (  361s)
gen  99  best  152.488  mean  151.018  sigma 0.383  (  363s)
gen 100  best  151.929  mean  150.594  sigma 0.383  (  364s)   REAL hits/ep 0.71
gen 101  best  151.745  mean  150.142  sigma 0.383  (  376s)
gen 102  best  153.746  mean  150.979  sigma 0.383  (  378s)
gen 103  best  152.072  mean  150.098  sigma 0.383  (  379s)
gen 104  best  152.075  mean  150.398  sigma 0.383  (  380s)
gen 105  best  153.054  mean  151.415  sigma 0.383  (  382s)   REAL hits/ep 0.92
gen 106  best  152.143  mean  150.656  sigma 0.383  (  394s)
gen 107  best  152.670  mean  150.631  sigma 0.382  (  395s)
gen 108  best  153.975  mean  151.725  sigma 0.382  (  396s)
gen 109  best  151.791  mean  150.522  sigma 0.382  (  398s)
gen 110  best  153.383  mean  151.534  sigma 0.382  (  399s)   REAL hits/ep 0.75
gen 111  best  152.824  mean  151.462  sigma 0.382  (  413s)
gen 112  best  152.150  mean  150.925  sigma 0.382  (  414s)
gen 113  best  152.873  mean  151.256  sigma 0.382  (  416s)
gen 114  best  152.814  mean  151.687  sigma 0.381  (  417s)
gen 115  best  151.402  mean  149.856  sigma 0.381  (  418s)   REAL hits/ep 0.83
gen 116  best  152.661  mean  151.350  sigma 0.381  (  431s)
gen 117  best  152.172  mean  150.657  sigma 0.381  (  432s)
gen 118  best  153.352  mean  151.062  sigma 0.381  (  433s)
gen 119  best  152.665  mean  150.819  sigma 0.380  (  435s)
gen 120  best  153.012  mean  151.421  sigma 0.380  (  436s)   REAL hits/ep 0.58
gen 121  best  153.908  mean  151.769  sigma 0.380  (  449s)
gen 122  best  151.942  mean  150.508  sigma 0.379  (  450s)
gen 123  best  152.555  mean  151.295  sigma 0.379  (  451s)
gen 124  best  152.650  mean  151.375  sigma 0.379  (  453s)
gen 125  best  153.312  mean  151.681  sigma 0.378  (  454s)   REAL hits/ep 0.67
gen 126  best  151.565  mean  150.181  sigma 0.378  (  467s)
gen 127  best  152.932  mean  151.099  sigma 0.378  (  468s)
gen 128  best  152.383  mean  150.742  sigma 0.377  (  469s)
gen 129  best  152.428  mean  150.415  sigma 0.377  (  471s)
gen 130  best  152.606  mean  151.037  sigma 0.377  (  472s)   REAL hits/ep 0.83
gen 131  best  152.904  mean  151.068  sigma 0.377  (  486s)
gen 132  best  152.569  mean  149.731  sigma 0.377  (  487s)
gen 133  best  152.438  mean  150.952  sigma 0.377  (  488s)
gen 134  best  153.665  mean  151.403  sigma 0.376  (  489s)
gen 135  best  153.339  mean  151.500  sigma 0.376  (  491s)   REAL hits/ep 0.67
gen 136  best  152.792  mean  151.453  sigma 0.376  (  504s)
gen 137  best  153.014  mean  151.072  sigma 0.376  (  505s)
gen 138  best  152.319  mean  150.765  sigma 0.376  (  506s)
gen 139  best  153.510  mean  151.541  sigma 0.376  (  508s)
gen 140  best  152.373  mean  151.052  sigma 0.376  (  509s)   REAL hits/ep 0.75
gen 141  best  151.911  mean  150.474  sigma 0.376  (  522s)
gen 142  best  152.520  mean  150.954  sigma 0.375  (  523s)
gen 143  best  152.782  mean  151.146  sigma 0.375  (  525s)
gen 144  best  153.267  mean  151.727  sigma 0.375  (  526s)
gen 145  best  152.393  mean  151.037  sigma 0.375  (  528s)   REAL hits/ep 0.54
gen 146  best  152.592  mean  151.296  sigma 0.375  (  540s)
gen 147  best  153.022  mean  151.393  sigma 0.374  (  541s)
gen 148  best  152.542  mean  151.426  sigma 0.374  (  543s)
gen 149  best  153.175  mean  151.540  sigma 0.374  (  544s)
gen 150  best  153.230  mean  151.854  sigma 0.374  (  545s)   REAL hits/ep 0.75
gen 151  best  153.822  mean  152.278  sigma 0.374  (  558s)
gen 152  best  153.828  mean  152.461  sigma 0.374  (  559s)
gen 153  best  153.273  mean  151.946  sigma 0.374  (  561s)
gen 154  best  152.447  mean  151.113  sigma 0.374  (  562s)
gen 155  best  152.487  mean  150.574  sigma 0.373  (  563s)   REAL hits/ep 0.54
gen 156  best  152.806  mean  151.148  sigma 0.373  (  576s)
gen 157  best  152.585  mean  151.471  sigma 0.373  (  577s)
gen 158  best  152.987  mean  151.563  sigma 0.373  (  579s)
gen 159  best  152.279  mean  151.070  sigma 0.373  (  580s)
gen 160  best  153.171  mean  151.729  sigma 0.373  (  581s)   REAL hits/ep 0.62
gen 161  best  152.226  mean  150.594  sigma 0.373  (  595s)
gen 162  best  152.939  mean  151.152  sigma 0.373  (  596s)
gen 163  best  152.219  mean  150.966  sigma 0.373  (  597s)
gen 164  best  153.447  mean  151.661  sigma 0.373  (  598s)
gen 165  best  152.045  mean  150.244  sigma 0.373  (  600s)   REAL hits/ep 0.67
gen 166  best  153.674  mean  152.163  sigma 0.373  (  612s)
gen 167  best  152.628  mean  151.096  sigma 0.373  (  613s)
gen 168  best  151.916  mean  150.160  sigma 0.373  (  615s)
gen 169  best  153.501  mean  152.300  sigma 0.373  (  616s)
gen 170  best  153.010  mean  151.228  sigma 0.373  (  617s)   REAL hits/ep 0.62
gen 171  best  153.167  mean  151.409  sigma 0.373  (  630s)
gen 172  best  152.334  mean  150.877  sigma 0.373  (  631s)
gen 173  best  152.111  mean  150.616  sigma 0.373  (  632s)
gen 174  best  155.015  mean  152.294  sigma 0.373  (  633s)
gen 175  best  153.040  mean  150.564  sigma 0.373  (  635s)   REAL hits/ep 0.67
gen 176  best  152.729  mean  150.847  sigma 0.374  (  648s)
gen 177  best  152.785  mean  150.617  sigma 0.374  (  649s)
gen 178  best  153.496  mean  152.169  sigma 0.374  (  650s)
gen 179  best  153.589  mean  152.137  sigma 0.374  (  652s)
gen 180  best  153.767  mean  151.526  sigma 0.374  (  653s)   REAL hits/ep 0.67
gen 181  best  153.096  mean  151.560  sigma 0.374  (  666s)
gen 182  best  152.822  mean  151.173  sigma 0.374  (  667s)
gen 183  best  152.213  mean  150.419  sigma 0.374  (  668s)
gen 184  best  152.726  mean  151.214  sigma 0.375  (  669s)
gen 185  best  153.496  mean  151.941  sigma 0.375  (  671s)   REAL hits/ep 0.88
gen 186  best  153.040  mean  151.440  sigma 0.375  (  684s)
gen 187  best  152.642  mean  151.158  sigma 0.375  (  685s)
gen 188  best  152.950  mean  151.227  sigma 0.375  (  686s)
gen 189  best  153.202  mean  151.709  sigma 0.376  (  687s)
gen 190  best  154.001  mean  152.338  sigma 0.376  (  689s)   REAL hits/ep 0.75
gen 191  best  152.733  mean  150.723  sigma 0.376  (  701s)
gen 192  best  153.036  mean  151.084  sigma 0.377  (  702s)
gen 193  best  153.169  mean  151.650  sigma 0.377  (  704s)
gen 194  best  152.353  mean  151.022  sigma 0.377  (  705s)
gen 195  best  152.405  mean  150.944  sigma 0.377  (  706s)   REAL hits/ep 0.71
gen 196  best  152.748  mean  150.939  sigma 0.378  (  716s)
gen 197  best  153.399  mean  151.506  sigma 0.378  (  717s)
gen 198  best  152.255  mean  150.906  sigma 0.378  (  718s)
gen 199  best  152.554  mean  150.879  sigma 0.378  (  719s)   REAL hits/ep 0.75

best real hits/ep 1.292 | final dream fitness 152.554 | 727s -> runs/ctrl_v31_tau0.5
