real env: {'ball_radius': 0.08, 'mass_from_color': False, 'mass_holdout': None, 'mass_only': None, 'occluder': True, 'occluder_y': [0.13, 0.63], 'paddle_w': 0.16}
M: runs/rnn_v31/rnn.pt  z_dim 16  hidden 256  K 5
computing input normalisation from the training set ...
  38400 samples; h std in [0.0727, 0.7173]; 0 dead LSTM units
C: inputs=zh  in_dim=272  n_params=819
start pool: 450 episodes x 200 steps
gen   0  best  125.502  mean  105.288  sigma 0.494  (    2s)   REAL hits/ep 0.79
gen   1  best  124.915  mean  106.950  sigma 0.489  (   14s)
gen   2  best  129.789  mean  121.321  sigma 0.485  (   16s)
gen   3  best  130.043  mean  121.596  sigma 0.481  (   17s)
gen   4  best  134.086  mean  126.980  sigma 0.476  (   18s)
gen   5  best  134.846  mean  129.584  sigma 0.473  (   20s)   REAL hits/ep 1.33
gen   6  best  135.471  mean  131.173  sigma 0.469  (   32s)
gen   7  best  135.179  mean  130.551  sigma 0.466  (   34s)
gen   8  best  136.434  mean  133.745  sigma 0.463  (   35s)
gen   9  best  136.627  mean  133.975  sigma 0.460  (   37s)
gen  10  best  138.517  mean  134.841  sigma 0.457  (   38s)   REAL hits/ep 1.46
gen  11  best  139.207  mean  136.032  sigma 0.454  (   50s)
gen  12  best  137.726  mean  134.533  sigma 0.452  (   51s)
gen  13  best  139.832  mean  136.719  sigma 0.449  (   53s)
gen  14  best  140.074  mean  136.639  sigma 0.447  (   54s)
gen  15  best  139.528  mean  136.822  sigma 0.445  (   55s)   REAL hits/ep 1.08
gen  16  best  138.713  mean  136.264  sigma 0.443  (   67s)
gen  17  best  139.101  mean  137.064  sigma 0.440  (   69s)
gen  18  best  140.347  mean  137.862  sigma 0.438  (   70s)
gen  19  best  140.735  mean  137.941  sigma 0.437  (   71s)
gen  20  best  141.526  mean  138.801  sigma 0.435  (   73s)   REAL hits/ep 1.58
gen  21  best  142.370  mean  139.030  sigma 0.433  (   84s)
gen  22  best  140.615  mean  138.924  sigma 0.431  (   86s)
gen  23  best  141.887  mean  139.330  sigma 0.430  (   87s)
gen  24  best  141.084  mean  138.921  sigma 0.428  (   88s)
gen  25  best  142.592  mean  139.549  sigma 0.427  (   90s)   REAL hits/ep 1.33
gen  26  best  143.485  mean  139.862  sigma 0.425  (  101s)
gen  27  best  142.419  mean  139.921  sigma 0.424  (  102s)
gen  28  best  143.034  mean  139.662  sigma 0.422  (  104s)
gen  29  best  142.275  mean  139.641  sigma 0.421  (  105s)
gen  30  best  143.633  mean  141.239  sigma 0.420  (  107s)   REAL hits/ep 0.96
gen  31  best  142.349  mean  139.999  sigma 0.419  (  118s)
gen  32  best  144.866  mean  140.856  sigma 0.417  (  120s)
gen  33  best  143.634  mean  140.858  sigma 0.416  (  121s)
gen  34  best  142.128  mean  140.316  sigma 0.415  (  123s)
gen  35  best  144.629  mean  141.185  sigma 0.414  (  124s)   REAL hits/ep 0.83
gen  36  best  143.953  mean  141.592  sigma 0.413  (  137s)
gen  37  best  144.128  mean  141.565  sigma 0.412  (  139s)
gen  38  best  144.098  mean  141.406  sigma 0.411  (  140s)
gen  39  best  143.951  mean  142.543  sigma 0.411  (  141s)
gen  40  best  144.886  mean  141.889  sigma 0.410  (  143s)   REAL hits/ep 0.83
gen  41  best  144.826  mean  142.857  sigma 0.409  (  157s)
gen  42  best  145.710  mean  142.804  sigma 0.408  (  159s)
gen  43  best  143.597  mean  141.544  sigma 0.408  (  161s)
gen  44  best  143.553  mean  140.960  sigma 0.407  (  163s)
gen  45  best  145.630  mean  143.281  sigma 0.406  (  165s)   REAL hits/ep 0.88
gen  46  best  146.768  mean  142.829  sigma 0.405  (  179s)
gen  47  best  145.482  mean  142.377  sigma 0.405  (  180s)
gen  48  best  145.036  mean  143.024  sigma 0.404  (  182s)
gen  49  best  143.751  mean  141.705  sigma 0.403  (  184s)
gen  50  best  145.154  mean  142.828  sigma 0.403  (  186s)   REAL hits/ep 1.04
gen  51  best  146.396  mean  143.745  sigma 0.402  (  207s)
gen  52  best  146.484  mean  142.980  sigma 0.402  (  208s)
gen  53  best  144.270  mean  142.288  sigma 0.401  (  210s)
gen  54  best  145.569  mean  143.634  sigma 0.401  (  211s)
gen  55  best  146.811  mean  143.990  sigma 0.400  (  213s)   REAL hits/ep 1.08
gen  56  best  145.997  mean  143.903  sigma 0.400  (  227s)
gen  57  best  146.678  mean  143.879  sigma 0.399  (  228s)
gen  58  best  145.185  mean  142.836  sigma 0.399  (  229s)
gen  59  best  146.308  mean  143.907  sigma 0.399  (  231s)
gen  60  best  145.685  mean  143.801  sigma 0.398  (  232s)   REAL hits/ep 0.71
gen  61  best  147.727  mean  144.234  sigma 0.398  (  245s)
gen  62  best  146.732  mean  143.304  sigma 0.398  (  246s)
gen  63  best  145.741  mean  143.772  sigma 0.397  (  247s)
gen  64  best  145.513  mean  144.123  sigma 0.397  (  249s)
gen  65  best  145.883  mean  143.714  sigma 0.397  (  250s)   REAL hits/ep 0.92
gen  66  best  147.284  mean  144.579  sigma 0.397  (  262s)
gen  67  best  146.291  mean  144.053  sigma 0.397  (  264s)
gen  68  best  147.128  mean  145.311  sigma 0.397  (  267s)
gen  69  best  147.906  mean  145.557  sigma 0.397  (  270s)
gen  70  best  146.965  mean  144.062  sigma 0.396  (  272s)   REAL hits/ep 1.17
gen  71  best  146.362  mean  143.998  sigma 0.396  (  285s)
gen  72  best  146.398  mean  144.580  sigma 0.396  (  286s)
gen  73  best  146.714  mean  144.656  sigma 0.396  (  287s)
gen  74  best  147.426  mean  144.115  sigma 0.396  (  289s)
gen  75  best  147.443  mean  145.406  sigma 0.396  (  291s)   REAL hits/ep 1.12
gen  76  best  146.905  mean  144.550  sigma 0.396  (  303s)
gen  77  best  147.011  mean  144.152  sigma 0.396  (  305s)
gen  78  best  146.849  mean  144.435  sigma 0.396  (  307s)
gen  79  best  146.527  mean  144.946  sigma 0.396  (  309s)
gen  80  best  146.614  mean  144.405  sigma 0.397  (  310s)   REAL hits/ep 1.08
gen  81  best  147.542  mean  144.512  sigma 0.397  (  324s)
gen  82  best  147.956  mean  145.609  sigma 0.397  (  326s)
gen  83  best  147.295  mean  144.937  sigma 0.397  (  328s)
gen  84  best  146.818  mean  145.028  sigma 0.397  (  330s)
gen  85  best  147.378  mean  144.984  sigma 0.397  (  332s)   REAL hits/ep 1.17
gen  86  best  145.786  mean  144.312  sigma 0.397  (  345s)
gen  87  best  147.405  mean  144.763  sigma 0.397  (  347s)
gen  88  best  146.147  mean  144.289  sigma 0.397  (  349s)
gen  89  best  146.118  mean  144.149  sigma 0.397  (  351s)
gen  90  best  146.359  mean  144.649  sigma 0.397  (  353s)   REAL hits/ep 1.12
gen  91  best  147.465  mean  144.801  sigma 0.397  (  366s)
gen  92  best  147.104  mean  144.059  sigma 0.397  (  368s)
gen  93  best  146.274  mean  143.744  sigma 0.397  (  369s)
gen  94  best  146.310  mean  143.809  sigma 0.397  (  371s)
gen  95  best  146.641  mean  144.771  sigma 0.397  (  372s)   REAL hits/ep 1.00
gen  96  best  146.209  mean  143.902  sigma 0.397  (  384s)
gen  97  best  146.095  mean  144.188  sigma 0.397  (  386s)
gen  98  best  146.543  mean  144.313  sigma 0.397  (  387s)
gen  99  best  147.643  mean  144.465  sigma 0.397  (  388s)
gen 100  best  147.478  mean  144.543  sigma 0.397  (  389s)   REAL hits/ep 1.04
gen 101  best  146.351  mean  144.596  sigma 0.397  (  400s)
gen 102  best  147.175  mean  144.444  sigma 0.397  (  402s)
gen 103  best  146.698  mean  143.977  sigma 0.397  (  403s)
gen 104  best  146.010  mean  143.896  sigma 0.397  (  404s)
gen 105  best  148.760  mean  145.406  sigma 0.397  (  406s)   REAL hits/ep 1.08
gen 106  best  145.705  mean  144.069  sigma 0.397  (  417s)
gen 107  best  146.834  mean  144.539  sigma 0.397  (  418s)
gen 108  best  146.729  mean  144.916  sigma 0.397  (  420s)
gen 109  best  145.727  mean  143.886  sigma 0.397  (  421s)
gen 110  best  147.195  mean  144.568  sigma 0.397  (  422s)   REAL hits/ep 1.12
gen 111  best  147.382  mean  144.815  sigma 0.396  (  434s)
gen 112  best  146.413  mean  144.362  sigma 0.396  (  435s)
gen 113  best  146.831  mean  144.615  sigma 0.396  (  436s)
gen 114  best  147.366  mean  145.354  sigma 0.396  (  437s)
gen 115  best  145.443  mean  143.301  sigma 0.396  (  439s)   REAL hits/ep 1.00
gen 116  best  147.090  mean  144.768  sigma 0.396  (  450s)
gen 117  best  145.664  mean  143.730  sigma 0.396  (  451s)
gen 118  best  146.194  mean  142.712  sigma 0.396  (  453s)
gen 119  best  145.919  mean  144.123  sigma 0.396  (  454s)
gen 120  best  147.386  mean  144.324  sigma 0.396  (  456s)   REAL hits/ep 1.08
gen 121  best  148.660  mean  145.917  sigma 0.396  (  467s)
gen 122  best  146.376  mean  144.160  sigma 0.396  (  468s)
gen 123  best  146.554  mean  144.543  sigma 0.396  (  470s)
gen 124  best  146.974  mean  145.093  sigma 0.396  (  471s)
gen 125  best  147.204  mean  144.770  sigma 0.396  (  473s)   REAL hits/ep 1.04
gen 126  best  146.175  mean  144.040  sigma 0.396  (  484s)
gen 127  best  146.507  mean  144.579  sigma 0.396  (  485s)
gen 128  best  146.294  mean  144.471  sigma 0.396  (  487s)
gen 129  best  147.004  mean  144.270  sigma 0.396  (  488s)
gen 130  best  147.050  mean  143.962  sigma 0.397  (  490s)   REAL hits/ep 1.08
gen 131  best  147.497  mean  144.248  sigma 0.397  (  502s)
gen 132  best  146.232  mean  143.041  sigma 0.397  (  503s)
gen 133  best  148.554  mean  145.233  sigma 0.397  (  504s)
gen 134  best  146.937  mean  144.868  sigma 0.397  (  506s)
gen 135  best  146.662  mean  144.340  sigma 0.397  (  507s)   REAL hits/ep 1.04
gen 136  best  148.275  mean  144.591  sigma 0.397  (  520s)
gen 137  best  146.430  mean  143.281  sigma 0.397  (  521s)
gen 138  best  146.430  mean  143.252  sigma 0.397  (  523s)
gen 139  best  147.428  mean  145.366  sigma 0.398  (  524s)
gen 140  best  147.376  mean  144.309  sigma 0.398  (  525s)   REAL hits/ep 1.12
gen 141  best  146.192  mean  144.248  sigma 0.398  (  537s)
gen 142  best  146.773  mean  144.901  sigma 0.398  (  539s)
gen 143  best  146.320  mean  144.548  sigma 0.398  (  540s)
gen 144  best  146.917  mean  145.357  sigma 0.398  (  541s)
gen 145  best  146.783  mean  145.214  sigma 0.398  (  543s)   REAL hits/ep 1.00
gen 146  best  147.043  mean  144.974  sigma 0.398  (  554s)
gen 147  best  148.484  mean  145.704  sigma 0.398  (  556s)
gen 148  best  147.684  mean  144.962  sigma 0.398  (  557s)
gen 149  best  147.556  mean  145.442  sigma 0.398  (  558s)
gen 150  best  147.469  mean  145.157  sigma 0.398  (  559s)   REAL hits/ep 1.04
gen 151  best  149.180  mean  146.727  sigma 0.398  (  570s)
gen 152  best  148.403  mean  145.974  sigma 0.398  (  572s)
gen 153  best  147.493  mean  145.721  sigma 0.398  (  573s)
gen 154  best  146.325  mean  144.753  sigma 0.398  (  574s)
gen 155  best  146.832  mean  144.633  sigma 0.398  (  576s)   REAL hits/ep 1.04
gen 156  best  147.800  mean  145.431  sigma 0.398  (  586s)
gen 157  best  147.862  mean  145.010  sigma 0.398  (  588s)
gen 158  best  148.082  mean  145.714  sigma 0.398  (  589s)
gen 159  best  147.740  mean  145.171  sigma 0.398  (  590s)
gen 160  best  147.828  mean  145.282  sigma 0.397  (  591s)   REAL hits/ep 1.08
gen 161  best  145.842  mean  144.294  sigma 0.397  (  603s)
gen 162  best  146.977  mean  145.113  sigma 0.397  (  604s)
gen 163  best  147.173  mean  145.182  sigma 0.397  (  606s)
gen 164  best  147.852  mean  145.533  sigma 0.397  (  607s)
gen 165  best  146.200  mean  144.934  sigma 0.397  (  608s)   REAL hits/ep 0.96
gen 166  best  148.387  mean  146.051  sigma 0.397  (  619s)
gen 167  best  147.262  mean  145.161  sigma 0.396  (  620s)
gen 168  best  146.089  mean  144.202  sigma 0.396  (  621s)
gen 169  best  147.670  mean  145.581  sigma 0.396  (  623s)
gen 170  best  147.639  mean  145.385  sigma 0.396  (  624s)   REAL hits/ep 1.12
gen 171  best  147.084  mean  144.810  sigma 0.396  (  635s)
gen 172  best  147.147  mean  144.373  sigma 0.396  (  637s)
gen 173  best  146.092  mean  143.844  sigma 0.396  (  638s)
gen 174  best  148.709  mean  146.204  sigma 0.396  (  639s)
gen 175  best  146.343  mean  144.492  sigma 0.395  (  641s)   REAL hits/ep 1.12
gen 176  best  147.291  mean  144.536  sigma 0.395  (  651s)
gen 177  best  147.268  mean  144.695  sigma 0.395  (  652s)
gen 178  best  147.904  mean  145.909  sigma 0.395  (  654s)
gen 179  best  148.437  mean  146.271  sigma 0.395  (  655s)
gen 180  best  146.887  mean  145.161  sigma 0.395  (  656s)   REAL hits/ep 1.00
gen 181  best  148.121  mean  145.677  sigma 0.395  (  667s)
gen 182  best  147.480  mean  145.034  sigma 0.395  (  668s)
gen 183  best  145.911  mean  144.369  sigma 0.395  (  669s)
gen 184  best  146.937  mean  144.998  sigma 0.395  (  671s)
gen 185  best  148.674  mean  146.334  sigma 0.394  (  672s)   REAL hits/ep 1.21
gen 186  best  148.359  mean  146.262  sigma 0.394  (  683s)
gen 187  best  146.755  mean  145.220  sigma 0.394  (  684s)
gen 188  best  147.548  mean  145.463  sigma 0.394  (  685s)
gen 189  best  146.996  mean  145.292  sigma 0.394  (  687s)
gen 190  best  148.910  mean  146.755  sigma 0.394  (  688s)   REAL hits/ep 1.08
gen 191  best  147.659  mean  144.911  sigma 0.393  (  698s)
gen 192  best  147.298  mean  145.643  sigma 0.393  (  699s)
gen 193  best  148.304  mean  145.916  sigma 0.393  (  701s)
gen 194  best  147.830  mean  145.909  sigma 0.393  (  702s)
gen 195  best  147.581  mean  145.392  sigma 0.393  (  703s)   REAL hits/ep 1.08
gen 196  best  147.178  mean  144.869  sigma 0.393  (  712s)
gen 197  best  148.582  mean  146.313  sigma 0.393  (  712s)
gen 198  best  148.590  mean  146.159  sigma 0.393  (  713s)
gen 199  best  148.522  mean  145.584  sigma 0.393  (  714s)   REAL hits/ep 0.92

best real hits/ep 1.583 | final dream fitness 148.522 | 721s -> runs/ctrl_v31_tau1
