real env: {'ball_radius': 0.08, 'mass_from_color': False, 'mass_holdout': None, 'mass_only': None, 'occluder': True, 'occluder_y': [0.13, 0.63], 'paddle_w': 0.16}
M: runs/rnn_v31/rnn.pt  z_dim 16  hidden 256  K 5
computing input normalisation from the training set ...
  38400 samples; h std in [0.0727, 0.7173]; 0 dead LSTM units
C: inputs=z  in_dim=16  n_params=51
start pool: 450 episodes x 200 steps
gen   0  best  122.668  mean  105.535  sigma 0.472  (    2s)   REAL hits/ep 0.58
gen   1  best  126.938  mean  113.066  sigma 0.451  (   15s)
gen   2  best  123.049  mean  113.237  sigma 0.440  (   16s)
gen   3  best  126.343  mean  109.976  sigma 0.431  (   17s)
gen   4  best  125.083  mean  117.428  sigma 0.426  (   18s)
gen   5  best  124.188  mean  116.403  sigma 0.419  (   19s)   REAL hits/ep 0.71
gen   6  best  124.793  mean  116.752  sigma 0.410  (   32s)
gen   7  best  128.757  mean  115.803  sigma 0.403  (   33s)
gen   8  best  127.225  mean  118.041  sigma 0.404  (   34s)
gen   9  best  127.709  mean  118.453  sigma 0.406  (   36s)
gen  10  best  130.633  mean  121.756  sigma 0.407  (   37s)   REAL hits/ep 0.58
gen  11  best  130.184  mean  123.021  sigma 0.410  (   50s)
gen  12  best  129.012  mean  122.543  sigma 0.410  (   51s)
gen  13  best  129.091  mean  123.001  sigma 0.406  (   52s)
gen  14  best  131.460  mean  125.116  sigma 0.405  (   53s)
gen  15  best  129.681  mean  123.093  sigma 0.406  (   54s)   REAL hits/ep 0.79
gen  16  best  127.796  mean  122.231  sigma 0.410  (   67s)
gen  17  best  131.263  mean  123.951  sigma 0.413  (   69s)
gen  18  best  130.801  mean  125.021  sigma 0.417  (   70s)
gen  19  best  131.027  mean  125.937  sigma 0.422  (   71s)
gen  20  best  131.271  mean  126.782  sigma 0.427  (   73s)   REAL hits/ep 0.62
gen  21  best  134.698  mean  128.762  sigma 0.430  (   85s)
gen  22  best  133.036  mean  128.365  sigma 0.435  (   86s)
gen  23  best  131.521  mean  127.523  sigma 0.445  (   88s)
gen  24  best  132.216  mean  129.102  sigma 0.451  (   89s)
gen  25  best  132.852  mean  128.322  sigma 0.455  (   90s)   REAL hits/ep 0.88
gen  26  best  132.248  mean  127.967  sigma 0.456  (  103s)
gen  27  best  131.952  mean  127.183  sigma 0.460  (  104s)
gen  28  best  132.456  mean  126.702  sigma 0.466  (  105s)
gen  29  best  131.745  mean  127.715  sigma 0.468  (  106s)
gen  30  best  133.493  mean  129.681  sigma 0.471  (  108s)   REAL hits/ep 0.67
gen  31  best  131.012  mean  127.341  sigma 0.469  (  120s)
gen  32  best  132.780  mean  127.823  sigma 0.473  (  121s)
gen  33  best  133.028  mean  128.329  sigma 0.468  (  122s)
gen  34  best  133.279  mean  127.234  sigma 0.459  (  123s)
gen  35  best  133.360  mean  127.564  sigma 0.458  (  125s)   REAL hits/ep 0.54
gen  36  best  134.240  mean  129.594  sigma 0.453  (  137s)
gen  37  best  132.338  mean  129.477  sigma 0.450  (  138s)
gen  38  best  133.254  mean  127.547  sigma 0.444  (  139s)
gen  39  best  133.672  mean  129.413  sigma 0.437  (  141s)
gen  40  best  133.578  mean  129.682  sigma 0.433  (  142s)   REAL hits/ep 0.62
gen  41  best  134.460  mean  130.481  sigma 0.431  (  154s)
gen  42  best  135.982  mean  129.880  sigma 0.431  (  155s)
gen  43  best  133.674  mean  130.502  sigma 0.429  (  157s)
gen  44  best  132.494  mean  128.838  sigma 0.432  (  158s)
gen  45  best  135.840  mean  132.308  sigma 0.436  (  159s)   REAL hits/ep 0.71
gen  46  best  133.965  mean  131.118  sigma 0.443  (  171s)
gen  47  best  134.930  mean  130.412  sigma 0.446  (  173s)
gen  48  best  134.478  mean  130.714  sigma 0.448  (  174s)
gen  49  best  132.954  mean  129.480  sigma 0.456  (  175s)
gen  50  best  135.621  mean  130.076  sigma 0.456  (  176s)   REAL hits/ep 0.96
gen  51  best  135.118  mean  131.561  sigma 0.454  (  188s)
gen  52  best  134.169  mean  129.057  sigma 0.454  (  189s)
gen  53  best  134.002  mean  129.999  sigma 0.445  (  191s)
gen  54  best  135.341  mean  131.788  sigma 0.439  (  192s)
gen  55  best  134.814  mean  130.778  sigma 0.440  (  193s)   REAL hits/ep 0.71
gen  56  best  137.245  mean  131.646  sigma 0.437  (  205s)
gen  57  best  134.327  mean  131.053  sigma 0.433  (  206s)
gen  58  best  133.796  mean  130.145  sigma 0.430  (  208s)
gen  59  best  135.272  mean  130.788  sigma 0.428  (  209s)
gen  60  best  134.052  mean  130.352  sigma 0.425  (  210s)   REAL hits/ep 0.71
gen  61  best  134.784  mean  130.592  sigma 0.428  (  223s)
gen  62  best  133.857  mean  130.393  sigma 0.428  (  224s)
gen  63  best  132.941  mean  130.349  sigma 0.425  (  225s)
gen  64  best  133.750  mean  130.927  sigma 0.420  (  227s)
gen  65  best  134.927  mean  131.002  sigma 0.418  (  228s)   REAL hits/ep 0.75
gen  66  best  133.913  mean  131.389  sigma 0.413  (  241s)
gen  67  best  134.813  mean  130.547  sigma 0.405  (  243s)
gen  68  best  135.926  mean  132.991  sigma 0.399  (  244s)
gen  69  best  136.760  mean  132.241  sigma 0.396  (  245s)
gen  70  best  134.838  mean  132.009  sigma 0.394  (  246s)   REAL hits/ep 0.71
gen  71  best  134.343  mean  131.026  sigma 0.397  (  258s)
gen  72  best  134.616  mean  131.941  sigma 0.402  (  260s)
gen  73  best  136.554  mean  131.655  sigma 0.412  (  261s)
gen  74  best  134.704  mean  132.320  sigma 0.411  (  262s)
gen  75  best  136.039  mean  133.032  sigma 0.409  (  263s)   REAL hits/ep 0.75
gen  76  best  135.413  mean  131.914  sigma 0.406  (  275s)
gen  77  best  136.181  mean  132.402  sigma 0.402  (  276s)
gen  78  best  134.763  mean  132.276  sigma 0.399  (  278s)
gen  79  best  136.249  mean  133.115  sigma 0.391  (  279s)
gen  80  best  134.629  mean  132.239  sigma 0.387  (  280s)   REAL hits/ep 0.83
gen  81  best  134.474  mean  132.462  sigma 0.383  (  293s)
gen  82  best  137.041  mean  133.407  sigma 0.386  (  294s)
gen  83  best  135.496  mean  132.298  sigma 0.383  (  295s)
gen  84  best  135.731  mean  132.659  sigma 0.377  (  296s)
gen  85  best  136.959  mean  132.721  sigma 0.372  (  297s)   REAL hits/ep 0.79
gen  86  best  134.517  mean  131.691  sigma 0.369  (  310s)
gen  87  best  134.902  mean  132.365  sigma 0.361  (  311s)
gen  88  best  136.647  mean  133.162  sigma 0.353  (  313s)
gen  89  best  134.370  mean  132.414  sigma 0.345  (  314s)
gen  90  best  136.459  mean  132.690  sigma 0.341  (  315s)   REAL hits/ep 0.79
gen  91  best  135.015  mean  132.235  sigma 0.336  (  328s)
gen  92  best  136.044  mean  133.564  sigma 0.330  (  329s)
gen  93  best  134.469  mean  132.660  sigma 0.328  (  330s)
gen  94  best  133.284  mean  129.657  sigma 0.324  (  332s)
gen  95  best  136.673  mean  132.808  sigma 0.328  (  333s)   REAL hits/ep 0.79
gen  96  best  134.561  mean  132.650  sigma 0.333  (  346s)
gen  97  best  135.874  mean  132.734  sigma 0.337  (  347s)
gen  98  best  134.660  mean  131.916  sigma 0.337  (  349s)
gen  99  best  136.237  mean  132.832  sigma 0.332  (  350s)
gen 100  best  135.528  mean  133.041  sigma 0.331  (  351s)   REAL hits/ep 0.75
gen 101  best  135.598  mean  132.652  sigma 0.330  (  364s)
gen 102  best  136.387  mean  133.413  sigma 0.330  (  365s)
gen 103  best  134.404  mean  131.914  sigma 0.333  (  366s)
gen 104  best  134.474  mean  131.564  sigma 0.335  (  367s)
gen 105  best  135.772  mean  132.273  sigma 0.336  (  368s)   REAL hits/ep 0.71
gen 106  best  134.810  mean  132.106  sigma 0.335  (  381s)
gen 107  best  135.138  mean  131.642  sigma 0.335  (  382s)
gen 108  best  137.020  mean  134.158  sigma 0.333  (  383s)
gen 109  best  135.782  mean  131.890  sigma 0.330  (  384s)
gen 110  best  136.601  mean  132.297  sigma 0.328  (  385s)   REAL hits/ep 0.62
gen 111  best  135.517  mean  131.914  sigma 0.330  (  398s)
gen 112  best  135.536  mean  133.508  sigma 0.338  (  399s)
gen 113  best  135.554  mean  131.467  sigma 0.345  (  400s)
gen 114  best  136.711  mean  133.787  sigma 0.357  (  401s)
gen 115  best  133.734  mean  131.948  sigma 0.364  (  402s)   REAL hits/ep 0.71
gen 116  best  136.590  mean  134.450  sigma 0.367  (  416s)
gen 117  best  136.258  mean  133.514  sigma 0.371  (  417s)
gen 118  best  134.801  mean  132.334  sigma 0.374  (  419s)
gen 119  best  134.670  mean  131.992  sigma 0.375  (  420s)
gen 120  best  135.157  mean  133.258  sigma 0.373  (  421s)   REAL hits/ep 0.96
gen 121  best  138.066  mean  134.473  sigma 0.371  (  433s)
gen 122  best  135.241  mean  133.063  sigma 0.369  (  434s)
gen 123  best  135.670  mean  132.275  sigma 0.367  (  436s)
gen 124  best  135.951  mean  133.871  sigma 0.368  (  437s)
gen 125  best  135.811  mean  133.423  sigma 0.366  (  438s)   REAL hits/ep 0.92
gen 126  best  135.347  mean  132.858  sigma 0.364  (  451s)
gen 127  best  135.813  mean  133.475  sigma 0.362  (  452s)
gen 128  best  135.718  mean  132.843  sigma 0.362  (  453s)
gen 129  best  134.028  mean  131.973  sigma 0.359  (  454s)
gen 130  best  136.572  mean  133.513  sigma 0.354  (  456s)   REAL hits/ep 0.75
gen 131  best  136.858  mean  133.748  sigma 0.351  (  468s)
gen 132  best  134.390  mean  131.963  sigma 0.346  (  469s)
gen 133  best  135.399  mean  133.315  sigma 0.347  (  470s)
gen 134  best  135.656  mean  133.254  sigma 0.349  (  472s)
gen 135  best  135.644  mean  132.402  sigma 0.349  (  473s)   REAL hits/ep 0.75
gen 136  best  135.290  mean  132.831  sigma 0.349  (  486s)
gen 137  best  134.021  mean  131.994  sigma 0.342  (  487s)
gen 138  best  136.363  mean  131.857  sigma 0.336  (  488s)
gen 139  best  135.350  mean  132.976  sigma 0.328  (  490s)
gen 140  best  135.106  mean  131.638  sigma 0.319  (  491s)   REAL hits/ep 0.71
gen 141  best  134.953  mean  132.240  sigma 0.316  (  504s)
gen 142  best  135.703  mean  133.319  sigma 0.315  (  505s)
gen 143  best  134.751  mean  132.379  sigma 0.312  (  506s)
gen 144  best  137.289  mean  133.442  sigma 0.317  (  507s)
gen 145  best  135.055  mean  132.860  sigma 0.321  (  508s)   REAL hits/ep 0.75
gen 146  best  136.929  mean  133.554  sigma 0.324  (  521s)
gen 147  best  135.593  mean  132.878  sigma 0.326  (  522s)
gen 148  best  137.313  mean  132.800  sigma 0.332  (  524s)
gen 149  best  136.034  mean  133.740  sigma 0.334  (  525s)
gen 150  best  134.921  mean  132.278  sigma 0.336  (  526s)   REAL hits/ep 0.75
gen 151  best  138.124  mean  134.951  sigma 0.335  (  539s)
gen 152  best  137.935  mean  134.051  sigma 0.339  (  540s)
gen 153  best  137.228  mean  134.605  sigma 0.340  (  541s)
gen 154  best  134.982  mean  132.207  sigma 0.333  (  542s)
gen 155  best  134.576  mean  133.002  sigma 0.323  (  543s)   REAL hits/ep 0.88
gen 156  best  135.554  mean  133.876  sigma 0.320  (  556s)
gen 157  best  135.948  mean  133.265  sigma 0.318  (  557s)
gen 158  best  137.818  mean  135.026  sigma 0.315  (  558s)
gen 159  best  136.197  mean  133.690  sigma 0.311  (  560s)
gen 160  best  137.133  mean  133.799  sigma 0.309  (  561s)   REAL hits/ep 0.83
gen 161  best  136.682  mean  133.511  sigma 0.311  (  573s)
gen 162  best  136.495  mean  133.230  sigma 0.314  (  574s)
gen 163  best  136.186  mean  133.878  sigma 0.318  (  575s)
gen 164  best  136.933  mean  133.342  sigma 0.316  (  577s)
gen 165  best  135.505  mean  133.369  sigma 0.316  (  578s)   REAL hits/ep 0.62
gen 166  best  136.157  mean  133.883  sigma 0.315  (  591s)
gen 167  best  135.422  mean  132.691  sigma 0.312  (  592s)
gen 168  best  134.594  mean  131.860  sigma 0.309  (  593s)
gen 169  best  136.666  mean  133.608  sigma 0.306  (  595s)
gen 170  best  135.469  mean  133.393  sigma 0.306  (  596s)   REAL hits/ep 0.67
gen 171  best  135.932  mean  133.848  sigma 0.302  (  608s)
gen 172  best  135.499  mean  132.466  sigma 0.296  (  609s)
gen 173  best  136.139  mean  133.135  sigma 0.293  (  610s)
gen 174  best  137.280  mean  135.009  sigma 0.289  (  611s)
gen 175  best  137.310  mean  133.144  sigma 0.286  (  613s)   REAL hits/ep 0.71
gen 176  best  136.304  mean  132.779  sigma 0.283  (  625s)
gen 177  best  135.414  mean  133.070  sigma 0.281  (  626s)
gen 178  best  137.811  mean  135.140  sigma 0.280  (  627s)
gen 179  best  136.625  mean  134.291  sigma 0.280  (  628s)
gen 180  best  136.937  mean  134.686  sigma 0.280  (  629s)   REAL hits/ep 0.92
gen 181  best  137.875  mean  134.198  sigma 0.276  (  642s)
gen 182  best  134.903  mean  132.822  sigma 0.274  (  643s)
gen 183  best  135.412  mean  133.682  sigma 0.274  (  644s)
gen 184  best  136.051  mean  133.052  sigma 0.271  (  645s)
gen 185  best  136.030  mean  133.999  sigma 0.269  (  646s)   REAL hits/ep 0.71
gen 186  best  138.146  mean  134.767  sigma 0.266  (  659s)
gen 187  best  135.803  mean  133.459  sigma 0.265  (  660s)
gen 188  best  136.901  mean  134.057  sigma 0.262  (  661s)
gen 189  best  135.709  mean  133.248  sigma 0.264  (  662s)
gen 190  best  137.432  mean  134.682  sigma 0.265  (  663s)   REAL hits/ep 0.67
gen 191  best  136.996  mean  132.352  sigma 0.263  (  676s)
gen 192  best  134.756  mean  132.510  sigma 0.263  (  677s)
gen 193  best  136.155  mean  134.306  sigma 0.264  (  678s)
gen 194  best  137.524  mean  133.706  sigma 0.268  (  679s)
gen 195  best  136.568  mean  133.938  sigma 0.271  (  680s)   REAL hits/ep 0.75
gen 196  best  136.170  mean  133.845  sigma 0.274  (  693s)
gen 197  best  136.877  mean  133.696  sigma 0.279  (  694s)
gen 198  best  135.709  mean  133.221  sigma 0.282  (  695s)
gen 199  best  136.237  mean  133.316  sigma 0.285  (  696s)   REAL hits/ep 0.67

best real hits/ep 0.958 | final dream fitness 136.237 | 708s -> runs/ctrl_v31_z_only_tau1
