M: runs/rnn_v1/rnn.pt  z_dim 16  hidden 256  K 5
computing input normalisation from the training set ...
  38400 samples; h std in [0.1004, 0.8413]; 0 dead LSTM units
C: inputs=zh  in_dim=272  n_params=819
start pool: 450 episodes x 200 steps
gen   0  best    2.125  mean    1.125  sigma 0.496  (   24s)   REAL hits/ep 2.50
gen   1  best    2.875  mean    1.047  sigma 0.493  (   52s)
gen   2  best    2.625  mean    1.086  sigma 0.490  (   76s)
gen   3  best    1.750  mean    0.977  sigma 0.487  (  100s)
gen   4  best    1.500  mean    0.906  sigma 0.484  (  124s)
gen   5  best    2.750  mean    1.148  sigma 0.481  (  149s)   REAL hits/ep 1.62
gen   6  best    1.375  mean    0.773  sigma 0.479  (  178s)
gen   7  best    2.500  mean    1.242  sigma 0.476  (  202s)
gen   8  best    3.625  mean    1.609  sigma 0.474  (  226s)
gen   9  best    3.250  mean    1.648  sigma 0.471  (  249s)
gen  10  best    4.000  mean    1.922  sigma 0.469  (  273s)   REAL hits/ep 2.08
gen  11  best    3.875  mean    1.672  sigma 0.467  (  302s)
gen  12  best    2.500  mean    1.703  sigma 0.465  (  325s)
gen  13  best    3.250  mean    1.398  sigma 0.463  (  349s)
gen  14  best    2.750  mean    1.227  sigma 0.461  (  373s)
gen  15  best    2.875  mean    1.609  sigma 0.459  (  397s)   REAL hits/ep 1.17
gen  16  best    1.875  mean    0.938  sigma 0.457  (  429s)
gen  17  best    1.750  mean    0.773  sigma 0.455  (  453s)
gen  18  best    3.000  mean    1.383  sigma 0.453  (  477s)
gen  19  best    3.625  mean    1.586  sigma 0.451  (  501s)
gen  20  best    3.875  mean    1.945  sigma 0.450  (  525s)   REAL hits/ep 2.79
gen  21  best    3.625  mean    1.961  sigma 0.448  (  554s)
gen  22  best    3.250  mean    1.859  sigma 0.446  (  577s)
gen  23  best    4.500  mean    2.281  sigma 0.445  (  601s)
gen  24  best    3.750  mean    2.023  sigma 0.443  (  625s)
gen  25  best    3.500  mean    1.688  sigma 0.442  (  649s)   REAL hits/ep 1.96
gen  26  best    4.375  mean    2.094  sigma 0.440  (  677s)
gen  27  best    2.625  mean    1.508  sigma 0.439  (  701s)
gen  28  best    3.500  mean    2.102  sigma 0.438  (  725s)
gen  29  best    3.875  mean    2.148  sigma 0.436  (  750s)
gen  30  best    1.875  mean    1.273  sigma 0.435  (  774s)   REAL hits/ep 1.54
gen  31  best    3.250  mean    1.648  sigma 0.434  (  803s)
gen  32  best    3.125  mean    1.758  sigma 0.432  (  827s)
gen  33  best    2.875  mean    1.516  sigma 0.431  (  850s)
gen  34  best    3.125  mean    1.859  sigma 0.430  (  874s)
gen  35  best    2.375  mean    1.266  sigma 0.429  (  898s)   REAL hits/ep 2.04
gen  36  best    4.375  mean    1.961  sigma 0.428  (  927s)
gen  37  best    2.000  mean    1.375  sigma 0.426  (  951s)
gen  38  best    3.375  mean    1.719  sigma 0.425  (  974s)
gen  39  best    3.375  mean    2.102  sigma 0.424  (  998s)   REAL hits/ep 3.58

best real hits/ep 3.583 | final dream fitness 3.375 | 1002s -> runs/ctrl_real
