real env: {'ball_radius': 0.08, 'mass_from_color': False, 'mass_holdout': None, 'mass_only': None, 'occluder': True, 'occluder_y': [0.13, 0.63], 'paddle_w': 0.16}
M: runs/rnn_v31/rnn.pt  z_dim 16  hidden 256  K 5
computing input normalisation from the training set ...
  38400 samples; h std in [0.0727, 0.7173]; 0 dead LSTM units
C: inputs=zh  in_dim=272  n_params=819
start pool: 450 episodes x 200 steps
gen   0  best  123.198  mean  107.953  sigma 0.494  (    2s)   REAL hits/ep 0.46
gen   1  best  131.186  mean  110.142  sigma 0.489  (   16s)
gen   2  best  136.257  mean  116.607  sigma 0.485  (   17s)
gen   3  best  127.743  mean  111.042  sigma 0.481  (   18s)
gen   4  best  146.950  mean  120.589  sigma 0.476  (   19s)
gen   5  best  140.216  mean  122.701  sigma 0.473  (   21s)   REAL hits/ep 0.67
gen   6  best  143.611  mean  127.596  sigma 0.469  (   35s)
gen   7  best  155.059  mean  128.522  sigma 0.466  (   36s)
gen   8  best  153.663  mean  133.917  sigma 0.463  (   37s)
gen   9  best  150.441  mean  133.363  sigma 0.460  (   38s)
gen  10  best  154.417  mean  140.112  sigma 0.457  (   40s)   REAL hits/ep 0.88
gen  11  best  158.111  mean  145.899  sigma 0.454  (   53s)
gen  12  best  157.793  mean  145.523  sigma 0.451  (   54s)
gen  13  best  159.533  mean  144.149  sigma 0.449  (   55s)
gen  14  best  155.612  mean  141.713  sigma 0.447  (   57s)
gen  15  best  158.334  mean  142.832  sigma 0.444  (   58s)   REAL hits/ep 0.83
gen  16  best  155.804  mean  147.050  sigma 0.442  (   71s)
gen  17  best  158.616  mean  149.707  sigma 0.440  (   72s)
gen  18  best  160.011  mean  149.336  sigma 0.438  (   74s)
gen  19  best  159.848  mean  153.794  sigma 0.436  (   75s)
gen  20  best  161.475  mean  153.467  sigma 0.434  (   76s)   REAL hits/ep 0.88
gen  21  best  161.538  mean  154.807  sigma 0.432  (   89s)
gen  22  best  161.620  mean  157.144  sigma 0.430  (   91s)
gen  23  best  164.242  mean  157.916  sigma 0.428  (   92s)
gen  24  best  163.718  mean  158.576  sigma 0.427  (   93s)
gen  25  best  165.151  mean  160.757  sigma 0.425  (   94s)   REAL hits/ep 0.83
gen  26  best  162.988  mean  155.051  sigma 0.423  (  107s)
gen  27  best  162.725  mean  158.592  sigma 0.422  (  108s)
gen  28  best  164.439  mean  162.284  sigma 0.420  (  109s)
gen  29  best  162.066  mean  157.192  sigma 0.419  (  111s)
gen  30  best  165.500  mean  163.518  sigma 0.417  (  112s)   REAL hits/ep 0.92
gen  31  best  159.658  mean  156.052  sigma 0.416  (  126s)
gen  32  best  161.307  mean  158.999  sigma 0.415  (  127s)
gen  33  best  162.470  mean  159.256  sigma 0.413  (  128s)
gen  34  best  161.179  mean  157.903  sigma 0.412  (  129s)
gen  35  best  164.132  mean  159.708  sigma 0.411  (  131s)   REAL hits/ep 0.71
gen  36  best  162.621  mean  160.568  sigma 0.410  (  147s)
gen  37  best  161.797  mean  157.562  sigma 0.409  (  148s)
gen  38  best  163.577  mean  162.219  sigma 0.408  (  150s)
gen  39  best  162.958  mean  159.651  sigma 0.407  (  151s)
gen  40  best  164.238  mean  162.210  sigma 0.406  (  152s)   REAL hits/ep 0.75
gen  41  best  164.565  mean  163.803  sigma 0.406  (  169s)
gen  42  best  163.019  mean  160.366  sigma 0.405  (  170s)
gen  43  best  160.566  mean  158.599  sigma 0.404  (  171s)
gen  44  best  161.845  mean  159.971  sigma 0.403  (  173s)
gen  45  best  163.039  mean  161.991  sigma 0.403  (  175s)   REAL hits/ep 1.12
gen  46  best  164.194  mean  163.475  sigma 0.402  (  193s)
gen  47  best  162.593  mean  161.869  sigma 0.401  (  196s)
gen  48  best  163.300  mean  162.252  sigma 0.401  (  197s)
gen  49  best  163.900  mean  163.190  sigma 0.400  (  201s)
gen  50  best  162.838  mean  161.352  sigma 0.400  (  203s)   REAL hits/ep 1.17
gen  51  best  164.505  mean  162.660  sigma 0.399  (  222s)
gen  52  best  164.900  mean  164.048  sigma 0.399  (  223s)
gen  53  best  162.056  mean  161.016  sigma 0.398  (  224s)
gen  54  best  164.499  mean  163.421  sigma 0.398  (  226s)
gen  55  best  165.560  mean  165.283  sigma 0.397  (  227s)   REAL hits/ep 1.08
gen  56  best  165.698  mean  164.747  sigma 0.397  (  241s)
gen  57  best  165.103  mean  164.367  sigma 0.396  (  242s)
gen  58  best  162.733  mean  161.679  sigma 0.396  (  244s)
gen  59  best  163.720  mean  162.991  sigma 0.396  (  245s)
gen  60  best  163.800  mean  163.314  sigma 0.395  (  246s)   REAL hits/ep 1.21
gen  61  best  163.098  mean  162.249  sigma 0.395  (  259s)
gen  62  best  161.263  mean  160.342  sigma 0.394  (  260s)
gen  63  best  163.821  mean  162.856  sigma 0.394  (  262s)
gen  64  best  164.074  mean  163.041  sigma 0.394  (  263s)
gen  65  best  162.884  mean  161.450  sigma 0.393  (  266s)   REAL hits/ep 1.12
gen  66  best  163.425  mean  162.086  sigma 0.393  (  282s)
gen  67  best  164.440  mean  163.269  sigma 0.393  (  284s)
gen  68  best  163.956  mean  163.363  sigma 0.392  (  285s)
gen  69  best  164.657  mean  163.832  sigma 0.392  (  286s)
gen  70  best  164.556  mean  163.769  sigma 0.392  (  288s)   REAL hits/ep 1.21
gen  71  best  163.410  mean  162.285  sigma 0.392  (  302s)
gen  72  best  164.891  mean  163.897  sigma 0.392  (  304s)
gen  73  best  164.875  mean  164.642  sigma 0.391  (  305s)
gen  74  best  164.787  mean  163.562  sigma 0.391  (  307s)
gen  75  best  163.789  mean  163.147  sigma 0.391  (  309s)   REAL hits/ep 1.08
gen  76  best  165.363  mean  164.958  sigma 0.391  (  325s)
gen  77  best  164.174  mean  163.615  sigma 0.391  (  326s)
gen  78  best  164.147  mean  163.038  sigma 0.391  (  328s)
gen  79  best  165.091  mean  164.479  sigma 0.391  (  329s)
gen  80  best  163.691  mean  163.228  sigma 0.390  (  331s)   REAL hits/ep 0.92
gen  81  best  162.534  mean  161.756  sigma 0.390  (  347s)
gen  82  best  165.949  mean  165.564  sigma 0.390  (  349s)
gen  83  best  164.966  mean  164.455  sigma 0.390  (  350s)
gen  84  best  165.424  mean  164.836  sigma 0.390  (  352s)
gen  85  best  163.885  mean  163.151  sigma 0.390  (  354s)   REAL hits/ep 1.08
gen  86  best  162.693  mean  161.891  sigma 0.390  (  370s)
gen  87  best  163.896  mean  163.127  sigma 0.389  (  372s)
gen  88  best  163.019  mean  161.980  sigma 0.389  (  373s)
gen  89  best  164.488  mean  164.047  sigma 0.389  (  374s)
gen  90  best  163.330  mean  162.831  sigma 0.389  (  376s)   REAL hits/ep 0.96
gen  91  best  164.563  mean  163.942  sigma 0.389  (  389s)
gen  92  best  165.694  mean  165.404  sigma 0.389  (  390s)
gen  93  best  163.578  mean  162.707  sigma 0.389  (  391s)
gen  94  best  162.851  mean  162.253  sigma 0.389  (  392s)
gen  95  best  163.635  mean  162.841  sigma 0.389  (  394s)   REAL hits/ep 0.92
gen  96  best  164.741  mean  164.451  sigma 0.389  (  407s)
gen  97  best  163.984  mean  163.074  sigma 0.389  (  408s)
gen  98  best  164.895  mean  163.652  sigma 0.389  (  409s)
gen  99  best  164.940  mean  164.278  sigma 0.389  (  410s)
gen 100  best  164.417  mean  164.094  sigma 0.389  (  411s)   REAL hits/ep 1.00
gen 101  best  165.538  mean  164.599  sigma 0.389  (  424s)
gen 102  best  164.768  mean  163.777  sigma 0.388  (  425s)
gen 103  best  165.721  mean  164.580  sigma 0.388  (  426s)
gen 104  best  164.761  mean  163.284  sigma 0.388  (  428s)
gen 105  best  165.211  mean  164.071  sigma 0.388  (  429s)   REAL hits/ep 1.12
gen 106  best  165.758  mean  164.997  sigma 0.388  (  441s)
gen 107  best  166.678  mean  165.821  sigma 0.388  (  443s)
gen 108  best  166.416  mean  165.153  sigma 0.388  (  444s)
gen 109  best  165.056  mean  164.228  sigma 0.388  (  445s)
gen 110  best  163.619  mean  162.577  sigma 0.388  (  446s)   REAL hits/ep 1.21
gen 111  best  164.071  mean  163.207  sigma 0.388  (  459s)
gen 112  best  164.269  mean  163.656  sigma 0.389  (  461s)
gen 113  best  165.262  mean  164.534  sigma 0.389  (  462s)
gen 114  best  166.452  mean  165.285  sigma 0.389  (  463s)
gen 115  best  164.229  mean  163.551  sigma 0.389  (  465s)   REAL hits/ep 1.33
gen 116  best  165.909  mean  165.199  sigma 0.389  (  478s)
gen 117  best  163.826  mean  162.057  sigma 0.389  (  479s)
gen 118  best  164.513  mean  163.744  sigma 0.389  (  481s)
gen 119  best  166.442  mean  165.888  sigma 0.389  (  482s)
gen 120  best  166.203  mean  164.234  sigma 0.389  (  483s)   REAL hits/ep 1.04
gen 121  best  167.366  mean  166.421  sigma 0.389  (  497s)
gen 122  best  165.077  mean  164.159  sigma 0.389  (  498s)
gen 123  best  166.433  mean  165.927  sigma 0.389  (  499s)
gen 124  best  165.849  mean  165.050  sigma 0.389  (  500s)
gen 125  best  162.890  mean  162.221  sigma 0.389  (  502s)   REAL hits/ep 0.96
gen 126  best  162.977  mean  162.367  sigma 0.389  (  515s)
gen 127  best  163.617  mean  163.055  sigma 0.389  (  516s)
gen 128  best  166.484  mean  166.052  sigma 0.389  (  518s)
gen 129  best  164.681  mean  163.953  sigma 0.389  (  520s)
gen 130  best  164.953  mean  164.259  sigma 0.389  (  521s)   REAL hits/ep 1.12
gen 131  best  164.631  mean  163.967  sigma 0.389  (  535s)
gen 132  best  162.193  mean  161.180  sigma 0.390  (  536s)
gen 133  best  166.261  mean  165.752  sigma 0.390  (  537s)
gen 134  best  165.099  mean  164.498  sigma 0.390  (  538s)
gen 135  best  165.511  mean  164.553  sigma 0.390  (  539s)   REAL hits/ep 1.00
gen 136  best  166.148  mean  165.224  sigma 0.390  (  553s)
gen 137  best  161.284  mean  160.400  sigma 0.390  (  554s)
gen 138  best  165.808  mean  164.309  sigma 0.390  (  555s)
gen 139  best  164.933  mean  164.160  sigma 0.390  (  556s)
gen 140  best  164.080  mean  163.225  sigma 0.390  (  557s)   REAL hits/ep 0.92
gen 141  best  164.011  mean  163.038  sigma 0.390  (  570s)
gen 142  best  165.069  mean  164.674  sigma 0.390  (  571s)
gen 143  best  166.434  mean  165.970  sigma 0.389  (  572s)
gen 144  best  165.388  mean  164.853  sigma 0.389  (  573s)
gen 145  best  165.057  mean  164.585  sigma 0.389  (  575s)   REAL hits/ep 0.96
gen 146  best  164.690  mean  164.184  sigma 0.389  (  587s)
gen 147  best  165.080  mean  164.504  sigma 0.389  (  588s)
gen 148  best  165.246  mean  164.778  sigma 0.389  (  589s)
gen 149  best  165.812  mean  164.947  sigma 0.389  (  590s)
gen 150  best  164.195  mean  163.646  sigma 0.389  (  592s)   REAL hits/ep 0.92
gen 151  best  166.761  mean  166.035  sigma 0.389  (  605s)
gen 152  best  166.729  mean  166.087  sigma 0.389  (  606s)
gen 153  best  166.111  mean  164.648  sigma 0.389  (  607s)
gen 154  best  164.922  mean  164.221  sigma 0.389  (  608s)
gen 155  best  164.328  mean  163.120  sigma 0.388  (  610s)   REAL hits/ep 1.08
gen 156  best  164.658  mean  164.222  sigma 0.388  (  622s)
gen 157  best  165.472  mean  164.678  sigma 0.388  (  623s)
gen 158  best  166.169  mean  165.514  sigma 0.388  (  624s)
gen 159  best  165.475  mean  164.856  sigma 0.388  (  625s)
gen 160  best  165.786  mean  165.092  sigma 0.388  (  627s)   REAL hits/ep 0.92
gen 161  best  164.791  mean  164.048  sigma 0.388  (  639s)
gen 162  best  164.772  mean  164.131  sigma 0.388  (  640s)
gen 163  best  165.607  mean  165.224  sigma 0.387  (  641s)
gen 164  best  165.887  mean  165.281  sigma 0.387  (  642s)
gen 165  best  165.397  mean  165.042  sigma 0.387  (  644s)   REAL hits/ep 0.96
gen 166  best  166.483  mean  165.957  sigma 0.387  (  656s)
gen 167  best  163.594  mean  162.860  sigma 0.387  (  657s)
gen 168  best  164.229  mean  163.832  sigma 0.387  (  658s)
gen 169  best  165.036  mean  164.494  sigma 0.387  (  659s)
gen 170  best  165.918  mean  165.471  sigma 0.387  (  660s)   REAL hits/ep 1.00
gen 171  best  164.870  mean  164.275  sigma 0.387  (  672s)
gen 172  best  164.374  mean  163.866  sigma 0.387  (  674s)
gen 173  best  164.832  mean  164.117  sigma 0.387  (  675s)
gen 174  best  166.682  mean  166.343  sigma 0.387  (  676s)
gen 175  best  163.233  mean  162.806  sigma 0.387  (  677s)   REAL hits/ep 0.96
gen 176  best  165.725  mean  165.320  sigma 0.387  (  690s)
gen 177  best  164.710  mean  164.289  sigma 0.386  (  691s)
gen 178  best  165.636  mean  165.406  sigma 0.386  (  692s)
gen 179  best  165.722  mean  164.597  sigma 0.386  (  693s)
gen 180  best  163.824  mean  163.430  sigma 0.386  (  694s)   REAL hits/ep 1.04
gen 181  best  165.248  mean  164.304  sigma 0.386  (  704s)
gen 182  best  165.310  mean  164.719  sigma 0.386  (  705s)
gen 183  best  162.187  mean  161.481  sigma 0.386  (  706s)
gen 184  best  164.196  mean  163.719  sigma 0.386  (  707s)
gen 185  best  165.268  mean  164.838  sigma 0.386  (  708s)   REAL hits/ep 0.92
gen 186  best  163.192  mean  162.855  sigma 0.385  (  716s)
gen 187  best  166.128  mean  165.800  sigma 0.385  (  717s)
gen 188  best  164.811  mean  164.266  sigma 0.385  (  717s)
gen 189  best  165.748  mean  165.370  sigma 0.385  (  718s)
gen 190  best  166.410  mean  165.942  sigma 0.385  (  719s)   REAL hits/ep 0.88
gen 191  best  164.161  mean  163.429  sigma 0.385  (  726s)
gen 192  best  164.027  mean  163.452  sigma 0.384  (  726s)
gen 193  best  165.374  mean  165.011  sigma 0.384  (  727s)
gen 194  best  164.180  mean  163.717  sigma 0.384  (  728s)
gen 195  best  164.382  mean  163.887  sigma 0.384  (  728s)   REAL hits/ep 0.92
gen 196  best  164.808  mean  164.299  sigma 0.384  (  734s)
gen 197  best  166.116  mean  165.757  sigma 0.384  (  735s)
gen 198  best  165.977  mean  165.552  sigma 0.383  (  736s)
gen 199  best  165.256  mean  164.874  sigma 0.383  (  736s)   REAL hits/ep 0.75

best real hits/ep 1.333 | final dream fitness 165.256 | 742s -> runs/ctrl_v31
