M: runs/rnn_v1/rnn.pt  z_dim 16  hidden 256  K 5
computing input normalisation from the training set ...
  38400 samples; h std in [0.1004, 0.8413]; 0 dead LSTM units
C: inputs=z  in_dim=16  n_params=51
start pool: 450 episodes x 200 steps
gen   0  best   12.977  mean   10.913  sigma 0.477  (    2s)   REAL hits/ep 1.25
gen   1  best   13.395  mean   12.294  sigma 0.467  (   14s)
gen   2  best   13.374  mean   12.200  sigma 0.460  (   15s)
gen   3  best   13.299  mean   12.576  sigma 0.467  (   16s)
gen   4  best   13.543  mean   12.778  sigma 0.469  (   17s)
gen   5  best   13.292  mean   12.650  sigma 0.473  (   18s)   REAL hits/ep 0.96
gen   6  best   13.649  mean   12.927  sigma 0.479  (   29s)
gen   7  best   13.540  mean   12.748  sigma 0.490  (   30s)
gen   8  best   13.562  mean   13.107  sigma 0.498  (   31s)
gen   9  best   14.102  mean   13.389  sigma 0.504  (   32s)
gen  10  best   13.849  mean   13.157  sigma 0.515  (   34s)   REAL hits/ep 1.08
gen  11  best   13.927  mean   13.288  sigma 0.520  (   44s)
gen  12  best   13.635  mean   13.151  sigma 0.523  (   46s)
gen  13  best   13.952  mean   13.234  sigma 0.527  (   47s)
gen  14  best   14.091  mean   13.460  sigma 0.537  (   48s)
gen  15  best   14.213  mean   13.436  sigma 0.533  (   49s)   REAL hits/ep 0.83
gen  16  best   14.002  mean   13.304  sigma 0.533  (   60s)
gen  17  best   13.992  mean   13.426  sigma 0.528  (   61s)
gen  18  best   14.226  mean   13.484  sigma 0.525  (   62s)
gen  19  best   14.584  mean   13.870  sigma 0.531  (   63s)
gen  20  best   14.025  mean   13.476  sigma 0.536  (   64s)   REAL hits/ep 0.96
gen  21  best   13.870  mean   13.276  sigma 0.540  (   75s)
gen  22  best   14.176  mean   13.395  sigma 0.543  (   76s)
gen  23  best   13.796  mean   13.434  sigma 0.545  (   77s)
gen  24  best   14.116  mean   13.534  sigma 0.547  (   78s)
gen  25  best   14.148  mean   13.519  sigma 0.557  (   79s)   REAL hits/ep 0.88
gen  26  best   13.834  mean   13.404  sigma 0.569  (   90s)
gen  27  best   13.936  mean   13.492  sigma 0.572  (   91s)
gen  28  best   14.147  mean   13.697  sigma 0.577  (   92s)
gen  29  best   13.976  mean   13.558  sigma 0.585  (   93s)
gen  30  best   14.212  mean   13.791  sigma 0.597  (   94s)   REAL hits/ep 0.83
gen  31  best   13.803  mean   13.490  sigma 0.602  (  104s)
gen  32  best   14.301  mean   13.670  sigma 0.608  (  105s)
gen  33  best   14.321  mean   13.671  sigma 0.611  (  106s)
gen  34  best   13.998  mean   13.596  sigma 0.613  (  108s)
gen  35  best   14.256  mean   13.620  sigma 0.614  (  109s)   REAL hits/ep 0.88
gen  36  best   14.260  mean   13.591  sigma 0.613  (  119s)
gen  37  best   14.338  mean   13.698  sigma 0.607  (  120s)
gen  38  best   13.988  mean   13.546  sigma 0.598  (  121s)
gen  39  best   14.070  mean   13.598  sigma 0.591  (  122s)
gen  40  best   14.329  mean   13.642  sigma 0.584  (  124s)   REAL hits/ep 0.96
gen  41  best   14.109  mean   13.487  sigma 0.578  (  134s)
gen  42  best   14.166  mean   13.754  sigma 0.577  (  135s)
gen  43  best   14.066  mean   13.596  sigma 0.574  (  136s)
gen  44  best   14.071  mean   13.595  sigma 0.573  (  138s)
gen  45  best   14.478  mean   13.751  sigma 0.571  (  139s)   REAL hits/ep 1.08
gen  46  best   13.927  mean   13.473  sigma 0.566  (  149s)
gen  47  best   14.050  mean   13.684  sigma 0.557  (  150s)
gen  48  best   14.201  mean   13.571  sigma 0.548  (  151s)
gen  49  best   14.132  mean   13.676  sigma 0.548  (  152s)
gen  50  best   14.260  mean   13.664  sigma 0.549  (  153s)   REAL hits/ep 1.08
gen  51  best   14.022  mean   13.553  sigma 0.548  (  164s)
gen  52  best   14.003  mean   13.696  sigma 0.545  (  165s)
gen  53  best   14.168  mean   13.544  sigma 0.550  (  167s)
gen  54  best   14.173  mean   13.657  sigma 0.555  (  168s)
gen  55  best   14.183  mean   13.639  sigma 0.555  (  169s)   REAL hits/ep 1.21
gen  56  best   14.233  mean   13.866  sigma 0.550  (  180s)
gen  57  best   14.094  mean   13.741  sigma 0.540  (  181s)
gen  58  best   14.099  mean   13.686  sigma 0.532  (  182s)
gen  59  best   13.832  mean   13.627  sigma 0.531  (  183s)
gen  60  best   14.023  mean   13.606  sigma 0.527  (  184s)   REAL hits/ep 1.00
gen  61  best   14.306  mean   13.672  sigma 0.533  (  195s)
gen  62  best   14.227  mean   13.649  sigma 0.533  (  196s)
gen  63  best   13.930  mean   13.549  sigma 0.527  (  197s)
gen  64  best   14.325  mean   13.606  sigma 0.520  (  198s)
gen  65  best   14.300  mean   13.704  sigma 0.512  (  200s)   REAL hits/ep 1.00
gen  66  best   14.478  mean   13.842  sigma 0.506  (  211s)
gen  67  best   13.848  mean   13.470  sigma 0.497  (  212s)
gen  68  best   14.268  mean   13.654  sigma 0.487  (  213s)
gen  69  best   14.051  mean   13.657  sigma 0.485  (  214s)
gen  70  best   14.304  mean   13.776  sigma 0.481  (  215s)   REAL hits/ep 1.00
gen  71  best   14.004  mean   13.613  sigma 0.476  (  227s)
gen  72  best   14.269  mean   13.838  sigma 0.473  (  228s)
gen  73  best   14.280  mean   13.681  sigma 0.473  (  229s)
gen  74  best   14.180  mean   13.646  sigma 0.478  (  230s)
gen  75  best   14.139  mean   13.727  sigma 0.486  (  232s)   REAL hits/ep 0.88
gen  76  best   14.079  mean   13.619  sigma 0.488  (  242s)
gen  77  best   14.197  mean   13.751  sigma 0.489  (  244s)
gen  78  best   14.222  mean   13.578  sigma 0.481  (  245s)
gen  79  best   14.460  mean   13.842  sigma 0.478  (  246s)
gen  80  best   14.075  mean   13.761  sigma 0.473  (  247s)   REAL hits/ep 0.96
gen  81  best   14.318  mean   13.798  sigma 0.464  (  259s)
gen  82  best   14.072  mean   13.657  sigma 0.455  (  260s)
gen  83  best   14.314  mean   13.794  sigma 0.441  (  261s)
gen  84  best   14.278  mean   13.827  sigma 0.439  (  262s)
gen  85  best   14.971  mean   13.890  sigma 0.437  (  263s)   REAL hits/ep 0.92
gen  86  best   14.075  mean   13.757  sigma 0.438  (  274s)
gen  87  best   14.175  mean   13.660  sigma 0.440  (  275s)
gen  88  best   14.214  mean   13.742  sigma 0.443  (  276s)
gen  89  best   14.361  mean   13.685  sigma 0.439  (  277s)
gen  90  best   14.196  mean   13.791  sigma 0.431  (  278s)   REAL hits/ep 0.92
gen  91  best   14.411  mean   13.925  sigma 0.422  (  289s)
gen  92  best   14.251  mean   13.769  sigma 0.419  (  290s)
gen  93  best   14.275  mean   13.568  sigma 0.415  (  291s)
gen  94  best   14.105  mean   13.615  sigma 0.411  (  292s)
gen  95  best   14.461  mean   13.992  sigma 0.414  (  293s)   REAL hits/ep 0.92
gen  96  best   14.347  mean   13.855  sigma 0.416  (  304s)
gen  97  best   14.285  mean   13.740  sigma 0.414  (  305s)
gen  98  best   14.106  mean   13.617  sigma 0.415  (  306s)
gen  99  best   14.442  mean   13.805  sigma 0.411  (  307s)
gen 100  best   14.172  mean   13.813  sigma 0.408  (  308s)   REAL hits/ep 1.04
gen 101  best   14.132  mean   13.757  sigma 0.406  (  319s)
gen 102  best   14.207  mean   13.636  sigma 0.405  (  320s)
gen 103  best   14.159  mean   13.650  sigma 0.407  (  321s)
gen 104  best   14.218  mean   13.853  sigma 0.411  (  322s)
gen 105  best   14.217  mean   13.806  sigma 0.419  (  323s)   REAL hits/ep 0.92
gen 106  best   14.541  mean   13.848  sigma 0.426  (  334s)
gen 107  best   14.366  mean   13.701  sigma 0.428  (  335s)
gen 108  best   14.316  mean   13.856  sigma 0.434  (  336s)
gen 109  best   14.227  mean   13.789  sigma 0.444  (  337s)
gen 110  best   14.265  mean   13.743  sigma 0.449  (  338s)   REAL hits/ep 0.92
gen 111  best   14.177  mean   13.745  sigma 0.450  (  349s)
gen 112  best   14.453  mean   13.818  sigma 0.454  (  350s)
gen 113  best   14.036  mean   13.623  sigma 0.461  (  351s)
gen 114  best   14.160  mean   13.776  sigma 0.466  (  352s)
gen 115  best   14.166  mean   13.757  sigma 0.475  (  353s)   REAL hits/ep 0.96
gen 116  best   14.451  mean   13.858  sigma 0.480  (  364s)
gen 117  best   14.621  mean   13.994  sigma 0.479  (  365s)
gen 118  best   14.676  mean   14.014  sigma 0.478  (  366s)
gen 119  best   14.184  mean   13.795  sigma 0.473  (  367s)
gen 120  best   14.524  mean   13.978  sigma 0.469  (  368s)   REAL hits/ep 0.92
gen 121  best   14.611  mean   14.016  sigma 0.466  (  379s)
gen 122  best   14.189  mean   13.652  sigma 0.461  (  381s)
gen 123  best   14.136  mean   13.727  sigma 0.456  (  382s)
gen 124  best   14.403  mean   13.826  sigma 0.451  (  383s)
gen 125  best   14.475  mean   13.877  sigma 0.446  (  384s)   REAL hits/ep 1.00
gen 126  best   14.639  mean   14.006  sigma 0.438  (  395s)
gen 127  best   14.292  mean   13.848  sigma 0.431  (  396s)
gen 128  best   14.627  mean   13.857  sigma 0.428  (  397s)
gen 129  best   14.355  mean   13.827  sigma 0.423  (  398s)
gen 130  best   14.296  mean   13.857  sigma 0.423  (  399s)   REAL hits/ep 0.96
gen 131  best   14.382  mean   13.877  sigma 0.423  (  410s)
gen 132  best   14.451  mean   13.713  sigma 0.426  (  411s)
gen 133  best   14.570  mean   14.159  sigma 0.428  (  412s)
gen 134  best   14.896  mean   14.057  sigma 0.425  (  414s)
gen 135  best   14.429  mean   13.778  sigma 0.429  (  415s)   REAL hits/ep 1.08
gen 136  best   14.347  mean   13.840  sigma 0.433  (  426s)
gen 137  best   14.526  mean   13.745  sigma 0.437  (  427s)
gen 138  best   14.168  mean   13.769  sigma 0.440  (  428s)
gen 139  best   14.661  mean   13.954  sigma 0.436  (  429s)
gen 140  best   14.147  mean   13.622  sigma 0.434  (  430s)   REAL hits/ep 1.12
gen 141  best   14.171  mean   13.744  sigma 0.443  (  441s)
gen 142  best   14.181  mean   13.761  sigma 0.453  (  442s)
gen 143  best   14.325  mean   13.873  sigma 0.468  (  444s)
gen 144  best   14.366  mean   13.852  sigma 0.478  (  445s)
gen 145  best   14.680  mean   13.870  sigma 0.490  (  446s)   REAL hits/ep 1.12
gen 146  best   14.717  mean   13.869  sigma 0.499  (  457s)
gen 147  best   14.337  mean   13.788  sigma 0.506  (  458s)
gen 148  best   14.184  mean   13.815  sigma 0.508  (  459s)
gen 149  best   14.322  mean   13.832  sigma 0.512  (  460s)
gen 150  best   14.251  mean   13.750  sigma 0.515  (  462s)   REAL hits/ep 1.25
gen 151  best   14.510  mean   13.939  sigma 0.525  (  473s)
gen 152  best   14.062  mean   13.633  sigma 0.523  (  474s)
gen 153  best   14.524  mean   14.016  sigma 0.526  (  475s)
gen 154  best   14.538  mean   13.977  sigma 0.525  (  476s)
gen 155  best   14.159  mean   13.824  sigma 0.522  (  477s)   REAL hits/ep 1.21
gen 156  best   13.998  mean   13.628  sigma 0.526  (  489s)
gen 157  best   14.346  mean   13.694  sigma 0.532  (  490s)
gen 158  best   14.699  mean   13.849  sigma 0.531  (  491s)
gen 159  best   14.339  mean   13.928  sigma 0.526  (  492s)
gen 160  best   14.269  mean   13.921  sigma 0.526  (  493s)   REAL hits/ep 1.42
gen 161  best   14.164  mean   13.735  sigma 0.530  (  504s)
gen 162  best   14.508  mean   13.919  sigma 0.531  (  505s)
gen 163  best   14.174  mean   13.712  sigma 0.536  (  506s)
gen 164  best   14.363  mean   13.834  sigma 0.541  (  508s)
gen 165  best   14.393  mean   13.766  sigma 0.548  (  509s)   REAL hits/ep 1.29
gen 166  best   14.419  mean   13.824  sigma 0.557  (  520s)
gen 167  best   14.248  mean   13.636  sigma 0.569  (  521s)
gen 168  best   14.695  mean   13.844  sigma 0.578  (  522s)
gen 169  best   14.061  mean   13.661  sigma 0.588  (  523s)
gen 170  best   14.410  mean   13.887  sigma 0.591  (  524s)   REAL hits/ep 1.08
gen 171  best   14.483  mean   13.865  sigma 0.596  (  535s)
gen 172  best   14.080  mean   13.618  sigma 0.607  (  536s)
gen 173  best   14.140  mean   13.686  sigma 0.615  (  537s)
gen 174  best   14.335  mean   13.668  sigma 0.612  (  538s)
gen 175  best   14.695  mean   13.941  sigma 0.607  (  540s)   REAL hits/ep 1.12
gen 176  best   14.508  mean   13.913  sigma 0.597  (  550s)
gen 177  best   14.238  mean   13.710  sigma 0.591  (  551s)
gen 178  best   14.818  mean   13.843  sigma 0.588  (  553s)
gen 179  best   14.552  mean   14.072  sigma 0.582  (  554s)
gen 180  best   13.908  mean   13.616  sigma 0.583  (  555s)   REAL hits/ep 1.21
gen 181  best   14.016  mean   13.708  sigma 0.589  (  566s)
gen 182  best   13.876  mean   13.620  sigma 0.596  (  567s)
gen 183  best   14.277  mean   13.680  sigma 0.605  (  568s)
gen 184  best   14.256  mean   13.873  sigma 0.619  (  569s)
gen 185  best   14.477  mean   13.861  sigma 0.621  (  570s)   REAL hits/ep 1.04
gen 186  best   14.463  mean   13.888  sigma 0.625  (  581s)
gen 187  best   14.258  mean   13.776  sigma 0.624  (  582s)
gen 188  best   14.176  mean   13.705  sigma 0.630  (  583s)
gen 189  best   14.197  mean   13.699  sigma 0.623  (  584s)
gen 190  best   14.233  mean   13.734  sigma 0.622  (  585s)   REAL hits/ep 1.08
gen 191  best   14.343  mean   13.735  sigma 0.627  (  596s)
gen 192  best   14.160  mean   13.834  sigma 0.620  (  597s)
gen 193  best   14.238  mean   13.812  sigma 0.613  (  598s)
gen 194  best   14.594  mean   13.742  sigma 0.607  (  599s)
gen 195  best   14.405  mean   13.830  sigma 0.596  (  600s)   REAL hits/ep 1.00
gen 196  best   14.680  mean   13.784  sigma 0.581  (  611s)
gen 197  best   14.190  mean   13.629  sigma 0.571  (  612s)
gen 198  best   14.325  mean   13.862  sigma 0.552  (  613s)
gen 199  best   14.090  mean   13.680  sigma 0.541  (  614s)   REAL hits/ep 0.96

best real hits/ep 1.417 | final dream fitness 14.090 | 624s -> runs/ctrl_z_only
