real env: {'ball_radius': 0.08, 'mass_from_color': False, 'mass_holdout': None, 'mass_only': None, 'occluder': True, 'occluder_y': None}
M: runs/rnn_v3_poshead/rnn.pt  z_dim 16  hidden 256  K 5
computing input normalisation from the training set ...
  38400 samples; h std in [0.0756, 0.7895]; 0 dead LSTM units
C: inputs=zh  in_dim=272  n_params=819
start pool: 450 episodes x 200 steps
gen   0  best  127.814  mean  111.307  sigma 0.494  (    7s)   REAL hits/ep 0.75
gen   1  best  129.859  mean  116.756  sigma 0.489  (   37s)
gen   2  best  130.537  mean  121.511  sigma 0.485  (   40s)
gen   3  best  130.671  mean  123.110  sigma 0.480  (   43s)
gen   4  best  135.003  mean  127.865  sigma 0.476  (   47s)
gen   5  best  135.167  mean  130.380  sigma 0.472  (   50s)   REAL hits/ep 1.21
gen   6  best  135.812  mean  131.457  sigma 0.469  (   80s)
gen   7  best  136.011  mean  132.677  sigma 0.465  (   83s)
gen   8  best  136.916  mean  134.814  sigma 0.462  (   86s)
gen   9  best  138.277  mean  135.434  sigma 0.459  (   89s)
gen  10  best  137.161  mean  134.145  sigma 0.456  (   93s)   REAL hits/ep 1.25
gen  11  best  138.156  mean  135.782  sigma 0.453  (  123s)
gen  12  best  137.714  mean  135.475  sigma 0.451  (  126s)
gen  13  best  138.388  mean  137.029  sigma 0.448  (  129s)
gen  14  best  138.014  mean  136.637  sigma 0.446  (  133s)
gen  15  best  138.294  mean  136.523  sigma 0.443  (  136s)   REAL hits/ep 1.17
gen  16  best  137.416  mean  135.882  sigma 0.441  (  166s)
gen  17  best  138.901  mean  137.748  sigma 0.439  (  169s)
gen  18  best  139.020  mean  138.007  sigma 0.437  (  173s)
gen  19  best  139.052  mean  137.782  sigma 0.435  (  176s)
gen  20  best  138.728  mean  137.174  sigma 0.433  (  179s)   REAL hits/ep 1.08
gen  21  best  139.279  mean  137.925  sigma 0.431  (  208s)
gen  22  best  139.229  mean  137.978  sigma 0.429  (  211s)
gen  23  best  140.210  mean  139.465  sigma 0.427  (  215s)
gen  24  best  139.659  mean  138.339  sigma 0.426  (  218s)
gen  25  best  140.227  mean  138.689  sigma 0.424  (  221s)   REAL hits/ep 1.25
gen  26  best  140.380  mean  139.043  sigma 0.423  (  252s)
gen  27  best  139.515  mean  138.714  sigma 0.421  (  255s)
gen  28  best  139.977  mean  138.687  sigma 0.420  (  258s)
gen  29  best  140.288  mean  139.263  sigma 0.419  (  261s)
gen  30  best  139.148  mean  138.320  sigma 0.417  (  264s)   REAL hits/ep 1.12
gen  31  best  137.975  mean  136.518  sigma 0.416  (  295s)
gen  32  best  139.468  mean  138.281  sigma 0.415  (  298s)
gen  33  best  139.955  mean  138.934  sigma 0.414  (  302s)
gen  34  best  138.968  mean  137.604  sigma 0.413  (  305s)
gen  35  best  139.955  mean  139.067  sigma 0.412  (  308s)   REAL hits/ep 0.83
gen  36  best  140.801  mean  140.171  sigma 0.411  (  339s)
gen  37  best  140.386  mean  139.456  sigma 0.410  (  343s)
gen  38  best  139.746  mean  138.932  sigma 0.409  (  346s)
gen  39  best  140.059  mean  139.381  sigma 0.408  (  349s)
gen  40  best  140.630  mean  139.679  sigma 0.407  (  353s)   REAL hits/ep 1.04
gen  41  best  140.528  mean  139.668  sigma 0.406  (  382s)
gen  42  best  140.754  mean  140.026  sigma 0.406  (  385s)
gen  43  best  140.152  mean  139.218  sigma 0.405  (  388s)
gen  44  best  140.233  mean  139.109  sigma 0.404  (  391s)
gen  45  best  141.140  mean  140.462  sigma 0.403  (  395s)   REAL hits/ep 1.08
gen  46  best  140.015  mean  139.170  sigma 0.403  (  425s)
gen  47  best  140.725  mean  140.123  sigma 0.402  (  428s)
gen  48  best  140.064  mean  139.382  sigma 0.402  (  431s)
gen  49  best  140.676  mean  140.234  sigma 0.401  (  434s)
gen  50  best  140.077  mean  139.695  sigma 0.401  (  437s)   REAL hits/ep 1.00
gen  51  best  141.241  mean  140.640  sigma 0.400  (  467s)
gen  52  best  141.063  mean  140.292  sigma 0.400  (  471s)
gen  53  best  140.282  mean  139.473  sigma 0.399  (  474s)
gen  54  best  141.472  mean  140.980  sigma 0.399  (  477s)
gen  55  best  141.415  mean  140.843  sigma 0.398  (  481s)   REAL hits/ep 1.04
gen  56  best  141.801  mean  141.181  sigma 0.398  (  511s)
gen  57  best  141.168  mean  140.651  sigma 0.398  (  515s)
gen  58  best  139.556  mean  138.855  sigma 0.397  (  518s)
gen  59  best  140.716  mean  140.309  sigma 0.397  (  521s)
gen  60  best  140.784  mean  140.184  sigma 0.396  (  524s)   REAL hits/ep 1.12
gen  61  best  140.261  mean  139.366  sigma 0.396  (  556s)
gen  62  best  140.113  mean  139.567  sigma 0.396  (  559s)
gen  63  best  141.274  mean  140.803  sigma 0.396  (  562s)
gen  64  best  140.294  mean  139.773  sigma 0.395  (  565s)
gen  65  best  140.640  mean  139.895  sigma 0.395  (  569s)   REAL hits/ep 1.00
gen  66  best  140.204  mean  139.829  sigma 0.395  (  601s)
gen  67  best  141.390  mean  140.675  sigma 0.395  (  604s)
gen  68  best  141.761  mean  141.268  sigma 0.394  (  607s)
gen  69  best  141.362  mean  140.927  sigma 0.394  (  610s)
gen  70  best  140.405  mean  139.807  sigma 0.394  (  614s)   REAL hits/ep 1.04
gen  71  best  140.834  mean  139.884  sigma 0.394  (  644s)
gen  72  best  140.691  mean  140.196  sigma 0.394  (  647s)
gen  73  best  141.917  mean  141.127  sigma 0.394  (  650s)
gen  74  best  141.077  mean  140.617  sigma 0.394  (  653s)
gen  75  best  141.496  mean  140.899  sigma 0.394  (  656s)   REAL hits/ep 1.21
gen  76  best  140.974  mean  140.335  sigma 0.394  (  686s)
gen  77  best  141.062  mean  140.036  sigma 0.394  (  689s)
gen  78  best  141.282  mean  140.759  sigma 0.394  (  692s)
gen  79  best  141.942  mean  141.358  sigma 0.394  (  695s)
gen  80  best  141.094  mean  140.363  sigma 0.393  (  699s)   REAL hits/ep 1.12
gen  81  best  141.527  mean  140.843  sigma 0.393  (  728s)
gen  82  best  142.014  mean  141.449  sigma 0.393  (  731s)
gen  83  best  141.542  mean  141.034  sigma 0.393  (  735s)
gen  84  best  140.933  mean  140.135  sigma 0.393  (  738s)
gen  85  best  141.645  mean  141.054  sigma 0.393  (  741s)   REAL hits/ep 0.88
gen  86  best  140.728  mean  140.034  sigma 0.393  (  769s)
gen  87  best  140.440  mean  139.943  sigma 0.393  (  772s)
gen  88  best  141.411  mean  140.895  sigma 0.393  (  776s)
gen  89  best  140.565  mean  140.020  sigma 0.393  (  779s)
gen  90  best  141.310  mean  140.847  sigma 0.393  (  783s)   REAL hits/ep 1.04
gen  91  best  141.668  mean  141.228  sigma 0.393  (  813s)
gen  92  best  140.961  mean  140.483  sigma 0.392  (  817s)
gen  93  best  140.881  mean  140.343  sigma 0.392  (  820s)
gen  94  best  140.317  mean  139.755  sigma 0.392  (  824s)
gen  95  best  140.838  mean  140.384  sigma 0.392  (  827s)   REAL hits/ep 1.21
gen  96  best  140.791  mean  140.229  sigma 0.392  (  858s)
gen  97  best  141.432  mean  140.775  sigma 0.392  (  861s)
gen  98  best  140.516  mean  140.168  sigma 0.392  (  864s)
gen  99  best  141.839  mean  141.245  sigma 0.392  (  868s)
gen 100  best  140.599  mean  140.159  sigma 0.392  (  871s)   REAL hits/ep 1.08
gen 101  best  141.035  mean  140.525  sigma 0.392  (  901s)
gen 102  best  141.427  mean  141.013  sigma 0.392  (  904s)
gen 103  best  140.935  mean  140.379  sigma 0.392  (  908s)
gen 104  best  140.848  mean  140.348  sigma 0.392  (  911s)
gen 105  best  141.594  mean  141.101  sigma 0.392  (  914s)   REAL hits/ep 1.08
gen 106  best  140.863  mean  140.511  sigma 0.392  (  944s)
gen 107  best  141.163  mean  140.591  sigma 0.392  (  947s)
gen 108  best  141.651  mean  141.184  sigma 0.392  (  951s)
gen 109  best  141.185  mean  140.820  sigma 0.392  (  954s)
gen 110  best  141.102  mean  140.718  sigma 0.392  (  958s)   REAL hits/ep 1.04
gen 111  best  141.187  mean  140.637  sigma 0.392  (  987s)
gen 112  best  140.897  mean  140.315  sigma 0.392  (  990s)
gen 113  best  141.280  mean  140.765  sigma 0.392  (  993s)
gen 114  best  140.829  mean  140.262  sigma 0.392  (  996s)
gen 115  best  139.977  mean  139.575  sigma 0.392  (  999s)   REAL hits/ep 1.00
gen 116  best  140.942  mean  140.393  sigma 0.392  ( 1030s)
gen 117  best  140.900  mean  140.340  sigma 0.392  ( 1033s)
gen 118  best  141.003  mean  140.372  sigma 0.392  ( 1036s)
gen 119  best  141.355  mean  140.772  sigma 0.392  ( 1039s)
gen 120  best  141.339  mean  141.007  sigma 0.392  ( 1042s)   REAL hits/ep 0.96
gen 121  best  142.024  mean  141.491  sigma 0.392  ( 1074s)
gen 122  best  140.264  mean  139.856  sigma 0.392  ( 1076s)
gen 123  best  140.240  mean  139.717  sigma 0.392  ( 1079s)
gen 124  best  141.734  mean  141.041  sigma 0.391  ( 1083s)
gen 125  best  141.776  mean  141.139  sigma 0.391  ( 1086s)   REAL hits/ep 0.96
gen 126  best  140.735  mean  140.233  sigma 0.391  ( 1115s)
gen 127  best  140.952  mean  140.508  sigma 0.391  ( 1118s)
gen 128  best  140.544  mean  139.957  sigma 0.391  ( 1122s)
gen 129  best  141.270  mean  140.915  sigma 0.391  ( 1125s)
gen 130  best  140.515  mean  139.867  sigma 0.391  ( 1129s)   REAL hits/ep 0.96
gen 131  best  141.035  mean  140.596  sigma 0.391  ( 1422s)
gen 132  best  140.644  mean  140.108  sigma 0.391  ( 1424s)
gen 133  best  140.526  mean  140.003  sigma 0.391  ( 1425s)
gen 134  best  141.339  mean  140.945  sigma 0.391  ( 1426s)
gen 135  best  140.501  mean  140.085  sigma 0.391  ( 1428s)   REAL hits/ep 1.00
gen 136  best  141.424  mean  141.101  sigma 0.391  ( 1441s)
gen 137  best  140.492  mean  140.084  sigma 0.391  ( 1442s)
gen 138  best  141.291  mean  140.904  sigma 0.391  ( 1443s)
gen 139  best  140.237  mean  139.652  sigma 0.391  ( 1444s)
gen 140  best  141.288  mean  140.826  sigma 0.391  ( 1446s)   REAL hits/ep 1.04
gen 141  best  140.473  mean  140.060  sigma 0.390  ( 1711s)
gen 142  best  140.993  mean  140.435  sigma 0.390  ( 1712s)
gen 143  best  140.835  mean  140.408  sigma 0.391  ( 1714s)
gen 144  best  141.308  mean  140.953  sigma 0.391  ( 1715s)
gen 145  best  141.304  mean  140.612  sigma 0.391  ( 1716s)   REAL hits/ep 1.08
gen 146  best  140.979  mean  140.521  sigma 0.391  ( 1730s)
gen 147  best  142.211  mean  141.569  sigma 0.391  ( 1731s)
gen 148  best  141.940  mean  141.613  sigma 0.391  ( 1732s)
gen 149  best  141.070  mean  140.621  sigma 0.391  ( 1733s)
gen 150  best  142.032  mean  141.498  sigma 0.391  ( 1735s)   REAL hits/ep 0.96
gen 151  best  142.178  mean  141.784  sigma 0.391  ( 1747s)
gen 152  best  142.048  mean  141.417  sigma 0.391  ( 1749s)
gen 153  best  141.878  mean  141.359  sigma 0.391  ( 1750s)
gen 154  best  141.072  mean  140.730  sigma 0.392  ( 1751s)
gen 155  best  141.256  mean  140.916  sigma 0.392  ( 1753s)   REAL hits/ep 0.96
gen 156  best  142.013  mean  141.374  sigma 0.392  ( 2020s)
gen 157  best  141.390  mean  140.973  sigma 0.392  ( 2021s)
gen 158  best  141.794  mean  141.426  sigma 0.392  ( 2022s)
gen 159  best  141.438  mean  141.078  sigma 0.392  ( 2024s)
gen 160  best  142.528  mean  141.939  sigma 0.392  ( 2026s)   REAL hits/ep 1.00
gen 161  best  141.134  mean  140.701  sigma 0.392  ( 2038s)
gen 162  best  141.030  mean  140.657  sigma 0.392  ( 2039s)
gen 163  best  141.144  mean  140.504  sigma 0.392  ( 2040s)
gen 164  best  140.818  mean  140.275  sigma 0.392  ( 2042s)
gen 165  best  141.331  mean  141.025  sigma 0.392  ( 2043s)   REAL hits/ep 1.04
gen 166  best  141.434  mean  140.979  sigma 0.392  ( 2055s)
gen 167  best  141.182  mean  140.659  sigma 0.392  ( 2056s)
gen 168  best  141.171  mean  140.795  sigma 0.393  ( 2312s)
gen 169  best  141.529  mean  141.134  sigma 0.393  ( 2314s)
gen 170  best  141.314  mean  140.763  sigma 0.393  ( 2315s)   REAL hits/ep 0.96
gen 171  best  141.721  mean  141.382  sigma 0.393  ( 2331s)
gen 172  best  141.028  mean  140.508  sigma 0.393  ( 2332s)
gen 173  best  141.413  mean  140.967  sigma 0.393  ( 2334s)
gen 174  best  141.792  mean  141.399  sigma 0.393  ( 2335s)
gen 175  best  141.665  mean  141.010  sigma 0.393  ( 2337s)   REAL hits/ep 1.21
gen 176  best  141.455  mean  140.972  sigma 0.393  ( 2350s)
gen 177  best  140.473  mean  140.138  sigma 0.393  ( 2351s)
gen 178  best  141.200  mean  140.519  sigma 0.393  ( 2353s)
gen 179  best  142.096  mean  141.560  sigma 0.393  ( 2354s)
gen 180  best  140.934  mean  140.594  sigma 0.393  ( 2355s)   REAL hits/ep 1.25
gen 181  best  141.801  mean  141.249  sigma 0.393  ( 2366s)
gen 182  best  140.927  mean  140.451  sigma 0.393  ( 2367s)
gen 183  best  141.098  mean  140.700  sigma 0.393  ( 2368s)
gen 184  best  141.786  mean  141.263  sigma 0.393  ( 2369s)
gen 185  best  141.823  mean  141.431  sigma 0.393  ( 2370s)   REAL hits/ep 1.25
gen 186  best  142.206  mean  141.425  sigma 0.393  ( 2379s)
gen 187  best  141.094  mean  140.587  sigma 0.393  ( 2380s)
gen 188  best  142.105  mean  141.696  sigma 0.392  ( 2381s)
gen 189  best  141.452  mean  141.097  sigma 0.392  ( 2382s)
gen 190  best  142.347  mean  141.825  sigma 0.392  ( 2383s)   REAL hits/ep 1.17
gen 191  best  141.530  mean  141.203  sigma 0.392  ( 2391s)
gen 192  best  141.679  mean  141.223  sigma 0.392  ( 2392s)
gen 193  best  141.367  mean  140.895  sigma 0.392  ( 2392s)
gen 194  best  141.920  mean  141.409  sigma 0.392  ( 2393s)
gen 195  best  142.030  mean  141.486  sigma 0.392  ( 2394s)   REAL hits/ep 1.08
gen 196  best  141.130  mean  140.613  sigma 0.392  ( 2400s)
gen 197  best  142.231  mean  141.707  sigma 0.392  ( 2401s)
gen 198  best  141.943  mean  141.545  sigma 0.392  ( 2401s)
gen 199  best  141.995  mean  141.592  sigma 0.392  ( 2402s)   REAL hits/ep 0.92

best real hits/ep 1.250 | final dream fitness 141.995 | 2408s -> runs/ctrl_v3_poshead
