real env: {'ball_radius': 0.08, 'mass_from_color': True, 'mass_holdout': [0.85, 1.2], 'mass_only': None}
M: runs/rnn_v2_cons/rnn.pt  z_dim 16  hidden 256  K 5
computing input normalisation from the training set ...
  38400 samples; h std in [0.0471, 0.7117]; 0 dead LSTM units
C: inputs=zh  in_dim=272  n_params=819
start pool: 450 episodes x 200 steps
gen   0  best  122.196  mean  107.210  sigma 0.495  (    2s)   REAL hits/ep 1.58
gen   1  best  124.296  mean  114.622  sigma 0.490  (   13s)
gen   2  best  127.619  mean  119.287  sigma 0.485  (   14s)
gen   3  best  124.799  mean  119.348  sigma 0.481  (   15s)
gen   4  best  126.865  mean  120.928  sigma 0.476  (   16s)
gen   5  best  131.755  mean  124.968  sigma 0.472  (   18s)   REAL hits/ep 1.71
gen   6  best  130.006  mean  125.142  sigma 0.469  (   28s)
gen   7  best  131.617  mean  126.251  sigma 0.465  (   29s)
gen   8  best  132.350  mean  127.158  sigma 0.462  (   30s)
gen   9  best  131.191  mean  128.104  sigma 0.459  (   32s)
gen  10  best  132.172  mean  127.791  sigma 0.456  (   33s)   REAL hits/ep 1.79
gen  11  best  133.590  mean  130.230  sigma 0.453  (   44s)
gen  12  best  134.494  mean  130.732  sigma 0.451  (   45s)
gen  13  best  135.197  mean  131.996  sigma 0.448  (   46s)
gen  14  best  134.881  mean  132.011  sigma 0.446  (   47s)
gen  15  best  134.768  mean  132.478  sigma 0.443  (   49s)   REAL hits/ep 1.75
gen  16  best  134.987  mean  132.861  sigma 0.441  (   59s)
gen  17  best  133.845  mean  132.030  sigma 0.439  (   60s)
gen  18  best  136.153  mean  132.787  sigma 0.437  (   61s)
gen  19  best  134.977  mean  132.225  sigma 0.435  (   62s)
gen  20  best  133.448  mean  131.454  sigma 0.433  (   64s)   REAL hits/ep 1.92
gen  21  best  134.027  mean  131.360  sigma 0.431  (   73s)
gen  22  best  135.531  mean  134.028  sigma 0.430  (   75s)
gen  23  best  135.390  mean  134.026  sigma 0.428  (   76s)
gen  24  best  135.587  mean  133.947  sigma 0.427  (   77s)
gen  25  best  136.426  mean  134.876  sigma 0.425  (   79s)   REAL hits/ep 1.83
gen  26  best  136.319  mean  134.340  sigma 0.424  (   89s)
gen  27  best  135.787  mean  133.559  sigma 0.422  (   90s)
gen  28  best  137.657  mean  136.292  sigma 0.421  (   91s)
gen  29  best  136.393  mean  134.709  sigma 0.420  (   92s)
gen  30  best  137.439  mean  136.437  sigma 0.418  (   94s)   REAL hits/ep 1.92
gen  31  best  135.740  mean  134.446  sigma 0.417  (  106s)
gen  32  best  138.139  mean  136.611  sigma 0.416  (  107s)
gen  33  best  135.447  mean  134.074  sigma 0.415  (  108s)
gen  34  best  136.381  mean  135.360  sigma 0.414  (  110s)
gen  35  best  137.008  mean  135.857  sigma 0.413  (  112s)   REAL hits/ep 1.75
gen  36  best  137.016  mean  135.880  sigma 0.412  (  123s)
gen  37  best  136.965  mean  135.746  sigma 0.411  (  124s)
gen  38  best  136.079  mean  134.875  sigma 0.410  (  126s)
gen  39  best  137.482  mean  136.289  sigma 0.409  (  127s)
gen  40  best  136.311  mean  135.138  sigma 0.408  (  128s)   REAL hits/ep 1.79
gen  41  best  137.243  mean  136.055  sigma 0.408  (  139s)
gen  42  best  136.505  mean  135.570  sigma 0.407  (  140s)
gen  43  best  137.664  mean  136.645  sigma 0.406  (  142s)
gen  44  best  136.939  mean  135.610  sigma 0.405  (  144s)
gen  45  best  137.202  mean  136.013  sigma 0.405  (  145s)   REAL hits/ep 1.88
gen  46  best  135.408  mean  134.362  sigma 0.404  (  155s)
gen  47  best  136.673  mean  135.802  sigma 0.403  (  157s)
gen  48  best  136.826  mean  136.077  sigma 0.402  (  158s)
gen  49  best  136.422  mean  135.382  sigma 0.402  (  160s)
gen  50  best  136.496  mean  135.364  sigma 0.401  (  162s)   REAL hits/ep 1.96
gen  51  best  137.729  mean  136.329  sigma 0.400  (  172s)
gen  52  best  137.614  mean  136.793  sigma 0.400  (  174s)
gen  53  best  137.904  mean  136.735  sigma 0.399  (  175s)
gen  54  best  137.354  mean  136.300  sigma 0.399  (  176s)
gen  55  best  137.193  mean  136.022  sigma 0.398  (  178s)   REAL hits/ep 2.12
gen  56  best  138.557  mean  137.373  sigma 0.397  (  188s)
gen  57  best  138.497  mean  137.380  sigma 0.397  (  189s)
gen  58  best  137.962  mean  136.722  sigma 0.396  (  190s)
gen  59  best  137.308  mean  136.349  sigma 0.396  (  191s)
gen  60  best  138.094  mean  136.812  sigma 0.395  (  193s)   REAL hits/ep 1.83
gen  61  best  137.742  mean  136.322  sigma 0.395  (  203s)
gen  62  best  138.369  mean  137.186  sigma 0.394  (  205s)
gen  63  best  137.414  mean  136.672  sigma 0.394  (  206s)
gen  64  best  138.063  mean  137.016  sigma 0.393  (  207s)
gen  65  best  138.721  mean  137.849  sigma 0.393  (  209s)   REAL hits/ep 1.79
gen  66  best  138.112  mean  137.425  sigma 0.392  (  219s)
gen  67  best  138.622  mean  137.763  sigma 0.392  (  220s)
gen  68  best  139.178  mean  138.146  sigma 0.392  (  221s)
gen  69  best  137.299  mean  136.142  sigma 0.391  (  222s)
gen  70  best  139.581  mean  138.702  sigma 0.391  (  224s)   REAL hits/ep 1.88
gen  71  best  138.235  mean  137.506  sigma 0.391  (  234s)
gen  72  best  137.511  mean  136.582  sigma 0.391  (  235s)
gen  73  best  137.475  mean  136.635  sigma 0.390  (  236s)
gen  74  best  138.794  mean  138.142  sigma 0.390  (  237s)
gen  75  best  139.149  mean  137.864  sigma 0.390  (  239s)   REAL hits/ep 1.83
gen  76  best  138.785  mean  138.003  sigma 0.389  (  249s)
gen  77  best  138.769  mean  137.946  sigma 0.389  (  250s)
gen  78  best  138.589  mean  137.783  sigma 0.389  (  251s)
gen  79  best  137.180  mean  136.639  sigma 0.389  (  253s)
gen  80  best  138.484  mean  137.980  sigma 0.388  (  254s)   REAL hits/ep 1.96
gen  81  best  138.562  mean  137.808  sigma 0.388  (  264s)
gen  82  best  139.565  mean  138.799  sigma 0.388  (  265s)
gen  83  best  138.452  mean  137.943  sigma 0.388  (  267s)
gen  84  best  138.296  mean  137.669  sigma 0.387  (  268s)
gen  85  best  137.683  mean  137.054  sigma 0.387  (  269s)   REAL hits/ep 2.04
gen  86  best  137.737  mean  137.017  sigma 0.387  (  279s)
gen  87  best  138.575  mean  137.602  sigma 0.387  (  281s)
gen  88  best  139.120  mean  138.553  sigma 0.387  (  282s)
gen  89  best  138.545  mean  137.961  sigma 0.387  (  283s)
gen  90  best  139.647  mean  138.911  sigma 0.386  (  285s)   REAL hits/ep 2.00
gen  91  best  138.452  mean  137.846  sigma 0.386  (  295s)
gen  92  best  139.076  mean  138.161  sigma 0.386  (  296s)
gen  93  best  138.470  mean  137.601  sigma 0.386  (  297s)
gen  94  best  138.688  mean  137.872  sigma 0.386  (  299s)
gen  95  best  138.729  mean  138.131  sigma 0.386  (  300s)   REAL hits/ep 1.96
gen  96  best  139.185  mean  138.376  sigma 0.386  (  310s)
gen  97  best  138.603  mean  138.065  sigma 0.386  (  311s)
gen  98  best  138.373  mean  137.720  sigma 0.386  (  312s)
gen  99  best  138.588  mean  137.981  sigma 0.386  (  314s)
gen 100  best  138.865  mean  138.175  sigma 0.386  (  315s)   REAL hits/ep 1.96
gen 101  best  138.615  mean  137.785  sigma 0.386  (  326s)
gen 102  best  139.086  mean  138.584  sigma 0.386  (  327s)
gen 103  best  139.542  mean  138.772  sigma 0.386  (  328s)
gen 104  best  137.779  mean  137.239  sigma 0.386  (  330s)
gen 105  best  138.492  mean  137.957  sigma 0.386  (  332s)   REAL hits/ep 1.92
gen 106  best  139.333  mean  138.792  sigma 0.386  (  343s)
gen 107  best  138.518  mean  137.785  sigma 0.386  (  344s)
gen 108  best  139.603  mean  138.838  sigma 0.386  (  346s)
gen 109  best  137.547  mean  137.044  sigma 0.386  (  348s)
gen 110  best  138.446  mean  137.617  sigma 0.386  (  349s)   REAL hits/ep 1.88
gen 111  best  138.682  mean  138.201  sigma 0.386  (  359s)
gen 112  best  138.912  mean  138.135  sigma 0.386  (  361s)
gen 113  best  139.461  mean  138.771  sigma 0.386  (  362s)
gen 114  best  139.042  mean  138.305  sigma 0.386  (  363s)
gen 115  best  138.932  mean  137.965  sigma 0.386  (  364s)   REAL hits/ep 1.79
gen 116  best  138.941  mean  138.502  sigma 0.386  (  376s)
gen 117  best  138.544  mean  137.871  sigma 0.386  (  377s)
gen 118  best  138.514  mean  137.825  sigma 0.386  (  379s)
gen 119  best  138.376  mean  137.642  sigma 0.386  (  380s)
gen 120  best  138.466  mean  138.016  sigma 0.387  (  382s)   REAL hits/ep 1.83
gen 121  best  138.196  mean  137.408  sigma 0.387  (  392s)
gen 122  best  138.054  mean  137.347  sigma 0.387  (  393s)
gen 123  best  137.991  mean  137.629  sigma 0.387  (  394s)
gen 124  best  138.747  mean  138.176  sigma 0.387  (  396s)
gen 125  best  139.030  mean  138.384  sigma 0.387  (  397s)   REAL hits/ep 1.88
gen 126  best  139.104  mean  138.141  sigma 0.387  (  409s)
gen 127  best  138.923  mean  138.118  sigma 0.387  (  410s)
gen 128  best  138.061  mean  137.064  sigma 0.387  (  411s)
gen 129  best  138.259  mean  137.637  sigma 0.387  (  413s)
gen 130  best  138.423  mean  137.802  sigma 0.387  (  414s)   REAL hits/ep 1.88
gen 131  best  138.583  mean  137.621  sigma 0.387  (  424s)
gen 132  best  138.176  mean  137.390  sigma 0.386  (  426s)
gen 133  best  138.642  mean  138.023  sigma 0.386  (  427s)
gen 134  best  138.752  mean  138.220  sigma 0.386  (  428s)
gen 135  best  138.476  mean  137.841  sigma 0.386  (  430s)   REAL hits/ep 1.88
gen 136  best  138.907  mean  138.218  sigma 0.386  (  440s)
gen 137  best  138.044  mean  137.286  sigma 0.386  (  441s)
gen 138  best  139.349  mean  138.824  sigma 0.386  (  442s)
gen 139  best  138.591  mean  137.949  sigma 0.385  (  444s)
gen 140  best  139.406  mean  138.466  sigma 0.385  (  446s)   REAL hits/ep 2.04
gen 141  best  138.316  mean  137.667  sigma 0.385  (  456s)
gen 142  best  137.770  mean  136.997  sigma 0.385  (  457s)
gen 143  best  138.394  mean  137.841  sigma 0.385  (  459s)
gen 144  best  137.999  mean  137.223  sigma 0.385  (  461s)
gen 145  best  138.504  mean  137.965  sigma 0.385  (  462s)   REAL hits/ep 2.00
gen 146  best  138.891  mean  138.351  sigma 0.385  (  472s)
gen 147  best  139.414  mean  138.727  sigma 0.385  (  474s)
gen 148  best  139.037  mean  138.642  sigma 0.385  (  476s)
gen 149  best  139.522  mean  138.951  sigma 0.384  (  477s)
gen 150  best  139.475  mean  138.575  sigma 0.384  (  479s)   REAL hits/ep 2.04
gen 151  best  138.309  mean  137.635  sigma 0.384  (  490s)
gen 152  best  138.830  mean  138.024  sigma 0.384  (  491s)
gen 153  best  139.172  mean  138.538  sigma 0.384  (  492s)
gen 154  best  139.213  mean  138.527  sigma 0.384  (  494s)
gen 155  best  138.966  mean  138.225  sigma 0.384  (  495s)   REAL hits/ep 2.04
gen 156  best  138.641  mean  137.893  sigma 0.384  (  506s)
gen 157  best  138.860  mean  138.283  sigma 0.384  (  507s)
gen 158  best  139.720  mean  139.064  sigma 0.384  (  508s)
gen 159  best  138.999  mean  138.399  sigma 0.383  (  510s)
gen 160  best  139.281  mean  138.449  sigma 0.383  (  511s)   REAL hits/ep 2.00
gen 161  best  139.760  mean  139.017  sigma 0.383  (  522s)
gen 162  best  138.491  mean  137.923  sigma 0.383  (  523s)
gen 163  best  138.626  mean  138.158  sigma 0.383  (  524s)
gen 164  best  138.743  mean  138.260  sigma 0.383  (  525s)
gen 165  best  138.528  mean  138.058  sigma 0.383  (  527s)   REAL hits/ep 2.00
gen 166  best  138.182  mean  137.366  sigma 0.382  (  538s)
gen 167  best  138.756  mean  138.036  sigma 0.382  (  539s)
gen 168  best  138.162  mean  137.656  sigma 0.382  (  540s)
gen 169  best  138.968  mean  138.389  sigma 0.382  (  541s)
gen 170  best  139.602  mean  138.957  sigma 0.382  (  542s)   REAL hits/ep 2.00
gen 171  best  139.780  mean  139.227  sigma 0.382  (  553s)
gen 172  best  138.670  mean  138.181  sigma 0.382  (  554s)
gen 173  best  138.428  mean  137.797  sigma 0.382  (  556s)
gen 174  best  139.869  mean  139.464  sigma 0.382  (  557s)
gen 175  best  138.307  mean  137.813  sigma 0.382  (  559s)   REAL hits/ep 2.00
gen 176  best  138.673  mean  138.189  sigma 0.381  (  570s)
gen 177  best  139.436  mean  138.698  sigma 0.381  (  572s)
gen 178  best  138.881  mean  138.334  sigma 0.381  (  573s)
gen 179  best  138.664  mean  138.139  sigma 0.381  (  574s)
gen 180  best  139.365  mean  138.850  sigma 0.381  (  576s)   REAL hits/ep 2.04
gen 181  best  139.685  mean  138.796  sigma 0.381  (  586s)
gen 182  best  138.860  mean  138.206  sigma 0.381  (  588s)
gen 183  best  138.806  mean  138.041  sigma 0.381  (  590s)
gen 184  best  138.463  mean  137.840  sigma 0.381  (  591s)
gen 185  best  139.291  mean  138.780  sigma 0.380  (  593s)   REAL hits/ep 2.00
gen 186  best  139.065  mean  138.512  sigma 0.380  (  605s)
gen 187  best  139.216  mean  138.385  sigma 0.380  (  606s)
gen 188  best  139.887  mean  139.425  sigma 0.380  (  608s)
gen 189  best  138.747  mean  138.363  sigma 0.380  (  609s)
gen 190  best  139.012  mean  138.486  sigma 0.380  (  611s)   REAL hits/ep 1.92
gen 191  best  138.913  mean  138.199  sigma 0.379  (  621s)
gen 192  best  139.149  mean  138.772  sigma 0.379  (  622s)
gen 193  best  139.043  mean  138.184  sigma 0.379  (  624s)
gen 194  best  139.205  mean  138.836  sigma 0.379  (  625s)
gen 195  best  139.354  mean  138.933  sigma 0.379  (  626s)   REAL hits/ep 1.96
gen 196  best  139.532  mean  138.931  sigma 0.379  (  636s)
gen 197  best  138.868  mean  138.135  sigma 0.379  (  638s)
gen 198  best  138.580  mean  137.827  sigma 0.379  (  639s)
gen 199  best  139.226  mean  138.596  sigma 0.378  (  640s)   REAL hits/ep 2.12

best real hits/ep 2.125 | final dream fitness 139.226 | 649s -> runs/ctrl_v2_cons_tau0.5
