real env: {'ball_radius': 0.08, 'mass_from_color': False, 'mass_holdout': None, 'mass_only': None, 'occluder': True, 'occluder_y': [0.13, 0.63], 'paddle_w': 0.16}
M: runs/rnn_v31_ff/rnn.pt  z_dim 16  hidden 256  K 5
computing input normalisation from the training set ...
  38400 samples; h std in [0.0195, 0.9478]; 0 dead LSTM units
C: inputs=zh  in_dim=272  n_params=819
start pool: 450 episodes x 200 steps
gen   0  best  115.497  mean  106.879  sigma 0.495  (    1s)   REAL hits/ep 0.88
gen   1  best  119.548  mean  110.783  sigma 0.489  (   14s)
gen   2  best  123.083  mean  113.078  sigma 0.485  (   15s)
gen   3  best  121.732  mean  114.325  sigma 0.480  (   16s)
gen   4  best  123.741  mean  116.953  sigma 0.476  (   17s)
gen   5  best  124.940  mean  116.925  sigma 0.473  (   18s)   REAL hits/ep 0.75
gen   6  best  127.333  mean  119.775  sigma 0.469  (   31s)
gen   7  best  127.821  mean  121.201  sigma 0.465  (   32s)
gen   8  best  129.281  mean  123.437  sigma 0.462  (   33s)
gen   9  best  128.660  mean  123.867  sigma 0.459  (   34s)
gen  10  best  129.193  mean  125.080  sigma 0.456  (   35s)   REAL hits/ep 0.96
gen  11  best  128.591  mean  124.306  sigma 0.454  (   48s)
gen  12  best  128.507  mean  125.735  sigma 0.451  (   49s)
gen  13  best  128.998  mean  125.695  sigma 0.449  (   49s)
gen  14  best  130.434  mean  127.131  sigma 0.447  (   50s)
gen  15  best  130.379  mean  127.579  sigma 0.444  (   51s)   REAL hits/ep 0.75
gen  16  best  129.883  mean  125.893  sigma 0.442  (   64s)
gen  17  best  129.509  mean  127.115  sigma 0.440  (   65s)
gen  18  best  130.956  mean  127.179  sigma 0.438  (   65s)
gen  19  best  130.566  mean  127.410  sigma 0.436  (   66s)
gen  20  best  129.963  mean  127.694  sigma 0.434  (   67s)   REAL hits/ep 0.75
gen  21  best  130.211  mean  127.581  sigma 0.433  (   79s)
gen  22  best  130.871  mean  128.203  sigma 0.431  (   80s)
gen  23  best  130.770  mean  128.961  sigma 0.429  (   81s)
gen  24  best  130.812  mean  128.861  sigma 0.428  (   82s)
gen  25  best  130.851  mean  128.872  sigma 0.426  (   83s)   REAL hits/ep 0.79
gen  26  best  130.993  mean  129.173  sigma 0.425  (   95s)
gen  27  best  130.036  mean  128.408  sigma 0.424  (   96s)
gen  28  best  129.708  mean  127.913  sigma 0.422  (   97s)
gen  29  best  129.844  mean  127.907  sigma 0.421  (   98s)
gen  30  best  132.029  mean  129.595  sigma 0.420  (   98s)   REAL hits/ep 0.67
gen  31  best  130.496  mean  127.901  sigma 0.419  (  111s)
gen  32  best  131.126  mean  128.922  sigma 0.418  (  112s)
gen  33  best  130.973  mean  128.936  sigma 0.417  (  113s)
gen  34  best  130.739  mean  127.894  sigma 0.416  (  113s)
gen  35  best  129.839  mean  127.821  sigma 0.415  (  114s)   REAL hits/ep 0.67
gen  36  best  130.114  mean  128.277  sigma 0.414  (  128s)
gen  37  best  130.642  mean  129.371  sigma 0.413  (  128s)
gen  38  best  130.215  mean  128.852  sigma 0.412  (  129s)
gen  39  best  130.956  mean  128.967  sigma 0.411  (  130s)
gen  40  best  129.333  mean  128.112  sigma 0.410  (  132s)   REAL hits/ep 0.62
gen  41  best  131.807  mean  129.055  sigma 0.409  (  147s)
gen  42  best  130.937  mean  129.382  sigma 0.408  (  148s)
gen  43  best  130.547  mean  128.598  sigma 0.407  (  149s)
gen  44  best  129.738  mean  128.617  sigma 0.406  (  150s)
gen  45  best  131.250  mean  129.715  sigma 0.406  (  151s)   REAL hits/ep 0.67
gen  46  best  130.230  mean  129.138  sigma 0.405  (  167s)
gen  47  best  130.347  mean  128.919  sigma 0.404  (  167s)
gen  48  best  131.509  mean  129.785  sigma 0.403  (  168s)
gen  49  best  130.551  mean  128.928  sigma 0.403  (  169s)
gen  50  best  130.653  mean  129.328  sigma 0.402  (  170s)   REAL hits/ep 0.71
gen  51  best  131.040  mean  129.507  sigma 0.401  (  187s)
gen  52  best  130.450  mean  129.024  sigma 0.400  (  188s)
gen  53  best  131.048  mean  129.159  sigma 0.400  (  189s)
gen  54  best  131.206  mean  129.750  sigma 0.399  (  191s)
gen  55  best  131.145  mean  129.299  sigma 0.398  (  192s)   REAL hits/ep 0.62
gen  56  best  131.046  mean  129.340  sigma 0.397  (  213s)
gen  57  best  131.455  mean  129.740  sigma 0.397  (  214s)
gen  58  best  130.105  mean  128.519  sigma 0.396  (  216s)
gen  59  best  130.699  mean  129.189  sigma 0.395  (  217s)
gen  60  best  130.313  mean  128.754  sigma 0.395  (  218s)   REAL hits/ep 0.75
gen  61  best  130.375  mean  128.862  sigma 0.394  (  232s)
gen  62  best  130.370  mean  129.384  sigma 0.394  (  232s)
gen  63  best  130.683  mean  129.280  sigma 0.393  (  233s)
gen  64  best  130.825  mean  129.616  sigma 0.392  (  234s)
gen  65  best  130.809  mean  129.341  sigma 0.392  (  235s)   REAL hits/ep 0.75
gen  66  best  130.901  mean  129.294  sigma 0.391  (  249s)
gen  67  best  130.464  mean  129.267  sigma 0.391  (  249s)
gen  68  best  131.652  mean  129.929  sigma 0.390  (  250s)
gen  69  best  131.505  mean  129.176  sigma 0.390  (  251s)
gen  70  best  130.968  mean  129.389  sigma 0.389  (  252s)   REAL hits/ep 0.75
gen  71  best  130.484  mean  129.425  sigma 0.389  (  266s)
gen  72  best  131.138  mean  129.364  sigma 0.388  (  269s)
gen  73  best  131.313  mean  128.841  sigma 0.388  (  270s)
gen  74  best  130.963  mean  129.116  sigma 0.387  (  272s)
gen  75  best  132.546  mean  130.030  sigma 0.387  (  273s)   REAL hits/ep 0.71
gen  76  best  131.287  mean  129.894  sigma 0.386  (  286s)
gen  77  best  131.902  mean  129.837  sigma 0.386  (  287s)
gen  78  best  131.400  mean  129.461  sigma 0.386  (  288s)
gen  79  best  131.016  mean  128.993  sigma 0.385  (  288s)
gen  80  best  130.864  mean  129.122  sigma 0.385  (  290s)   REAL hits/ep 0.75
gen  81  best  131.015  mean  129.484  sigma 0.384  (  303s)
gen  82  best  131.557  mean  130.348  sigma 0.384  (  304s)
gen  83  best  130.614  mean  129.218  sigma 0.384  (  305s)
gen  84  best  131.300  mean  129.557  sigma 0.383  (  306s)
gen  85  best  131.015  mean  129.412  sigma 0.383  (  308s)   REAL hits/ep 0.62
gen  86  best  130.546  mean  129.323  sigma 0.383  (  323s)
gen  87  best  131.859  mean  129.367  sigma 0.382  (  324s)
gen  88  best  131.370  mean  129.787  sigma 0.382  (  325s)
gen  89  best  131.251  mean  129.671  sigma 0.382  (  326s)
gen  90  best  131.288  mean  129.907  sigma 0.382  (  328s)   REAL hits/ep 0.67
gen  91  best  131.723  mean  129.859  sigma 0.381  (  343s)
gen  92  best  131.509  mean  130.189  sigma 0.381  (  344s)
gen  93  best  131.422  mean  129.759  sigma 0.381  (  345s)
gen  94  best  130.566  mean  128.945  sigma 0.381  (  346s)
gen  95  best  132.134  mean  129.743  sigma 0.380  (  348s)   REAL hits/ep 0.79
gen  96  best  131.359  mean  129.897  sigma 0.380  (  365s)
gen  97  best  131.906  mean  129.765  sigma 0.380  (  365s)
gen  98  best  131.085  mean  129.625  sigma 0.380  (  366s)
gen  99  best  131.165  mean  129.938  sigma 0.380  (  367s)
gen 100  best  131.977  mean  129.921  sigma 0.380  (  368s)   REAL hits/ep 0.79
gen 101  best  131.541  mean  129.925  sigma 0.379  (  383s)
gen 102  best  131.871  mean  130.352  sigma 0.379  (  383s)
gen 103  best  131.329  mean  130.020  sigma 0.379  (  384s)
gen 104  best  131.357  mean  129.845  sigma 0.379  (  385s)
gen 105  best  132.082  mean  130.208  sigma 0.379  (  386s)   REAL hits/ep 0.75
gen 106  best  131.849  mean  129.585  sigma 0.378  (  398s)
gen 107  best  131.483  mean  130.279  sigma 0.378  (  398s)
gen 108  best  132.211  mean  130.429  sigma 0.377  (  399s)
gen 109  best  130.749  mean  129.571  sigma 0.377  (  400s)
gen 110  best  130.849  mean  129.873  sigma 0.377  (  401s)   REAL hits/ep 0.71
gen 111  best  131.040  mean  129.837  sigma 0.376  (  413s)
gen 112  best  130.964  mean  129.756  sigma 0.376  (  414s)
gen 113  best  131.454  mean  130.258  sigma 0.376  (  415s)
gen 114  best  132.642  mean  131.002  sigma 0.376  (  416s)
gen 115  best  131.154  mean  129.859  sigma 0.375  (  417s)   REAL hits/ep 0.79
gen 116  best  131.596  mean  129.611  sigma 0.375  (  429s)
gen 117  best  131.703  mean  130.146  sigma 0.375  (  430s)
gen 118  best  131.013  mean  129.903  sigma 0.375  (  431s)
gen 119  best  131.191  mean  129.747  sigma 0.374  (  431s)
gen 120  best  132.006  mean  130.252  sigma 0.374  (  432s)   REAL hits/ep 0.79
gen 121  best  131.317  mean  130.031  sigma 0.374  (  444s)
gen 122  best  131.651  mean  130.063  sigma 0.373  (  445s)
gen 123  best  131.349  mean  129.391  sigma 0.373  (  446s)
gen 124  best  131.091  mean  129.595  sigma 0.373  (  447s)
gen 125  best  131.251  mean  129.555  sigma 0.372  (  448s)   REAL hits/ep 0.83
gen 126  best  130.590  mean  129.173  sigma 0.372  (  460s)
gen 127  best  131.006  mean  129.558  sigma 0.372  (  461s)
gen 128  best  131.425  mean  129.913  sigma 0.372  (  462s)
gen 129  best  131.090  mean  129.868  sigma 0.372  (  463s)
gen 130  best  131.401  mean  129.841  sigma 0.372  (  464s)   REAL hits/ep 0.79
gen 131  best  131.141  mean  129.846  sigma 0.371  (  477s)
gen 132  best  130.523  mean  128.801  sigma 0.371  (  478s)
gen 133  best  132.484  mean  130.422  sigma 0.371  (  479s)
gen 134  best  131.742  mean  129.407  sigma 0.371  (  479s)
gen 135  best  131.962  mean  129.921  sigma 0.371  (  480s)   REAL hits/ep 0.79
gen 136  best  131.518  mean  130.017  sigma 0.371  (  494s)
gen 137  best  131.096  mean  129.491  sigma 0.371  (  495s)
gen 138  best  131.693  mean  129.661  sigma 0.371  (  495s)
gen 139  best  131.241  mean  129.627  sigma 0.371  (  496s)
gen 140  best  130.834  mean  129.676  sigma 0.371  (  497s)   REAL hits/ep 0.75
gen 141  best  130.642  mean  129.472  sigma 0.371  (  510s)
gen 142  best  131.444  mean  129.662  sigma 0.371  (  511s)
gen 143  best  130.929  mean  129.838  sigma 0.371  (  512s)
gen 144  best  132.156  mean  130.425  sigma 0.370  (  512s)
gen 145  best  131.421  mean  129.616  sigma 0.370  (  513s)   REAL hits/ep 0.75
gen 146  best  131.622  mean  130.306  sigma 0.370  (  527s)
gen 147  best  132.038  mean  130.271  sigma 0.370  (  528s)
gen 148  best  131.727  mean  130.184  sigma 0.370  (  528s)
gen 149  best  132.059  mean  130.281  sigma 0.370  (  529s)
gen 150  best  131.066  mean  129.653  sigma 0.370  (  530s)   REAL hits/ep 0.79
gen 151  best  132.417  mean  130.549  sigma 0.370  (  543s)
gen 152  best  131.233  mean  129.968  sigma 0.370  (  544s)
gen 153  best  131.969  mean  130.086  sigma 0.370  (  545s)
gen 154  best  131.203  mean  130.187  sigma 0.370  (  546s)
gen 155  best  131.252  mean  129.983  sigma 0.370  (  547s)   REAL hits/ep 0.75
gen 156  best  131.748  mean  130.346  sigma 0.370  (  559s)
gen 157  best  131.481  mean  130.389  sigma 0.370  (  559s)
gen 158  best  131.072  mean  129.722  sigma 0.370  (  560s)
gen 159  best  131.350  mean  129.867  sigma 0.370  (  561s)
gen 160  best  131.514  mean  130.285  sigma 0.370  (  562s)   REAL hits/ep 0.62
gen 161  best  131.283  mean  129.753  sigma 0.370  (  574s)
gen 162  best  130.848  mean  129.280  sigma 0.370  (  574s)
gen 163  best  131.204  mean  129.903  sigma 0.370  (  575s)
gen 164  best  131.176  mean  129.895  sigma 0.370  (  576s)
gen 165  best  131.484  mean  129.899  sigma 0.370  (  577s)   REAL hits/ep 0.71
gen 166  best  131.122  mean  130.310  sigma 0.370  (  589s)
gen 167  best  131.260  mean  129.976  sigma 0.370  (  589s)
gen 168  best  130.823  mean  129.164  sigma 0.370  (  590s)
gen 169  best  131.367  mean  130.207  sigma 0.370  (  591s)
gen 170  best  131.457  mean  130.222  sigma 0.370  (  592s)   REAL hits/ep 0.75
gen 171  best  131.244  mean  129.959  sigma 0.370  (  604s)
gen 172  best  130.944  mean  129.867  sigma 0.370  (  605s)
gen 173  best  131.610  mean  130.060  sigma 0.370  (  606s)
gen 174  best  131.892  mean  130.532  sigma 0.370  (  607s)
gen 175  best  131.541  mean  130.059  sigma 0.370  (  608s)   REAL hits/ep 0.79
gen 176  best  131.408  mean  129.952  sigma 0.370  (  619s)
gen 177  best  131.970  mean  129.842  sigma 0.370  (  620s)
gen 178  best  132.129  mean  130.620  sigma 0.370  (  621s)
gen 179  best  131.496  mean  129.894  sigma 0.370  (  622s)
gen 180  best  131.725  mean  130.060  sigma 0.370  (  622s)   REAL hits/ep 0.75
gen 181  best  132.012  mean  130.277  sigma 0.370  (  635s)
gen 182  best  131.702  mean  129.863  sigma 0.370  (  635s)
gen 183  best  132.187  mean  129.962  sigma 0.370  (  636s)
gen 184  best  131.321  mean  130.123  sigma 0.370  (  637s)
gen 185  best  131.973  mean  130.503  sigma 0.370  (  638s)   REAL hits/ep 0.58
gen 186  best  132.613  mean  130.203  sigma 0.370  (  649s)
gen 187  best  130.805  mean  129.841  sigma 0.369  (  650s)
gen 188  best  131.500  mean  130.189  sigma 0.369  (  651s)
gen 189  best  132.041  mean  130.188  sigma 0.369  (  652s)
gen 190  best  131.814  mean  130.475  sigma 0.369  (  652s)   REAL hits/ep 0.67
gen 191  best  131.414  mean  130.063  sigma 0.369  (  664s)
gen 192  best  131.084  mean  129.892  sigma 0.369  (  665s)
gen 193  best  131.518  mean  129.874  sigma 0.369  (  666s)
gen 194  best  131.393  mean  130.005  sigma 0.369  (  666s)
gen 195  best  130.409  mean  129.279  sigma 0.369  (  667s)   REAL hits/ep 0.79
gen 196  best  131.591  mean  129.828  sigma 0.369  (  679s)
gen 197  best  131.866  mean  130.191  sigma 0.369  (  680s)
gen 198  best  130.806  mean  129.607  sigma 0.368  (  681s)
gen 199  best  131.896  mean  129.897  sigma 0.368  (  681s)   REAL hits/ep 0.67

best real hits/ep 0.958 | final dream fitness 131.896 | 693s -> runs/ctrl_v31_ff
