real env: {'ball_radius': 0.08, 'mass_from_color': False, 'mass_holdout': None, 'mass_only': None, 'occluder': True, 'occluder_y': None}
M: runs/rnn_v3_ff/rnn.pt  z_dim 16  hidden 256  K 5
computing input normalisation from the training set ...
  38400 samples; h std in [0.1155, 0.9826]; 0 dead LSTM units
C: inputs=zh  in_dim=272  n_params=819
start pool: 450 episodes x 200 steps
gen   0  best  122.969  mean  106.805  sigma 0.494  (    2s)   REAL hits/ep 0.88
gen   1  best  134.879  mean  113.785  sigma 0.489  (   16s)
gen   2  best  134.662  mean  118.583  sigma 0.485  (   17s)
gen   3  best  139.156  mean  126.096  sigma 0.480  (   18s)
gen   4  best  139.776  mean  130.548  sigma 0.476  (   19s)
gen   5  best  140.782  mean  131.323  sigma 0.473  (   21s)   REAL hits/ep 0.96
gen   6  best  140.623  mean  134.840  sigma 0.469  (   35s)
gen   7  best  140.775  mean  136.751  sigma 0.465  (   36s)
gen   8  best  140.986  mean  136.474  sigma 0.462  (   37s)
gen   9  best  142.153  mean  138.237  sigma 0.459  (   38s)
gen  10  best  141.511  mean  137.913  sigma 0.456  (   39s)   REAL hits/ep 0.75
gen  11  best  141.586  mean  139.194  sigma 0.454  (   53s)
gen  12  best  141.653  mean  138.977  sigma 0.451  (   54s)
gen  13  best  142.230  mean  140.007  sigma 0.448  (   55s)
gen  14  best  142.713  mean  140.828  sigma 0.446  (   56s)
gen  15  best  142.384  mean  140.316  sigma 0.444  (   57s)   REAL hits/ep 0.79
gen  16  best  141.693  mean  139.934  sigma 0.442  (   70s)
gen  17  best  141.933  mean  139.915  sigma 0.440  (   71s)
gen  18  best  142.261  mean  140.683  sigma 0.438  (   72s)
gen  19  best  142.796  mean  141.460  sigma 0.436  (   73s)
gen  20  best  142.510  mean  141.129  sigma 0.434  (   74s)   REAL hits/ep 0.96
gen  21  best  141.814  mean  140.648  sigma 0.432  (   87s)
gen  22  best  142.516  mean  141.379  sigma 0.430  (   88s)
gen  23  best  142.506  mean  141.514  sigma 0.428  (   89s)
gen  24  best  142.416  mean  141.328  sigma 0.427  (   90s)
gen  25  best  142.226  mean  141.393  sigma 0.425  (   92s)   REAL hits/ep 0.83
gen  26  best  142.626  mean  141.524  sigma 0.424  (  105s)
gen  27  best  142.295  mean  141.452  sigma 0.422  (  106s)
gen  28  best  142.192  mean  141.660  sigma 0.421  (  107s)
gen  29  best  142.118  mean  141.021  sigma 0.420  (  108s)
gen  30  best  143.039  mean  141.542  sigma 0.418  (  109s)   REAL hits/ep 0.96
gen  31  best  142.207  mean  141.223  sigma 0.417  (  122s)
gen  32  best  143.349  mean  142.378  sigma 0.416  (  123s)
gen  33  best  143.043  mean  142.252  sigma 0.415  (  124s)
gen  34  best  142.581  mean  141.772  sigma 0.414  (  125s)
gen  35  best  142.387  mean  141.336  sigma 0.412  (  126s)   REAL hits/ep 0.88
gen  36  best  143.273  mean  142.541  sigma 0.412  (  140s)
gen  37  best  142.778  mean  142.026  sigma 0.411  (  141s)
gen  38  best  142.711  mean  141.539  sigma 0.410  (  142s)
gen  39  best  143.328  mean  142.275  sigma 0.409  (  142s)
gen  40  best  142.796  mean  141.983  sigma 0.408  (  144s)   REAL hits/ep 0.83
gen  41  best  142.843  mean  142.086  sigma 0.407  (  157s)
gen  42  best  142.883  mean  141.913  sigma 0.407  (  158s)
gen  43  best  142.879  mean  141.950  sigma 0.406  (  160s)
gen  44  best  142.879  mean  142.040  sigma 0.405  (  161s)
gen  45  best  142.964  mean  142.410  sigma 0.405  (  162s)   REAL hits/ep 0.83
gen  46  best  142.559  mean  141.885  sigma 0.404  (  175s)
gen  47  best  143.339  mean  142.453  sigma 0.404  (  176s)
gen  48  best  143.126  mean  142.377  sigma 0.403  (  177s)
gen  49  best  143.121  mean  142.436  sigma 0.403  (  178s)
gen  50  best  142.752  mean  142.096  sigma 0.402  (  180s)   REAL hits/ep 0.83
gen  51  best  143.202  mean  142.527  sigma 0.402  (  193s)
gen  52  best  143.079  mean  142.283  sigma 0.402  (  194s)
gen  53  best  143.116  mean  141.850  sigma 0.401  (  195s)
gen  54  best  143.183  mean  142.393  sigma 0.401  (  196s)
gen  55  best  142.895  mean  141.847  sigma 0.401  (  197s)   REAL hits/ep 0.83
gen  56  best  143.034  mean  142.438  sigma 0.401  (  211s)
gen  57  best  143.319  mean  142.662  sigma 0.400  (  212s)
gen  58  best  142.758  mean  142.110  sigma 0.400  (  213s)
gen  59  best  142.869  mean  142.010  sigma 0.400  (  214s)
gen  60  best  143.204  mean  142.567  sigma 0.400  (  215s)   REAL hits/ep 0.92
gen  61  best  142.967  mean  142.265  sigma 0.400  (  230s)
gen  62  best  143.596  mean  142.660  sigma 0.399  (  231s)
gen  63  best  142.711  mean  141.887  sigma 0.399  (  232s)
gen  64  best  142.927  mean  142.423  sigma 0.399  (  233s)
gen  65  best  142.780  mean  141.881  sigma 0.399  (  235s)   REAL hits/ep 0.92
gen  66  best  142.902  mean  142.054  sigma 0.399  (  250s)
gen  67  best  143.350  mean  142.356  sigma 0.399  (  251s)
gen  68  best  143.546  mean  142.936  sigma 0.399  (  252s)
gen  69  best  143.015  mean  142.175  sigma 0.399  (  253s)
gen  70  best  143.507  mean  142.913  sigma 0.399  (  255s)   REAL hits/ep 0.83
gen  71  best  143.038  mean  142.394  sigma 0.399  (  271s)
gen  72  best  142.647  mean  142.235  sigma 0.399  (  272s)
gen  73  best  143.412  mean  142.394  sigma 0.399  (  273s)
gen  74  best  142.546  mean  141.976  sigma 0.399  (  274s)
gen  75  best  143.101  mean  142.714  sigma 0.399  (  276s)   REAL hits/ep 0.88
gen  76  best  142.957  mean  142.362  sigma 0.398  (  291s)
gen  77  best  143.280  mean  142.546  sigma 0.398  (  293s)
gen  78  best  143.497  mean  142.846  sigma 0.398  (  294s)
gen  79  best  143.134  mean  142.218  sigma 0.398  (  295s)
gen  80  best  142.961  mean  142.340  sigma 0.398  (  296s)   REAL hits/ep 0.92
gen  81  best  143.125  mean  142.571  sigma 0.398  (  311s)
gen  82  best  143.703  mean  142.945  sigma 0.397  (  312s)
gen  83  best  143.178  mean  142.128  sigma 0.397  (  314s)
gen  84  best  143.108  mean  142.461  sigma 0.397  (  315s)
gen  85  best  143.111  mean  142.410  sigma 0.397  (  317s)   REAL hits/ep 0.96
gen  86  best  142.886  mean  142.224  sigma 0.397  (  332s)
gen  87  best  142.891  mean  141.939  sigma 0.397  (  333s)
gen  88  best  143.183  mean  142.797  sigma 0.397  (  334s)
gen  89  best  143.070  mean  142.521  sigma 0.397  (  335s)
gen  90  best  143.103  mean  142.621  sigma 0.397  (  337s)   REAL hits/ep 1.00
gen  91  best  143.246  mean  142.446  sigma 0.396  (  353s)
gen  92  best  143.368  mean  142.852  sigma 0.396  (  354s)
gen  93  best  143.281  mean  142.639  sigma 0.396  (  355s)
gen  94  best  142.600  mean  141.502  sigma 0.396  (  356s)
gen  95  best  143.535  mean  142.749  sigma 0.396  (  358s)   REAL hits/ep 0.92
gen  96  best  143.150  mean  142.550  sigma 0.396  (  377s)
gen  97  best  143.762  mean  143.051  sigma 0.396  (  378s)
gen  98  best  143.568  mean  142.952  sigma 0.395  (  379s)
gen  99  best  143.602  mean  143.132  sigma 0.395  (  380s)
gen 100  best  143.596  mean  142.750  sigma 0.395  (  382s)   REAL hits/ep 1.08
gen 101  best  142.976  mean  142.407  sigma 0.395  (  400s)
gen 102  best  143.320  mean  142.839  sigma 0.395  (  401s)
gen 103  best  143.239  mean  142.697  sigma 0.395  (  403s)
gen 104  best  143.302  mean  142.770  sigma 0.395  (  405s)
gen 105  best  143.404  mean  142.969  sigma 0.395  (  407s)   REAL hits/ep 1.08
gen 106  best  143.008  mean  142.293  sigma 0.395  (  425s)
gen 107  best  143.212  mean  142.773  sigma 0.394  (  426s)
gen 108  best  143.235  mean  142.555  sigma 0.394  (  428s)
gen 109  best  143.142  mean  142.373  sigma 0.394  (  429s)
gen 110  best  143.091  mean  142.550  sigma 0.394  (  431s)   REAL hits/ep 1.04
gen 111  best  143.179  mean  142.418  sigma 0.394  (  449s)
gen 112  best  143.524  mean  143.131  sigma 0.393  (  450s)
gen 113  best  143.553  mean  142.651  sigma 0.393  (  452s)
gen 114  best  143.592  mean  143.038  sigma 0.393  (  454s)
gen 115  best  142.583  mean  141.800  sigma 0.393  (  456s)   REAL hits/ep 1.08
gen 116  best  143.078  mean  142.506  sigma 0.393  (  475s)
gen 117  best  143.251  mean  142.687  sigma 0.393  (  477s)
gen 118  best  142.920  mean  142.292  sigma 0.393  (  479s)
gen 119  best  143.125  mean  142.428  sigma 0.393  (  481s)
gen 120  best  143.550  mean  142.749  sigma 0.393  (  482s)   REAL hits/ep 0.96
gen 121  best  143.426  mean  142.846  sigma 0.393  (  499s)
gen 122  best  142.909  mean  141.991  sigma 0.393  (  501s)
gen 123  best  142.564  mean  141.526  sigma 0.393  (  502s)
gen 124  best  143.137  mean  142.458  sigma 0.393  (  504s)
gen 125  best  142.821  mean  142.459  sigma 0.392  (  505s)   REAL hits/ep 0.96
gen 126  best  143.369  mean  142.597  sigma 0.392  (  522s)
gen 127  best  143.275  mean  142.563  sigma 0.392  (  524s)
gen 128  best  143.073  mean  142.493  sigma 0.392  (  525s)
gen 129  best  143.253  mean  142.407  sigma 0.392  (  527s)
gen 130  best  143.426  mean  142.898  sigma 0.392  (  528s)   REAL hits/ep 1.17
gen 131  best  143.235  mean  142.827  sigma 0.393  (  544s)
gen 132  best  142.999  mean  142.171  sigma 0.393  (  545s)
gen 133  best  143.896  mean  143.016  sigma 0.393  (  547s)
gen 134  best  143.299  mean  142.611  sigma 0.393  (  549s)
gen 135  best  142.939  mean  142.543  sigma 0.393  (  552s)   REAL hits/ep 1.04
gen 136  best  143.101  mean  142.538  sigma 0.393  (  569s)
gen 137  best  142.438  mean  142.082  sigma 0.393  (  571s)
gen 138  best  142.890  mean  142.357  sigma 0.393  (  572s)
gen 139  best  143.267  mean  142.764  sigma 0.393  (  574s)
gen 140  best  142.989  mean  142.555  sigma 0.393  (  576s)   REAL hits/ep 0.96
gen 141  best  143.100  mean  142.488  sigma 0.393  (  596s)
gen 142  best  143.425  mean  142.810  sigma 0.393  (  598s)
gen 143  best  143.157  mean  142.353  sigma 0.393  (  599s)
gen 144  best  143.596  mean  142.912  sigma 0.393  (  601s)
gen 145  best  143.115  mean  142.530  sigma 0.393  (  603s)   REAL hits/ep 1.00
gen 146  best  143.590  mean  142.893  sigma 0.393  (  621s)
gen 147  best  143.707  mean  143.017  sigma 0.393  (  623s)
gen 148  best  143.211  mean  142.489  sigma 0.393  (  625s)
gen 149  best  143.701  mean  143.199  sigma 0.393  (  627s)
gen 150  best  142.993  mean  142.293  sigma 0.393  (  629s)   REAL hits/ep 1.08
gen 151  best  143.241  mean  142.708  sigma 0.393  (  648s)
gen 152  best  143.265  mean  142.818  sigma 0.393  (  650s)
gen 153  best  143.693  mean  142.801  sigma 0.392  (  652s)
gen 154  best  143.613  mean  142.694  sigma 0.392  (  653s)
gen 155  best  143.527  mean  142.962  sigma 0.392  (  655s)   REAL hits/ep 1.04
gen 156  best  143.170  mean  142.497  sigma 0.392  (  672s)
gen 157  best  143.155  mean  142.676  sigma 0.392  (  673s)
gen 158  best  143.207  mean  142.796  sigma 0.392  (  675s)
gen 159  best  143.237  mean  142.366  sigma 0.392  (  678s)
gen 160  best  143.700  mean  142.911  sigma 0.392  (  680s)   REAL hits/ep 1.08
gen 161  best  143.360  mean  142.807  sigma 0.392  (  698s)
gen 162  best  142.757  mean  142.302  sigma 0.392  (  701s)
gen 163  best  143.293  mean  142.698  sigma 0.392  (  702s)
gen 164  best  143.392  mean  142.630  sigma 0.392  (  704s)
gen 165  best  143.467  mean  142.778  sigma 0.392  (  707s)   REAL hits/ep 1.04
gen 166  best  143.263  mean  142.583  sigma 0.392  (  723s)
gen 167  best  143.222  mean  142.461  sigma 0.391  (  724s)
gen 168  best  142.331  mean  141.929  sigma 0.391  (  726s)
gen 169  best  143.098  mean  142.603  sigma 0.391  (  727s)
gen 170  best  143.937  mean  143.259  sigma 0.391  (  729s)   REAL hits/ep 1.04
gen 171  best  143.290  mean  142.880  sigma 0.391  (  745s)
gen 172  best  142.680  mean  142.210  sigma 0.391  (  746s)
gen 173  best  142.858  mean  142.193  sigma 0.391  (  747s)
gen 174  best  143.568  mean  142.905  sigma 0.391  (  748s)
gen 175  best  142.879  mean  142.399  sigma 0.391  (  750s)   REAL hits/ep 1.08
gen 176  best  143.434  mean  142.921  sigma 0.391  (  767s)
gen 177  best  142.829  mean  142.482  sigma 0.391  (  768s)
gen 178  best  143.645  mean  142.978  sigma 0.391  (  770s)
gen 179  best  143.112  mean  142.690  sigma 0.391  (  771s)
gen 180  best  143.312  mean  142.864  sigma 0.391  (  773s)   REAL hits/ep 1.04
gen 181  best  142.881  mean  142.486  sigma 0.391  (  789s)
gen 182  best  142.873  mean  142.407  sigma 0.391  (  790s)
gen 183  best  143.175  mean  142.694  sigma 0.391  (  792s)
gen 184  best  143.256  mean  142.410  sigma 0.391  (  793s)
gen 185  best  143.868  mean  143.202  sigma 0.391  (  795s)   REAL hits/ep 0.96
gen 186  best  143.503  mean  143.056  sigma 0.391  (  813s)
gen 187  best  143.077  mean  142.339  sigma 0.391  (  814s)
gen 188  best  143.387  mean  142.924  sigma 0.391  (  816s)
gen 189  best  143.242  mean  142.407  sigma 0.391  (  817s)
gen 190  best  143.410  mean  142.997  sigma 0.391  (  819s)   REAL hits/ep 1.00
gen 191  best  142.981  mean  142.506  sigma 0.392  (  836s)
gen 192  best  142.951  mean  142.534  sigma 0.392  (  837s)
gen 193  best  143.293  mean  142.856  sigma 0.392  (  839s)
gen 194  best  143.263  mean  142.764  sigma 0.392  (  840s)
gen 195  best  142.884  mean  142.473  sigma 0.393  (  842s)   REAL hits/ep 1.04
gen 196  best  143.272  mean  142.576  sigma 0.393  (  858s)
gen 197  best  143.041  mean  142.452  sigma 0.393  (  859s)
gen 198  best  143.210  mean  142.872  sigma 0.393  (  861s)
gen 199  best  143.172  mean  142.412  sigma 0.394  (  862s)   REAL hits/ep 1.00

best real hits/ep 1.167 | final dream fitness 143.172 | 878s -> runs/ctrl_v3_ff
