real env: {'ball_radius': 0.08, 'mass_from_color': False, 'mass_holdout': None, 'mass_only': None, 'occluder': True, 'occluder_y': [0.13, 0.63], 'paddle_w': 0.16}
M: runs/rnn_v31_poshead/rnn.pt  z_dim 16  hidden 256  K 5
computing input normalisation from the training set ...
  38400 samples; h std in [0.0767, 0.6419]; 0 dead LSTM units
C: inputs=zh  in_dim=272  n_params=819
start pool: 450 episodes x 200 steps
gen   0  best  135.145  mean  106.095  sigma 0.495  (    2s)   REAL hits/ep 0.54
gen   1  best  132.908  mean  109.649  sigma 0.490  (   14s)
gen   2  best  130.646  mean  116.918  sigma 0.485  (   15s)
gen   3  best  132.221  mean  111.726  sigma 0.481  (   16s)
gen   4  best  132.755  mean  120.070  sigma 0.476  (   17s)
gen   5  best  137.893  mean  122.629  sigma 0.473  (   19s)   REAL hits/ep 0.42
gen   6  best  142.548  mean  126.350  sigma 0.469  (   31s)
gen   7  best  141.622  mean  129.805  sigma 0.466  (   32s)
gen   8  best  148.509  mean  131.814  sigma 0.462  (   33s)
gen   9  best  147.506  mean  133.794  sigma 0.459  (   34s)
gen  10  best  147.763  mean  130.734  sigma 0.456  (   36s)   REAL hits/ep 0.71
gen  11  best  155.611  mean  138.522  sigma 0.454  (   48s)
gen  12  best  145.998  mean  137.154  sigma 0.451  (   49s)
gen  13  best  155.239  mean  139.871  sigma 0.448  (   50s)
gen  14  best  147.553  mean  139.816  sigma 0.446  (   52s)
gen  15  best  151.747  mean  138.247  sigma 0.443  (   53s)   REAL hits/ep 0.67
gen  16  best  148.029  mean  138.165  sigma 0.441  (   65s)
gen  17  best  150.489  mean  143.580  sigma 0.439  (   66s)
gen  18  best  152.846  mean  144.136  sigma 0.436  (   68s)
gen  19  best  156.497  mean  148.650  sigma 0.434  (   69s)
gen  20  best  155.746  mean  148.791  sigma 0.432  (   70s)   REAL hits/ep 0.96
gen  21  best  152.762  mean  141.828  sigma 0.431  (   82s)
gen  22  best  155.057  mean  149.583  sigma 0.429  (   83s)
gen  23  best  157.786  mean  149.332  sigma 0.427  (   84s)
gen  24  best  154.458  mean  147.769  sigma 0.425  (   86s)
gen  25  best  158.060  mean  153.572  sigma 0.424  (   87s)   REAL hits/ep 1.08
gen  26  best  154.579  mean  150.709  sigma 0.422  (   99s)
gen  27  best  156.518  mean  151.479  sigma 0.421  (  100s)
gen  28  best  158.485  mean  152.461  sigma 0.419  (  102s)
gen  29  best  154.204  mean  146.656  sigma 0.418  (  103s)
gen  30  best  159.959  mean  155.065  sigma 0.417  (  104s)   REAL hits/ep 0.96
gen  31  best  153.670  mean  150.890  sigma 0.415  (  116s)
gen  32  best  153.905  mean  150.494  sigma 0.414  (  117s)
gen  33  best  154.980  mean  151.784  sigma 0.413  (  118s)
gen  34  best  156.066  mean  152.696  sigma 0.412  (  120s)
gen  35  best  159.346  mean  156.494  sigma 0.411  (  121s)   REAL hits/ep 1.25
gen  36  best  156.498  mean  152.247  sigma 0.409  (  133s)
gen  37  best  156.941  mean  154.186  sigma 0.408  (  134s)
gen  38  best  157.928  mean  154.922  sigma 0.407  (  135s)
gen  39  best  155.896  mean  152.942  sigma 0.406  (  136s)
gen  40  best  156.323  mean  153.009  sigma 0.405  (  138s)   REAL hits/ep 1.04
gen  41  best  159.690  mean  157.947  sigma 0.404  (  150s)
gen  42  best  156.923  mean  155.522  sigma 0.403  (  151s)
gen  43  best  154.366  mean  151.796  sigma 0.402  (  152s)
gen  44  best  155.624  mean  154.182  sigma 0.401  (  154s)
gen  45  best  157.898  mean  156.493  sigma 0.401  (  155s)   REAL hits/ep 1.08
gen  46  best  157.031  mean  154.846  sigma 0.400  (  167s)
gen  47  best  156.853  mean  154.799  sigma 0.399  (  168s)
gen  48  best  157.365  mean  155.818  sigma 0.398  (  169s)
gen  49  best  156.882  mean  155.496  sigma 0.398  (  170s)
gen  50  best  156.018  mean  153.804  sigma 0.397  (  172s)   REAL hits/ep 1.25
gen  51  best  159.304  mean  157.763  sigma 0.397  (  184s)
gen  52  best  159.924  mean  158.887  sigma 0.396  (  185s)
gen  53  best  155.262  mean  153.860  sigma 0.396  (  186s)
gen  54  best  156.712  mean  155.294  sigma 0.395  (  188s)
gen  55  best  160.877  mean  160.230  sigma 0.394  (  189s)   REAL hits/ep 1.12
gen  56  best  159.707  mean  158.264  sigma 0.394  (  202s)
gen  57  best  159.364  mean  157.675  sigma 0.394  (  203s)
gen  58  best  156.061  mean  154.885  sigma 0.393  (  204s)
gen  59  best  159.134  mean  158.446  sigma 0.393  (  205s)
gen  60  best  159.428  mean  158.723  sigma 0.392  (  206s)   REAL hits/ep 1.29
gen  61  best  157.644  mean  156.130  sigma 0.392  (  224s)
gen  62  best  156.605  mean  155.415  sigma 0.392  (  226s)
gen  63  best  157.481  mean  156.613  sigma 0.391  (  227s)
gen  64  best  157.585  mean  156.357  sigma 0.391  (  228s)
gen  65  best  157.431  mean  156.420  sigma 0.390  (  229s)   REAL hits/ep 1.54
gen  66  best  156.615  mean  155.684  sigma 0.390  (  242s)
gen  67  best  158.466  mean  157.117  sigma 0.389  (  243s)
gen  68  best  158.331  mean  157.858  sigma 0.389  (  244s)
gen  69  best  158.889  mean  158.160  sigma 0.389  (  245s)
gen  70  best  159.647  mean  159.097  sigma 0.388  (  247s)   REAL hits/ep 1.38
gen  71  best  158.740  mean  157.460  sigma 0.388  (  259s)
gen  72  best  159.095  mean  157.621  sigma 0.388  (  260s)
gen  73  best  158.997  mean  157.397  sigma 0.387  (  261s)
gen  74  best  158.529  mean  157.696  sigma 0.387  (  263s)
gen  75  best  158.495  mean  157.828  sigma 0.387  (  264s)   REAL hits/ep 1.54
gen  76  best  159.147  mean  158.459  sigma 0.386  (  276s)
gen  77  best  158.417  mean  157.341  sigma 0.386  (  277s)
gen  78  best  158.964  mean  157.906  sigma 0.386  (  278s)
gen  79  best  158.448  mean  157.407  sigma 0.385  (  279s)
gen  80  best  159.017  mean  158.039  sigma 0.385  (  281s)   REAL hits/ep 1.12
gen  81  best  157.918  mean  156.501  sigma 0.385  (  293s)
gen  82  best  160.153  mean  158.360  sigma 0.385  (  294s)
gen  83  best  158.925  mean  158.437  sigma 0.384  (  295s)
gen  84  best  159.573  mean  157.063  sigma 0.384  (  296s)
gen  85  best  160.529  mean  160.156  sigma 0.384  (  298s)   REAL hits/ep 1.50
gen  86  best  157.641  mean  157.136  sigma 0.384  (  310s)
gen  87  best  158.366  mean  157.647  sigma 0.383  (  311s)
gen  88  best  157.581  mean  156.994  sigma 0.383  (  312s)
gen  89  best  159.102  mean  158.777  sigma 0.383  (  313s)
gen  90  best  157.937  mean  156.891  sigma 0.383  (  314s)   REAL hits/ep 1.33
gen  91  best  158.791  mean  158.344  sigma 0.383  (  326s)
gen  92  best  161.171  mean  160.686  sigma 0.383  (  328s)
gen  93  best  157.510  mean  157.088  sigma 0.383  (  329s)
gen  94  best  156.737  mean  155.845  sigma 0.383  (  330s)
gen  95  best  158.737  mean  156.896  sigma 0.382  (  331s)   REAL hits/ep 1.50
gen  96  best  160.291  mean  159.865  sigma 0.382  (  343s)
gen  97  best  158.909  mean  157.813  sigma 0.382  (  344s)
gen  98  best  160.186  mean  159.118  sigma 0.382  (  346s)
gen  99  best  158.906  mean  157.565  sigma 0.382  (  347s)
gen 100  best  158.233  mean  157.420  sigma 0.382  (  348s)   REAL hits/ep 1.17
gen 101  best  159.287  mean  158.338  sigma 0.382  (  361s)
gen 102  best  158.645  mean  157.223  sigma 0.381  (  362s)
gen 103  best  159.815  mean  158.818  sigma 0.381  (  363s)
gen 104  best  158.666  mean  157.551  sigma 0.381  (  364s)
gen 105  best  159.790  mean  158.319  sigma 0.381  (  366s)   REAL hits/ep 1.21
gen 106  best  159.768  mean  158.720  sigma 0.381  (  387s)
gen 107  best  159.937  mean  159.358  sigma 0.380  (  389s)
gen 108  best  160.894  mean  160.414  sigma 0.380  (  392s)
gen 109  best  159.112  mean  158.776  sigma 0.380  (  395s)
gen 110  best  156.885  mean  155.867  sigma 0.380  (  399s)   REAL hits/ep 1.29
gen 111  best  157.420  mean  156.148  sigma 0.380  (  420s)
gen 112  best  159.101  mean  158.098  sigma 0.380  (  422s)
gen 113  best  158.845  mean  158.098  sigma 0.379  (  424s)
gen 114  best  161.342  mean  161.007  sigma 0.379  (  426s)
gen 115  best  157.950  mean  157.482  sigma 0.379  (  429s)   REAL hits/ep 1.42
gen 116  best  161.649  mean  161.336  sigma 0.379  (  446s)
gen 117  best  157.871  mean  157.035  sigma 0.379  (  448s)
gen 118  best  159.185  mean  158.444  sigma 0.379  (  451s)
gen 119  best  160.893  mean  160.610  sigma 0.379  (  453s)
gen 120  best  159.256  mean  157.748  sigma 0.378  (  455s)   REAL hits/ep 1.54
gen 121  best  161.111  mean  160.723  sigma 0.378  (  477s)
gen 122  best  158.821  mean  158.280  sigma 0.378  (  480s)
gen 123  best  159.904  mean  159.317  sigma 0.378  (  481s)
gen 124  best  159.743  mean  159.009  sigma 0.378  (  483s)
gen 125  best  157.878  mean  157.159  sigma 0.378  (  485s)   REAL hits/ep 1.21
gen 126  best  157.380  mean  156.635  sigma 0.378  (  504s)
gen 127  best  158.992  mean  158.325  sigma 0.378  (  506s)
gen 128  best  160.813  mean  159.732  sigma 0.378  (  508s)
gen 129  best  158.408  mean  157.605  sigma 0.378  (  509s)
gen 130  best  160.518  mean  159.777  sigma 0.378  (  511s)   REAL hits/ep 1.33
gen 131  best  157.703  mean  156.313  sigma 0.378  (  523s)
gen 132  best  156.336  mean  155.258  sigma 0.378  (  525s)
gen 133  best  160.255  mean  159.913  sigma 0.378  (  526s)
gen 134  best  160.316  mean  159.712  sigma 0.378  (  527s)
gen 135  best  158.903  mean  157.961  sigma 0.378  (  528s)   REAL hits/ep 1.17
gen 136  best  159.028  mean  158.702  sigma 0.378  (  541s)
gen 137  best  155.665  mean  154.531  sigma 0.378  (  542s)
gen 138  best  158.884  mean  155.311  sigma 0.378  (  543s)
gen 139  best  158.909  mean  158.234  sigma 0.378  (  544s)
gen 140  best  157.740  mean  156.545  sigma 0.378  (  545s)   REAL hits/ep 1.21
gen 141  best  157.047  mean  155.676  sigma 0.378  (  558s)
gen 142  best  159.204  mean  158.526  sigma 0.378  (  559s)
gen 143  best  159.825  mean  158.942  sigma 0.378  (  560s)
gen 144  best  158.625  mean  157.777  sigma 0.378  (  561s)
gen 145  best  160.023  mean  159.593  sigma 0.378  (  563s)   REAL hits/ep 1.08
gen 146  best  159.607  mean  158.471  sigma 0.378  (  575s)
gen 147  best  159.191  mean  158.473  sigma 0.378  (  576s)
gen 148  best  159.050  mean  158.343  sigma 0.378  (  577s)
gen 149  best  160.121  mean  158.018  sigma 0.378  (  578s)
gen 150  best  158.813  mean  157.293  sigma 0.378  (  580s)   REAL hits/ep 0.92
gen 151  best  160.890  mean  160.373  sigma 0.378  (  591s)
gen 152  best  160.178  mean  159.502  sigma 0.378  (  593s)
gen 153  best  161.139  mean  160.850  sigma 0.378  (  594s)
gen 154  best  159.094  mean  157.336  sigma 0.378  (  595s)
gen 155  best  159.108  mean  158.957  sigma 0.378  (  596s)   REAL hits/ep 1.25
gen 156  best  159.417  mean  158.945  sigma 0.378  (  609s)
gen 157  best  159.766  mean  159.297  sigma 0.378  (  610s)
gen 158  best  160.118  mean  159.825  sigma 0.378  (  611s)
gen 159  best  158.481  mean  158.129  sigma 0.378  (  613s)
gen 160  best  160.109  mean  159.591  sigma 0.377  (  614s)   REAL hits/ep 1.46
gen 161  best  158.501  mean  158.123  sigma 0.377  (  626s)
gen 162  best  159.224  mean  158.976  sigma 0.378  (  627s)
gen 163  best  159.370  mean  159.071  sigma 0.378  (  628s)
gen 164  best  159.276  mean  158.876  sigma 0.378  (  629s)
gen 165  best  159.833  mean  159.548  sigma 0.378  (  631s)   REAL hits/ep 1.58
gen 166  best  159.903  mean  159.397  sigma 0.378  (  643s)
gen 167  best  158.510  mean  158.259  sigma 0.378  (  644s)
gen 168  best  158.679  mean  158.281  sigma 0.378  (  645s)
gen 169  best  159.027  mean  158.299  sigma 0.378  (  647s)
gen 170  best  160.624  mean  160.121  sigma 0.378  (  648s)   REAL hits/ep 1.29
gen 171  best  159.207  mean  158.672  sigma 0.378  (  663s)
gen 172  best  158.622  mean  157.975  sigma 0.378  (  664s)
gen 173  best  158.504  mean  157.728  sigma 0.378  (  665s)
gen 174  best  160.566  mean  160.222  sigma 0.378  (  666s)
gen 175  best  157.290  mean  156.621  sigma 0.378  (  668s)   REAL hits/ep 1.33
gen 176  best  159.243  mean  158.782  sigma 0.379  (  680s)
gen 177  best  158.267  mean  157.946  sigma 0.379  (  681s)
gen 178  best  159.249  mean  158.553  sigma 0.379  (  682s)
gen 179  best  160.983  mean  160.631  sigma 0.379  (  683s)
gen 180  best  158.118  mean  157.423  sigma 0.379  (  684s)   REAL hits/ep 1.21
gen 181  best  160.137  mean  159.551  sigma 0.379  (  693s)
gen 182  best  159.378  mean  159.184  sigma 0.379  (  694s)
gen 183  best  156.407  mean  155.607  sigma 0.379  (  695s)
gen 184  best  158.297  mean  157.836  sigma 0.379  (  695s)
gen 185  best  159.873  mean  159.399  sigma 0.379  (  696s)   REAL hits/ep 1.25
gen 186  best  157.688  mean  156.889  sigma 0.379  (  706s)
gen 187  best  160.301  mean  159.818  sigma 0.379  (  706s)
gen 188  best  159.210  mean  158.914  sigma 0.380  (  707s)
gen 189  best  160.152  mean  159.974  sigma 0.380  (  708s)
gen 190  best  160.731  mean  160.411  sigma 0.380  (  709s)   REAL hits/ep 0.96
gen 191  best  157.507  mean  156.925  sigma 0.380  (  719s)
gen 192  best  158.502  mean  157.827  sigma 0.380  (  720s)
gen 193  best  160.167  mean  159.591  sigma 0.380  (  720s)
gen 194  best  159.303  mean  159.074  sigma 0.380  (  721s)
gen 195  best  159.613  mean  159.133  sigma 0.380  (  723s)   REAL hits/ep 0.88
gen 196  best  159.318  mean  159.050  sigma 0.380  (  729s)
gen 197  best  159.790  mean  158.951  sigma 0.380  (  730s)
gen 198  best  159.205  mean  158.746  sigma 0.380  (  730s)
gen 199  best  158.990  mean  158.414  sigma 0.380  (  731s)   REAL hits/ep 1.04

best real hits/ep 1.583 | final dream fitness 158.990 | 737s -> runs/ctrl_v31_poshead
