M: runs/rnn_v1/rnn.pt  z_dim 16  hidden 256  K 5
computing input normalisation from the training set ...
  38400 samples; h std in [0.1004, 0.8413]; 0 dead LSTM units
C: inputs=zh  in_dim=272  n_params=819
start pool: 450 episodes x 200 steps
gen   0  best  119.577  mean  102.998  sigma 0.495  (    1s)   REAL hits/ep 1.33
gen   1  best  127.228  mean  116.448  sigma 0.489  (    6s)
gen   2  best  128.019  mean  121.674  sigma 0.485  (    7s)
gen   3  best  128.308  mean  123.464  sigma 0.481  (    8s)
gen   4  best  130.251  mean  124.605  sigma 0.477  (    8s)
gen   5  best  129.114  mean  125.923  sigma 0.473  (    9s)   REAL hits/ep 1.92
gen   6  best  131.909  mean  127.173  sigma 0.469  (   15s)
gen   7  best  131.682  mean  128.026  sigma 0.466  (   15s)
gen   8  best  132.944  mean  129.202  sigma 0.463  (   16s)
gen   9  best  133.753  mean  130.682  sigma 0.459  (   17s)
gen  10  best  133.381  mean  130.948  sigma 0.456  (   17s)   REAL hits/ep 2.00
gen  11  best  133.945  mean  132.009  sigma 0.453  (   22s)
gen  12  best  134.058  mean  131.901  sigma 0.451  (   23s)
gen  13  best  135.208  mean  132.937  sigma 0.448  (   24s)
gen  14  best  135.563  mean  133.783  sigma 0.445  (   24s)
gen  15  best  134.959  mean  133.864  sigma 0.443  (   25s)   REAL hits/ep 1.75
gen  16  best  134.527  mean  133.212  sigma 0.441  (   30s)
gen  17  best  135.725  mean  134.506  sigma 0.439  (   31s)
gen  18  best  135.638  mean  134.492  sigma 0.437  (   32s)
gen  19  best  136.471  mean  135.597  sigma 0.435  (   32s)
gen  20  best  135.586  mean  134.434  sigma 0.433  (   33s)   REAL hits/ep 1.33
gen  21  best  136.160  mean  134.402  sigma 0.431  (   38s)
gen  22  best  136.819  mean  135.179  sigma 0.429  (   39s)
gen  23  best  136.476  mean  135.421  sigma 0.428  (   40s)
gen  24  best  136.535  mean  135.662  sigma 0.426  (   40s)
gen  25  best  136.530  mean  135.650  sigma 0.425  (   41s)   REAL hits/ep 1.21
gen  26  best  136.173  mean  135.419  sigma 0.423  (   46s)
gen  27  best  136.562  mean  135.566  sigma 0.422  (   47s)
gen  28  best  137.100  mean  136.145  sigma 0.421  (   47s)
gen  29  best  136.447  mean  135.531  sigma 0.419  (   48s)
gen  30  best  137.027  mean  136.151  sigma 0.418  (   49s)   REAL hits/ep 1.29
gen  31  best  136.181  mean  135.382  sigma 0.417  (   54s)
gen  32  best  137.624  mean  136.560  sigma 0.415  (   55s)
gen  33  best  136.933  mean  136.283  sigma 0.414  (   56s)
gen  34  best  136.325  mean  135.505  sigma 0.413  (   56s)
gen  35  best  136.868  mean  136.000  sigma 0.412  (   57s)   REAL hits/ep 1.38
gen  36  best  137.242  mean  136.569  sigma 0.411  (   63s)
gen  37  best  137.373  mean  136.547  sigma 0.410  (   64s)
gen  38  best  136.493  mean  135.893  sigma 0.409  (   65s)
gen  39  best  136.900  mean  136.335  sigma 0.408  (   65s)
gen  40  best  136.824  mean  135.976  sigma 0.407  (   66s)   REAL hits/ep 1.38
gen  41  best  137.027  mean  136.459  sigma 0.406  (   72s)
gen  42  best  137.399  mean  136.476  sigma 0.405  (   72s)
gen  43  best  136.938  mean  136.124  sigma 0.404  (   73s)
gen  44  best  136.311  mean  135.443  sigma 0.403  (   74s)
gen  45  best  138.318  mean  137.487  sigma 0.402  (   75s)   REAL hits/ep 1.21
gen  46  best  136.338  mean  135.719  sigma 0.401  (   80s)
gen  47  best  137.564  mean  136.806  sigma 0.401  (   81s)
gen  48  best  136.924  mean  136.086  sigma 0.400  (   81s)
gen  49  best  137.032  mean  136.312  sigma 0.399  (   82s)
gen  50  best  136.914  mean  136.298  sigma 0.398  (   83s)   REAL hits/ep 1.62
gen  51  best  137.071  mean  136.370  sigma 0.397  (   88s)
gen  52  best  137.168  mean  136.590  sigma 0.396  (   89s)
gen  53  best  136.592  mean  135.948  sigma 0.396  (   89s)
gen  54  best  138.290  mean  137.055  sigma 0.395  (   90s)
gen  55  best  137.729  mean  136.902  sigma 0.394  (   91s)   REAL hits/ep 1.38
gen  56  best  137.756  mean  136.962  sigma 0.394  (   96s)
gen  57  best  137.730  mean  137.127  sigma 0.393  (   97s)
gen  58  best  136.672  mean  136.136  sigma 0.392  (   98s)
gen  59  best  136.930  mean  136.263  sigma 0.392  (   98s)
gen  60  best  136.733  mean  136.149  sigma 0.391  (   99s)   REAL hits/ep 1.54
gen  61  best  137.513  mean  136.432  sigma 0.390  (  104s)
gen  62  best  137.261  mean  136.695  sigma 0.390  (  105s)
gen  63  best  137.348  mean  136.614  sigma 0.389  (  106s)
gen  64  best  137.492  mean  136.935  sigma 0.389  (  106s)
gen  65  best  137.059  mean  136.505  sigma 0.388  (  107s)   REAL hits/ep 1.46
gen  66  best  137.493  mean  136.976  sigma 0.388  (  112s)
gen  67  best  137.406  mean  136.704  sigma 0.387  (  113s)
gen  68  best  137.745  mean  137.206  sigma 0.387  (  113s)
gen  69  best  137.607  mean  137.182  sigma 0.386  (  114s)
gen  70  best  137.837  mean  137.191  sigma 0.386  (  115s)   REAL hits/ep 1.42
gen  71  best  137.564  mean  137.132  sigma 0.385  (  120s)
gen  72  best  137.956  mean  137.438  sigma 0.385  (  121s)
gen  73  best  137.413  mean  136.892  sigma 0.384  (  121s)
gen  74  best  137.421  mean  136.922  sigma 0.384  (  122s)
gen  75  best  138.121  mean  137.520  sigma 0.384  (  123s)   REAL hits/ep 1.54
gen  76  best  137.321  mean  136.709  sigma 0.383  (  128s)
gen  77  best  137.184  mean  136.383  sigma 0.383  (  128s)
gen  78  best  138.379  mean  137.360  sigma 0.383  (  129s)
gen  79  best  138.836  mean  137.827  sigma 0.382  (  130s)
gen  80  best  137.677  mean  137.168  sigma 0.382  (  130s)   REAL hits/ep 1.42
gen  81  best  138.217  mean  137.713  sigma 0.382  (  136s)
gen  82  best  138.052  mean  137.498  sigma 0.381  (  136s)
gen  83  best  138.218  mean  137.780  sigma 0.381  (  137s)
gen  84  best  137.573  mean  136.987  sigma 0.381  (  137s)
gen  85  best  138.217  mean  137.739  sigma 0.380  (  138s)   REAL hits/ep 1.38
gen  86  best  136.841  mean  136.339  sigma 0.380  (  143s)
gen  87  best  137.233  mean  136.704  sigma 0.380  (  144s)
gen  88  best  138.115  mean  137.497  sigma 0.379  (  145s)
gen  89  best  137.193  mean  136.684  sigma 0.379  (  145s)
gen  90  best  138.303  mean  137.593  sigma 0.378  (  146s)   REAL hits/ep 1.33
gen  91  best  137.790  mean  137.082  sigma 0.378  (  151s)
gen  92  best  138.094  mean  137.362  sigma 0.378  (  152s)
gen  93  best  137.639  mean  136.879  sigma 0.377  (  152s)
gen  94  best  136.485  mean  135.850  sigma 0.377  (  153s)
gen  95  best  138.103  mean  137.538  sigma 0.376  (  154s)   REAL hits/ep 1.42
gen  96  best  138.060  mean  137.395  sigma 0.376  (  159s)
gen  97  best  138.067  mean  137.578  sigma 0.376  (  159s)
gen  98  best  137.142  mean  136.732  sigma 0.376  (  160s)
gen  99  best  138.397  mean  137.955  sigma 0.375  (  161s)
gen 100  best  137.685  mean  137.126  sigma 0.375  (  161s)   REAL hits/ep 1.46
gen 101  best  138.113  mean  137.272  sigma 0.375  (  167s)
gen 102  best  137.659  mean  137.152  sigma 0.374  (  167s)
gen 103  best  137.883  mean  137.309  sigma 0.374  (  168s)
gen 104  best  137.610  mean  137.088  sigma 0.374  (  168s)
gen 105  best  138.232  mean  137.641  sigma 0.373  (  169s)   REAL hits/ep 1.62
gen 106  best  138.033  mean  137.474  sigma 0.373  (  174s)
gen 107  best  137.446  mean  136.947  sigma 0.373  (  175s)
gen 108  best  138.390  mean  137.732  sigma 0.372  (  175s)
gen 109  best  138.171  mean  137.705  sigma 0.372  (  176s)
gen 110  best  138.017  mean  137.402  sigma 0.372  (  177s)   REAL hits/ep 1.88
gen 111  best  137.483  mean  136.846  sigma 0.372  (  182s)
gen 112  best  138.675  mean  138.069  sigma 0.372  (  183s)
gen 113  best  138.157  mean  137.672  sigma 0.371  (  183s)
gen 114  best  137.990  mean  137.385  sigma 0.371  (  184s)
gen 115  best  137.152  mean  136.460  sigma 0.371  (  184s)   REAL hits/ep 1.75
gen 116  best  138.378  mean  137.819  sigma 0.371  (  190s)
gen 117  best  138.356  mean  137.621  sigma 0.371  (  190s)
gen 118  best  137.708  mean  137.137  sigma 0.371  (  191s)
gen 119  best  138.135  mean  137.625  sigma 0.371  (  191s)
gen 120  best  138.225  mean  137.800  sigma 0.371  (  192s)   REAL hits/ep 1.96
gen 121  best  138.698  mean  138.125  sigma 0.371  (  197s)
gen 122  best  137.184  mean  136.496  sigma 0.371  (  198s)
gen 123  best  136.848  mean  136.298  sigma 0.371  (  199s)
gen 124  best  138.281  mean  137.823  sigma 0.371  (  199s)
gen 125  best  138.514  mean  137.961  sigma 0.371  (  200s)   REAL hits/ep 1.46
gen 126  best  138.300  mean  137.874  sigma 0.371  (  205s)
gen 127  best  138.076  mean  137.719  sigma 0.371  (  206s)
gen 128  best  137.744  mean  137.144  sigma 0.371  (  206s)
gen 129  best  137.575  mean  136.954  sigma 0.371  (  207s)
gen 130  best  138.417  mean  138.009  sigma 0.371  (  208s)   REAL hits/ep 1.50
gen 131  best  138.204  mean  137.733  sigma 0.371  (  213s)
gen 132  best  137.833  mean  137.225  sigma 0.371  (  214s)
gen 133  best  138.215  mean  137.661  sigma 0.371  (  215s)
gen 134  best  138.454  mean  137.866  sigma 0.371  (  215s)
gen 135  best  137.818  mean  137.237  sigma 0.371  (  216s)   REAL hits/ep 1.50
gen 136  best  138.349  mean  137.625  sigma 0.371  (  221s)
gen 137  best  137.686  mean  137.013  sigma 0.371  (  222s)
gen 138  best  137.919  mean  137.290  sigma 0.371  (  222s)
gen 139  best  138.242  mean  137.842  sigma 0.370  (  223s)
gen 140  best  137.501  mean  136.854  sigma 0.370  (  224s)   REAL hits/ep 1.50
gen 141  best  137.346  mean  136.791  sigma 0.370  (  229s)
gen 142  best  137.876  mean  137.387  sigma 0.370  (  229s)
gen 143  best  137.436  mean  136.719  sigma 0.370  (  230s)
gen 144  best  137.989  mean  137.411  sigma 0.369  (  231s)
gen 145  best  138.105  mean  137.687  sigma 0.369  (  231s)   REAL hits/ep 1.54
gen 146  best  137.797  mean  137.242  sigma 0.369  (  236s)
gen 147  best  138.621  mean  138.050  sigma 0.369  (  237s)
gen 148  best  138.344  mean  137.907  sigma 0.368  (  238s)
gen 149  best  137.945  mean  137.544  sigma 0.368  (  238s)
gen 150  best  138.563  mean  138.035  sigma 0.368  (  239s)   REAL hits/ep 1.83
gen 151  best  138.912  mean  138.443  sigma 0.368  (  244s)
gen 152  best  138.315  mean  137.657  sigma 0.368  (  245s)
gen 153  best  138.860  mean  138.070  sigma 0.368  (  246s)
gen 154  best  138.334  mean  137.786  sigma 0.368  (  246s)
gen 155  best  138.310  mean  137.763  sigma 0.368  (  247s)   REAL hits/ep 1.83
gen 156  best  138.283  mean  137.719  sigma 0.367  (  252s)
gen 157  best  138.200  mean  137.645  sigma 0.367  (  253s)
gen 158  best  138.445  mean  137.936  sigma 0.367  (  254s)
gen 159  best  137.537  mean  137.222  sigma 0.367  (  254s)
gen 160  best  138.571  mean  137.984  sigma 0.367  (  255s)   REAL hits/ep 1.54
gen 161  best  138.295  mean  137.771  sigma 0.367  (  261s)
gen 162  best  138.000  mean  137.514  sigma 0.367  (  261s)
gen 163  best  137.790  mean  137.088  sigma 0.367  (  262s)
gen 164  best  137.112  mean  136.612  sigma 0.367  (  263s)
gen 165  best  137.842  mean  137.420  sigma 0.367  (  263s)   REAL hits/ep 1.71
gen 166  best  137.803  mean  137.090  sigma 0.367  (  269s)
gen 167  best  137.453  mean  137.137  sigma 0.367  (  270s)
gen 168  best  138.189  mean  137.555  sigma 0.367  (  271s)
gen 169  best  138.239  mean  137.374  sigma 0.367  (  271s)
gen 170  best  138.090  mean  137.531  sigma 0.367  (  272s)   REAL hits/ep 1.62
gen 171  best  138.223  mean  137.771  sigma 0.367  (  277s)
gen 172  best  137.778  mean  137.328  sigma 0.367  (  278s)
gen 173  best  137.634  mean  137.208  sigma 0.367  (  278s)
gen 174  best  138.181  mean  137.668  sigma 0.367  (  279s)
gen 175  best  137.337  mean  136.776  sigma 0.367  (  280s)   REAL hits/ep 2.08
gen 176  best  137.983  mean  137.588  sigma 0.367  (  285s)
gen 177  best  137.535  mean  137.032  sigma 0.367  (  286s)
gen 178  best  138.337  mean  137.835  sigma 0.367  (  286s)
gen 179  best  137.770  mean  137.423  sigma 0.367  (  287s)
gen 180  best  137.713  mean  137.107  sigma 0.367  (  288s)   REAL hits/ep 1.92
gen 181  best  138.389  mean  137.870  sigma 0.367  (  293s)
gen 182  best  137.165  mean  136.696  sigma 0.367  (  294s)
gen 183  best  138.092  mean  137.532  sigma 0.367  (  294s)
gen 184  best  138.006  mean  137.619  sigma 0.367  (  295s)
gen 185  best  138.789  mean  138.417  sigma 0.367  (  295s)   REAL hits/ep 1.54
gen 186  best  138.271  mean  137.758  sigma 0.367  (  301s)
gen 187  best  138.172  mean  137.557  sigma 0.367  (  301s)
gen 188  best  138.380  mean  137.726  sigma 0.367  (  302s)
gen 189  best  138.476  mean  137.974  sigma 0.367  (  303s)
gen 190  best  138.508  mean  138.059  sigma 0.367  (  303s)   REAL hits/ep 1.58
gen 191  best  137.717  mean  137.271  sigma 0.367  (  308s)
gen 192  best  137.989  mean  137.548  sigma 0.367  (  309s)
gen 193  best  138.498  mean  138.008  sigma 0.367  (  310s)
gen 194  best  138.636  mean  137.976  sigma 0.367  (  310s)
gen 195  best  138.759  mean  138.262  sigma 0.367  (  311s)   REAL hits/ep 1.62
gen 196  best  137.804  mean  137.210  sigma 0.367  (  316s)
gen 197  best  137.930  mean  137.417  sigma 0.367  (  317s)
gen 198  best  138.663  mean  138.174  sigma 0.367  (  317s)
gen 199  best  138.034  mean  137.436  sigma 0.367  (  318s)   REAL hits/ep 1.75

best real hits/ep 2.083 | final dream fitness 138.034 | 322s -> runs/ctrl_dense
