device=cpu  z_dim=16  windows=19350 (train) / 210 (val)
hit_rate=0.7589%  pos_weight=130.8
params=293k  cfg=RNNConfig(z_dim=16, n_actions=3, hidden=256, n_gauss=1, predict_delta=True, ablate_actions=False)
ep   0  train_nll   16.121  val_nll    8.118  hit_f1 0.169  rew_mse 0.01656  (36s)
ep   1  train_nll   13.490  val_nll    5.990  hit_f1 0.206  rew_mse 0.01273  (69s)
ep   2  train_nll   12.242  val_nll    4.824  hit_f1 0.229  rew_mse 0.00915  (107s)
ep   3  train_nll   11.614  val_nll    4.415  hit_f1 0.276  rew_mse 0.00760  (140s)
ep   4  train_nll   11.271  val_nll    4.069  hit_f1 0.295  rew_mse 0.00687  (171s)  roll[1]=0.0751 roll[32]=0.5123
ep   5  train_nll   11.044  val_nll    3.754  hit_f1 0.296  rew_mse 0.00688  (202s)
ep   6  train_nll   10.882  val_nll    3.567  hit_f1 0.332  rew_mse 0.00620  (233s)
ep   7  train_nll   10.736  val_nll    3.377  hit_f1 0.330  rew_mse 0.00578  (264s)
ep   8  train_nll   10.634  val_nll    3.354  hit_f1 0.361  rew_mse 0.00564  (294s)
ep   9  train_nll   10.551  val_nll    3.320  hit_f1 0.381  rew_mse 0.00552  (324s)  roll[1]=0.0628 roll[32]=0.4125
ep  10  train_nll   10.466  val_nll    3.245  hit_f1 0.362  rew_mse 0.00523  (354s)
ep  11  train_nll   10.417  val_nll    3.007  hit_f1 0.358  rew_mse 0.00501  (388s)
ep  12  train_nll   10.346  val_nll    3.017  hit_f1 0.387  rew_mse 0.00461  (429s)
ep  13  train_nll   10.303  val_nll    2.917  hit_f1 0.416  rew_mse 0.00447  (459s)
ep  14  train_nll   10.261  val_nll    2.945  hit_f1 0.400  rew_mse 0.00452  (490s)  roll[1]=0.0571 roll[32]=0.2793
ep  15  train_nll   10.227  val_nll    2.899  hit_f1 0.341  rew_mse 0.00438  (522s)
ep  16  train_nll   10.181  val_nll    2.810  hit_f1 0.410  rew_mse 0.00406  (551s)
ep  17  train_nll   10.145  val_nll    2.891  hit_f1 0.430  rew_mse 0.00384  (588s)
ep  18  train_nll   10.120  val_nll    2.790  hit_f1 0.423  rew_mse 0.00384  (618s)
ep  19  train_nll   10.094  val_nll    2.696  hit_f1 0.437  rew_mse 0.00373  (646s)  roll[1]=0.0511 roll[32]=0.2564
ep  20  train_nll   10.060  val_nll    2.701  hit_f1 0.445  rew_mse 0.00360  (676s)
ep  21  train_nll   10.042  val_nll    2.663  hit_f1 0.443  rew_mse 0.00384  (717s)
ep  22  train_nll   10.005  val_nll    2.551  hit_f1 0.448  rew_mse 0.00356  (747s)
ep  23  train_nll    9.986  val_nll    2.632  hit_f1 0.523  rew_mse 0.00347  (777s)
ep  24  train_nll    9.970  val_nll    2.635  hit_f1 0.464  rew_mse 0.00343  (812s)  roll[1]=0.0531 roll[32]=0.3923
ep  25  train_nll    9.959  val_nll    2.463  hit_f1 0.479  rew_mse 0.00340  (842s)
ep  26  train_nll    9.933  val_nll    2.524  hit_f1 0.435  rew_mse 0.00350  (872s)
ep  27  train_nll    9.916  val_nll    2.525  hit_f1 0.460  rew_mse 0.00335  (903s)
ep  28  train_nll    9.905  val_nll    2.523  hit_f1 0.495  rew_mse 0.00327  (933s)
ep  29  train_nll    9.881  val_nll    2.429  hit_f1 0.486  rew_mse 0.00332  (960s)  roll[1]=0.0519 roll[32]=0.2628
ep  30  train_nll    9.876  val_nll    2.251  hit_f1 0.525  rew_mse 0.00323  (989s)
ep  31  train_nll    9.867  val_nll    2.422  hit_f1 0.507  rew_mse 0.00312  (1021s)
ep  32  train_nll    9.847  val_nll    2.408  hit_f1 0.510  rew_mse 0.00318  (1052s)
ep  33  train_nll    9.844  val_nll    2.436  hit_f1 0.491  rew_mse 0.00311  (1087s)
ep  34  train_nll    9.832  val_nll    2.380  hit_f1 0.502  rew_mse 0.00309  (1117s)  roll[1]=0.0504 roll[32]=0.1920

best val NLL 2.251  ->  runs/rnn_g1/rnn.pt
