device=cpu  z_dim=16  latents=mu.npy  windows=19350 (train) / 210 (val)
hit_rate=0.7589%  pos_weight=130.8
params=327k  cfg=RNNConfig(z_dim=16, n_actions=3, hidden=256, n_gauss=5, predict_delta=True, ablate_actions=False, mass_head=False, feedforward=False, pos_head=True)
ep   0  train_nll   16.553  val_nll    7.732  hit_f1 0.198  rew_mse 0.02301  (51s)  pos_mse 0.03327
ep   1  train_nll   14.219  val_nll    6.769  hit_f1 0.246  rew_mse 0.01657  (93s)  pos_mse 0.01376  roll[1]=0.0734 roll[32]=0.7233
ep   2  train_nll   13.504  val_nll    6.081  hit_f1 0.283  rew_mse 0.01393  (134s)  pos_mse 0.01157
ep   3  train_nll   13.125  val_nll    5.723  hit_f1 0.317  rew_mse 0.01338  (175s)  pos_mse 0.01029  roll[1]=0.0581 roll[32]=0.6216
ep   4  train_nll   12.858  val_nll    5.428  hit_f1 0.340  rew_mse 0.01112  (215s)  pos_mse 0.00926
ep   5  train_nll   12.667  val_nll    5.147  hit_f1 0.366  rew_mse 0.01062  (271s)  pos_mse 0.00848  roll[1]=0.0492 roll[32]=0.5691
ep   6  train_nll   12.530  val_nll    5.021  hit_f1 0.369  rew_mse 0.01052  (337s)  pos_mse 0.00795
ep   7  train_nll   12.410  val_nll    4.878  hit_f1 0.418  rew_mse 0.00979  (377s)  pos_mse 0.00751  roll[1]=0.0470 roll[32]=0.4623
ep   8  train_nll   12.324  val_nll    4.809  hit_f1 0.416  rew_mse 0.00919  (419s)  pos_mse 0.00718
ep   9  train_nll   12.255  val_nll    4.702  hit_f1 0.414  rew_mse 0.00855  (473s)  pos_mse 0.00699  roll[1]=0.0438 roll[32]=0.5082
ep  10  train_nll   12.177  val_nll    4.686  hit_f1 0.394  rew_mse 0.00843  (531s)  pos_mse 0.00684
ep  11  train_nll   12.134  val_nll    4.636  hit_f1 0.419  rew_mse 0.00826  (575s)  pos_mse 0.00664  roll[1]=0.0406 roll[32]=0.5605
ep  12  train_nll   12.078  val_nll    4.532  hit_f1 0.411  rew_mse 0.00823  (615s)  pos_mse 0.00643
ep  13  train_nll   12.036  val_nll    4.534  hit_f1 0.446  rew_mse 0.00810  (661s)  pos_mse 0.00637  roll[1]=0.0376 roll[32]=0.4930
ep  14  train_nll   11.997  val_nll    4.437  hit_f1 0.446  rew_mse 0.00765  (712s)  pos_mse 0.00624
ep  15  train_nll   11.969  val_nll    4.401  hit_f1 0.466  rew_mse 0.00793  (773s)  pos_mse 0.00610  roll[1]=0.0394 roll[32]=0.4325
ep  16  train_nll   11.929  val_nll    4.303  hit_f1 0.473  rew_mse 0.00762  (846s)  pos_mse 0.00605
ep  17  train_nll   11.901  val_nll    4.429  hit_f1 0.479  rew_mse 0.00804  (898s)  pos_mse 0.00597  roll[1]=0.0373 roll[32]=0.5100
ep  18  train_nll   11.877  val_nll    4.290  hit_f1 0.488  rew_mse 0.00762  (941s)  pos_mse 0.00582
ep  19  train_nll   11.856  val_nll    4.189  hit_f1 0.421  rew_mse 0.00718  (979s)  pos_mse 0.00579  roll[1]=0.0367 roll[32]=0.4690
ep  20  train_nll   11.830  val_nll    4.265  hit_f1 0.490  rew_mse 0.00735  (1020s)  pos_mse 0.00568
ep  21  train_nll   11.810  val_nll    4.222  hit_f1 0.500  rew_mse 0.00731  (1057s)  pos_mse 0.00564  roll[1]=0.0372 roll[32]=0.5780
ep  22  train_nll   11.787  val_nll    4.153  hit_f1 0.505  rew_mse 0.00727  (1099s)  pos_mse 0.00553
ep  23  train_nll   11.768  val_nll    4.303  hit_f1 0.462  rew_mse 0.00667  (1150s)  pos_mse 0.00550  roll[1]=0.0375 roll[32]=0.4752
ep  24  train_nll   11.763  val_nll    4.215  hit_f1 0.479  rew_mse 0.00684  (1192s)  pos_mse 0.00539
ep  25  train_nll   11.740  val_nll    4.122  hit_f1 0.510  rew_mse 0.00660  (1230s)  pos_mse 0.00538  roll[1]=0.0376 roll[32]=0.4575
ep  26  train_nll   11.725  val_nll    4.079  hit_f1 0.486  rew_mse 0.00659  (1268s)  pos_mse 0.00528
ep  27  train_nll   11.712  val_nll    4.154  hit_f1 0.441  rew_mse 0.00699  (1308s)  pos_mse 0.00525  roll[1]=0.0394 roll[32]=0.4846
ep  28  train_nll   11.703  val_nll    4.131  hit_f1 0.491  rew_mse 0.00616  (1346s)  pos_mse 0.00521
ep  29  train_nll   11.685  val_nll    4.109  hit_f1 0.528  rew_mse 0.00623  (1386s)  pos_mse 0.00518  roll[1]=0.0390 roll[32]=0.5067
ep  30  train_nll   11.675  val_nll    4.001  hit_f1 0.510  rew_mse 0.00607  (1425s)  pos_mse 0.00513
ep  31  train_nll   11.670  val_nll    4.065  hit_f1 0.539  rew_mse 0.00606  (1481s)  pos_mse 0.00507  roll[1]=0.0381 roll[32]=0.4643
ep  32  train_nll   11.650  val_nll    3.975  hit_f1 0.491  rew_mse 0.00595  (1531s)  pos_mse 0.00507
ep  33  train_nll   11.654  val_nll    4.066  hit_f1 0.468  rew_mse 0.00627  (1573s)  pos_mse 0.00500  roll[1]=0.0378 roll[32]=0.4619
ep  34  train_nll   11.643  val_nll    3.962  hit_f1 0.531  rew_mse 0.00598  (1613s)  pos_mse 0.00494  roll[1]=0.0385 roll[32]=0.4433

best val NLL 3.962  ->  runs/rnn_v3_poshead/rnn.pt
