device=cpu  z_dim=16  latents=mu.npy  windows=19350 (train) / 210 (val)
hit_rate=0.6889%  pos_weight=144.2
params=327k  cfg=RNNConfig(z_dim=16, n_actions=3, hidden=256, n_gauss=5, predict_delta=True, ablate_actions=False, mass_head=False, feedforward=False, pos_head=False)
ep   0  train_nll   17.416  val_nll    8.901  hit_f1 0.209  rew_mse 0.03421  (37s)
ep   1  train_nll   15.249  val_nll    7.597  hit_f1 0.231  rew_mse 0.02691  (86s)  roll[1]=0.0928 roll[32]=0.5102
ep   2  train_nll   14.589  val_nll    7.047  hit_f1 0.261  rew_mse 0.02464  (128s)
ep   3  train_nll   14.252  val_nll    6.903  hit_f1 0.277  rew_mse 0.02329  (166s)  roll[1]=0.0815 roll[32]=0.3394
ep   4  train_nll   14.030  val_nll    6.552  hit_f1 0.314  rew_mse 0.02311  (205s)
ep   5  train_nll   13.866  val_nll    6.309  hit_f1 0.327  rew_mse 0.02154  (242s)  roll[1]=0.0803 roll[32]=0.3644
ep   6  train_nll   13.749  val_nll    6.299  hit_f1 0.346  rew_mse 0.02101  (287s)
ep   7  train_nll   13.640  val_nll    6.084  hit_f1 0.337  rew_mse 0.02095  (335s)  roll[1]=0.0761 roll[32]=0.3388
ep   8  train_nll   13.557  val_nll    6.012  hit_f1 0.360  rew_mse 0.01982  (374s)
ep   9  train_nll   13.486  val_nll    5.983  hit_f1 0.378  rew_mse 0.02014  (413s)  roll[1]=0.0763 roll[32]=0.3088
ep  10  train_nll   13.417  val_nll    5.899  hit_f1 0.395  rew_mse 0.01899  (454s)
ep  11  train_nll   13.375  val_nll    5.791  hit_f1 0.390  rew_mse 0.01898  (505s)  roll[1]=0.0720 roll[32]=0.3295
ep  12  train_nll   13.318  val_nll    5.767  hit_f1 0.397  rew_mse 0.01866  (541s)
ep  13  train_nll   13.282  val_nll    5.708  hit_f1 0.394  rew_mse 0.01828  (574s)  roll[1]=0.0719 roll[32]=0.2766
ep  14  train_nll   13.249  val_nll    5.700  hit_f1 0.394  rew_mse 0.01881  (603s)
ep  15  train_nll   13.220  val_nll    5.645  hit_f1 0.394  rew_mse 0.01808  (632s)  roll[1]=0.0743 roll[32]=0.3814
ep  16  train_nll   13.185  val_nll    5.620  hit_f1 0.414  rew_mse 0.01824  (665s)
ep  17  train_nll   13.162  val_nll    5.623  hit_f1 0.432  rew_mse 0.01744  (690s)  roll[1]=0.0728 roll[32]=0.2777
ep  18  train_nll   13.142  val_nll    5.595  hit_f1 0.433  rew_mse 0.01787  (717s)
ep  19  train_nll   13.119  val_nll    5.482  hit_f1 0.408  rew_mse 0.01745  (747s)  roll[1]=0.0763 roll[32]=0.4424
ep  20  train_nll   13.093  val_nll    5.519  hit_f1 0.449  rew_mse 0.01800  (773s)
ep  21  train_nll   13.076  val_nll    5.509  hit_f1 0.434  rew_mse 0.01867  (814s)  roll[1]=0.0742 roll[32]=0.3727
ep  22  train_nll   13.055  val_nll    5.462  hit_f1 0.447  rew_mse 0.01821  (856s)
ep  23  train_nll   13.038  val_nll    5.506  hit_f1 0.456  rew_mse 0.01756  (882s)  roll[1]=0.0753 roll[32]=0.2925
ep  24  train_nll   13.032  val_nll    5.525  hit_f1 0.441  rew_mse 0.01701  (906s)
ep  25  train_nll   13.016  val_nll    5.407  hit_f1 0.456  rew_mse 0.01654  (953s)  roll[1]=0.0751 roll[32]=0.3125
ep  26  train_nll   12.999  val_nll    5.374  hit_f1 0.456  rew_mse 0.01756  (1008s)
ep  27  train_nll   12.987  val_nll    5.390  hit_f1 0.450  rew_mse 0.01635  (1043s)  roll[1]=0.0743 roll[32]=0.2806
ep  28  train_nll   12.980  val_nll    5.461  hit_f1 0.479  rew_mse 0.01751  (1075s)
ep  29  train_nll   12.965  val_nll    5.364  hit_f1 0.454  rew_mse 0.01774  (1107s)  roll[1]=0.0746 roll[32]=0.3438
ep  30  train_nll   12.958  val_nll    5.308  hit_f1 0.502  rew_mse 0.01590  (1134s)
ep  31  train_nll   12.952  val_nll    5.382  hit_f1 0.481  rew_mse 0.01671  (1160s)  roll[1]=0.0758 roll[32]=0.3097
ep  32  train_nll   12.936  val_nll    5.364  hit_f1 0.470  rew_mse 0.01631  (1187s)
ep  33  train_nll   12.937  val_nll    5.371  hit_f1 0.460  rew_mse 0.01562  (1212s)  roll[1]=0.0762 roll[32]=0.2916
ep  34  train_nll   12.928  val_nll    5.292  hit_f1 0.478  rew_mse 0.01589  (1237s)  roll[1]=0.0752 roll[32]=0.3039

best val NLL 5.292  ->  runs/rnn_v31/rnn.pt
