device=cpu  z_dim=16  latents=mu.npy  windows=19350 (train) / 210 (val)
hit_rate=0.7589%  pos_weight=130.8
params=327k  cfg=RNNConfig(z_dim=16, n_actions=3, hidden=256, n_gauss=5, predict_delta=True, ablate_actions=False, mass_head=False, feedforward=False, pos_head=True)
ep   0  train_nll   18.805  val_nll   10.591  hit_f1 0.154  rew_mse 0.03724  (110s)  roll_nll  30.685  cons 0.0000  pos_mse 0.05903
ep   1  train_nll   16.057  val_nll    8.567  hit_f1 0.226  rew_mse 0.02433  (208s)  roll_nll  20.477  cons 0.0000  pos_mse 0.02077  roll[1]=0.0919 roll[32]=0.5520
ep   2  train_nll   14.930  val_nll    7.731  hit_f1 0.252  rew_mse 0.01903  (311s)  roll_nll  19.694  cons 0.0000  pos_mse 0.01434
ep   3  train_nll   14.400  val_nll    7.201  hit_f1 0.253  rew_mse 0.01550  (393s)  roll_nll  19.247  cons 0.0000  pos_mse 0.01207  roll[1]=0.0741 roll[32]=0.5425
ep   4  train_nll   14.053  val_nll    6.834  hit_f1 0.275  rew_mse 0.01429  (473s)  roll_nll  18.903  cons 0.0000  pos_mse 0.01072
ep   5  train_nll   13.817  val_nll    6.309  hit_f1 0.266  rew_mse 0.01381  (560s)  roll_nll  18.667  cons 0.0000  pos_mse 0.00991  roll[1]=0.0714 roll[32]=0.5583
ep   6  train_nll   13.648  val_nll    6.311  hit_f1 0.295  rew_mse 0.01361  (649s)  roll_nll  18.430  cons 0.0000  pos_mse 0.00930
ep   7  train_nll   13.507  val_nll    6.031  hit_f1 0.305  rew_mse 0.01281  (720s)  roll_nll  18.309  cons 0.0000  pos_mse 0.00885  roll[1]=0.0762 roll[32]=0.6164
ep   8  train_nll   13.383  val_nll    5.877  hit_f1 0.330  rew_mse 0.01323  (803s)  roll_nll  18.142  cons 0.0000  pos_mse 0.00843
ep   9  train_nll   13.299  val_nll    5.688  hit_f1 0.325  rew_mse 0.01354  (936s)  roll_nll  18.107  cons 0.0000  pos_mse 0.00821  roll[1]=0.0714 roll[32]=0.6084
ep  10  train_nll   13.198  val_nll    5.714  hit_f1 0.361  rew_mse 0.01273  (1062s)  roll_nll  17.844  cons 0.0000  pos_mse 0.00798
ep  11  train_nll   13.139  val_nll    5.600  hit_f1 0.359  rew_mse 0.01189  (1185s)  roll_nll  17.787  cons 0.0000  pos_mse 0.00778  roll[1]=0.0704 roll[32]=0.5556
ep  12  train_nll   13.091  val_nll    5.590  hit_f1 0.354  rew_mse 0.01171  (1303s)  roll_nll  17.739  cons 0.0000  pos_mse 0.00754
ep  13  train_nll   13.036  val_nll    5.500  hit_f1 0.371  rew_mse 0.01189  (1427s)  roll_nll  17.654  cons 0.0000  pos_mse 0.00739  roll[1]=0.0636 roll[32]=0.5458
ep  14  train_nll   12.997  val_nll    5.501  hit_f1 0.385  rew_mse 0.01206  (1550s)  roll_nll  17.601  cons 0.0000  pos_mse 0.00732
ep  15  train_nll   12.941  val_nll    5.374  hit_f1 0.365  rew_mse 0.01152  (1634s)  roll_nll  17.517  cons 0.0000  pos_mse 0.00706  roll[1]=0.0589 roll[32]=0.5133
ep  16  train_nll   12.910  val_nll    5.315  hit_f1 0.382  rew_mse 0.01098  (1718s)  roll_nll  17.465  cons 0.0000  pos_mse 0.00699
ep  17  train_nll   12.864  val_nll    5.266  hit_f1 0.413  rew_mse 0.01130  (1790s)  roll_nll  17.369  cons 0.0000  pos_mse 0.00679  roll[1]=0.0593 roll[32]=0.5586
ep  18  train_nll   12.840  val_nll    5.259  hit_f1 0.409  rew_mse 0.01053  (1856s)  roll_nll  17.358  cons 0.0000  pos_mse 0.00675
ep  19  train_nll   12.812  val_nll    5.190  hit_f1 0.398  rew_mse 0.01068  (1905s)  roll_nll  17.273  cons 0.0000  pos_mse 0.00667  roll[1]=0.0621 roll[32]=0.4616
ep  20  train_nll   12.781  val_nll    5.267  hit_f1 0.443  rew_mse 0.01042  (1948s)  roll_nll  17.177  cons 0.0000  pos_mse 0.00653
ep  21  train_nll   12.752  val_nll    5.156  hit_f1 0.421  rew_mse 0.00998  (1983s)  roll_nll  17.236  cons 0.0000  pos_mse 0.00640  roll[1]=0.0589 roll[32]=0.4891
ep  22  train_nll   12.722  val_nll    5.270  hit_f1 0.435  rew_mse 0.00980  (2020s)  roll_nll  17.087  cons 0.0000  pos_mse 0.00638
ep  23  train_nll   12.695  val_nll    5.141  hit_f1 0.432  rew_mse 0.00969  (2127s)  roll_nll  16.953  cons 0.0000  pos_mse 0.00624  roll[1]=0.0594 roll[32]=0.5804
ep  24  train_nll   12.675  val_nll    5.149  hit_f1 0.450  rew_mse 0.00967  (2171s)  roll_nll  16.998  cons 0.0000  pos_mse 0.00616
ep  25  train_nll   12.661  val_nll    4.997  hit_f1 0.430  rew_mse 0.00945  (2204s)  roll_nll  16.992  cons 0.0000  pos_mse 0.00611  roll[1]=0.0589 roll[32]=0.4684
ep  26  train_nll   12.638  val_nll    5.031  hit_f1 0.426  rew_mse 0.00952  (2237s)  roll_nll  16.891  cons 0.0000  pos_mse 0.00605
ep  27  train_nll   12.615  val_nll    5.022  hit_f1 0.454  rew_mse 0.00890  (2290s)  roll_nll  16.928  cons 0.0000  pos_mse 0.00600  roll[1]=0.0594 roll[32]=0.4852
ep  28  train_nll   12.611  val_nll    5.072  hit_f1 0.417  rew_mse 0.00903  (2321s)  roll_nll  16.793  cons 0.0000  pos_mse 0.00589
ep  29  train_nll   12.588  val_nll    4.920  hit_f1 0.441  rew_mse 0.00933  (2352s)  roll_nll  16.778  cons 0.0000  pos_mse 0.00587  roll[1]=0.0657 roll[32]=0.5304
ep  30  train_nll   12.581  val_nll    4.907  hit_f1 0.423  rew_mse 0.00902  (2382s)  roll_nll  16.757  cons 0.0000  pos_mse 0.00580
ep  31  train_nll   12.559  val_nll    4.942  hit_f1 0.430  rew_mse 0.00863  (2413s)  roll_nll  16.775  cons 0.0000  pos_mse 0.00575  roll[1]=0.0534 roll[32]=0.4841
ep  32  train_nll   12.548  val_nll    4.940  hit_f1 0.446  rew_mse 0.00893  (2444s)  roll_nll  16.817  cons 0.0000  pos_mse 0.00572
ep  33  train_nll   12.534  val_nll    4.949  hit_f1 0.443  rew_mse 0.00897  (2474s)  roll_nll  16.700  cons 0.0000  pos_mse 0.00573  roll[1]=0.0595 roll[32]=0.4764
ep  34  train_nll   12.526  val_nll    4.878  hit_f1 0.470  rew_mse 0.00839  (2504s)  roll_nll  16.701  cons 0.0000  pos_mse 0.00561  roll[1]=0.0553 roll[32]=0.4563

best val NLL 4.878  ->  runs/rnn_v3_ms24_poshead/rnn.pt
