device=cpu  z_dim=16  latents=mu.npy  windows=19350 (train) / 210 (val)
hit_rate=0.6889%  pos_weight=144.2
params=327k  cfg=RNNConfig(z_dim=16, n_actions=3, hidden=256, n_gauss=5, predict_delta=True, ablate_actions=False, mass_head=False, feedforward=False, pos_head=False)
ep   0  train_nll   19.342  val_nll   10.688  hit_f1 0.187  rew_mse 0.03997  (104s)  roll_nll  30.346  cons 0.0000  emerge 4.366%
ep   1  train_nll   16.768  val_nll    9.189  hit_f1 0.212  rew_mse 0.03066  (199s)  roll_nll  20.221  cons 0.0000  emerge 4.366%  roll[1]=0.1595 roll[32]=0.3760
ep   2  train_nll   15.717  val_nll    8.373  hit_f1 0.229  rew_mse 0.02893  (303s)  roll_nll  19.288  cons 0.0000  emerge 4.366%
ep   3  train_nll   15.235  val_nll    7.945  hit_f1 0.238  rew_mse 0.02710  (401s)  roll_nll  18.832  cons 0.0000  emerge 4.366%  roll[1]=0.0960 roll[32]=0.3812
ep   4  train_nll   14.937  val_nll    7.784  hit_f1 0.259  rew_mse 0.02626  (509s)  roll_nll  18.553  cons 0.0000  emerge 4.366%
ep   5  train_nll   14.760  val_nll    7.664  hit_f1 0.270  rew_mse 0.02474  (590s)  roll_nll  18.412  cons 0.0000  emerge 4.366%  roll[1]=0.0836 roll[32]=0.3992
ep   6  train_nll   14.627  val_nll    7.401  hit_f1 0.282  rew_mse 0.02436  (664s)  roll_nll  18.260  cons 0.0000  emerge 4.366%
ep   7  train_nll   14.491  val_nll    7.493  hit_f1 0.282  rew_mse 0.02440  (726s)  roll_nll  18.125  cons 0.0000  emerge 4.366%  roll[1]=0.0843 roll[32]=0.3728
ep   8  train_nll   14.379  val_nll    7.211  hit_f1 0.278  rew_mse 0.02468  (802s)  roll_nll  17.996  cons 0.0000  emerge 4.366%
ep   9  train_nll   14.289  val_nll    7.112  hit_f1 0.291  rew_mse 0.02456  (885s)  roll_nll  17.943  cons 0.0000  emerge 4.366%  roll[1]=0.0892 roll[32]=0.3931
ep  10  train_nll   14.187  val_nll    7.086  hit_f1 0.296  rew_mse 0.02616  (985s)  roll_nll  17.742  cons 0.0000  emerge 4.366%
ep  11  train_nll   14.121  val_nll    6.879  hit_f1 0.314  rew_mse 0.02402  (1074s)  roll_nll  17.712  cons 0.0000  emerge 4.366%  roll[1]=0.0867 roll[32]=0.3295
ep  12  train_nll   14.066  val_nll    6.866  hit_f1 0.313  rew_mse 0.02336  (1143s)  roll_nll  17.642  cons 0.0000  emerge 4.366%
ep  13  train_nll   13.994  val_nll    6.824  hit_f1 0.304  rew_mse 0.02339  (1206s)  roll_nll  17.550  cons 0.0000  emerge 4.366%  roll[1]=0.0876 roll[32]=0.3870
ep  14  train_nll   13.957  val_nll    6.811  hit_f1 0.351  rew_mse 0.02299  (1257s)  roll_nll  17.590  cons 0.0000  emerge 4.366%
ep  15  train_nll   13.909  val_nll    6.585  hit_f1 0.334  rew_mse 0.02250  (1291s)  roll_nll  17.471  cons 0.0000  emerge 4.366%  roll[1]=0.0816 roll[32]=0.3533
ep  16  train_nll   13.868  val_nll    6.476  hit_f1 0.331  rew_mse 0.02310  (1321s)  roll_nll  17.489  cons 0.0000  emerge 4.366%
ep  17  train_nll   13.826  val_nll    6.659  hit_f1 0.329  rew_mse 0.02234  (1351s)  roll_nll  17.399  cons 0.0000  emerge 4.366%  roll[1]=0.0815 roll[32]=0.3311
ep  18  train_nll   13.794  val_nll    6.566  hit_f1 0.337  rew_mse 0.02196  (1381s)  roll_nll  17.418  cons 0.0000  emerge 4.366%
ep  19  train_nll   13.768  val_nll    6.374  hit_f1 0.340  rew_mse 0.02196  (1411s)  roll_nll  17.337  cons 0.0000  emerge 4.366%  roll[1]=0.0796 roll[32]=0.3978
ep  20  train_nll   13.725  val_nll    6.460  hit_f1 0.344  rew_mse 0.02307  (1441s)  roll_nll  17.258  cons 0.0000  emerge 4.366%
ep  21  train_nll   13.696  val_nll    6.339  hit_f1 0.380  rew_mse 0.02152  (1471s)  roll_nll  17.292  cons 0.0000  emerge 4.366%  roll[1]=0.0841 roll[32]=0.3658
ep  22  train_nll   13.657  val_nll    6.418  hit_f1 0.347  rew_mse 0.02106  (1501s)  roll_nll  17.169  cons 0.0000  emerge 4.366%
ep  23  train_nll   13.629  val_nll    6.419  hit_f1 0.367  rew_mse 0.02187  (1531s)  roll_nll  17.065  cons 0.0000  emerge 4.366%  roll[1]=0.0805 roll[32]=0.3451
ep  24  train_nll   13.625  val_nll    6.339  hit_f1 0.354  rew_mse 0.02189  (1561s)  roll_nll  17.119  cons 0.0000  emerge 4.366%
ep  25  train_nll   13.599  val_nll    6.229  hit_f1 0.378  rew_mse 0.02107  (1591s)  roll_nll  17.113  cons 0.0000  emerge 4.366%  roll[1]=0.0849 roll[32]=0.3445
ep  26  train_nll   13.578  val_nll    6.250  hit_f1 0.406  rew_mse 0.02078  (1621s)  roll_nll  17.027  cons 0.0000  emerge 4.366%
ep  27  train_nll   13.555  val_nll    6.256  hit_f1 0.378  rew_mse 0.02149  (1651s)  roll_nll  17.081  cons 0.0000  emerge 4.366%  roll[1]=0.0825 roll[32]=0.3595
ep  28  train_nll   13.547  val_nll    6.262  hit_f1 0.360  rew_mse 0.02059  (1681s)  roll_nll  16.944  cons 0.0000  emerge 4.366%
ep  29  train_nll   13.517  val_nll    6.123  hit_f1 0.370  rew_mse 0.02051  (1711s)  roll_nll  16.934  cons 0.0000  emerge 4.366%  roll[1]=0.0868 roll[32]=0.2704
ep  30  train_nll   13.503  val_nll    6.166  hit_f1 0.388  rew_mse 0.02131  (1741s)  roll_nll  16.923  cons 0.0000  emerge 4.366%
ep  31  train_nll   13.481  val_nll    6.123  hit_f1 0.377  rew_mse 0.02010  (1771s)  roll_nll  16.903  cons 0.0000  emerge 4.366%  roll[1]=0.0840 roll[32]=0.3613
ep  32  train_nll   13.471  val_nll    6.159  hit_f1 0.391  rew_mse 0.02080  (1800s)  roll_nll  16.937  cons 0.0000  emerge 4.366%
ep  33  train_nll   13.469  val_nll    6.184  hit_f1 0.402  rew_mse 0.02068  (1831s)  roll_nll  16.884  cons 0.0000  emerge 4.366%  roll[1]=0.0836 roll[32]=0.2864
ep  34  train_nll   13.452  val_nll    6.126  hit_f1 0.421  rew_mse 0.02033  (1861s)  roll_nll  16.878  cons 0.0000  emerge 4.366%  roll[1]=0.0825 roll[32]=0.3163

best val NLL 6.123  ->  runs/rnn_v31_emerge/rnn.pt
