device=cpu  z_dim=16  latents=mu.npy  windows=19350 (train) / 210 (val)
hit_rate=0.7589%  pos_weight=130.8
params=327k  cfg=RNNConfig(z_dim=16, n_actions=3, hidden=256, n_gauss=5, predict_delta=True, ablate_actions=False, mass_head=False, feedforward=False)
ep   0  train_nll   18.465  val_nll   10.211  hit_f1 0.185  rew_mse 0.03982  (131s)  roll_nll  26.604  cons 0.0000
ep   1  train_nll   15.859  val_nll    8.352  hit_f1 0.185  rew_mse 0.02951  (278s)  roll_nll  18.803  cons 0.0000  roll[1]=0.0813 roll[32]=0.6059
ep   2  train_nll   14.801  val_nll    7.416  hit_f1 0.231  rew_mse 0.02420  (403s)  roll_nll  17.632  cons 0.0000
ep   3  train_nll   14.220  val_nll    6.820  hit_f1 0.237  rew_mse 0.02093  (549s)  roll_nll  16.893  cons 0.0000  roll[1]=0.0679 roll[32]=0.5865
ep   4  train_nll   13.878  val_nll    6.544  hit_f1 0.252  rew_mse 0.02023  (671s)  roll_nll  16.458  cons 0.0000
ep   5  train_nll   13.642  val_nll    6.117  hit_f1 0.256  rew_mse 0.01846  (795s)  roll_nll  16.201  cons 0.0000  roll[1]=0.0737 roll[32]=0.6006
ep   6  train_nll   13.470  val_nll    5.997  hit_f1 0.277  rew_mse 0.01816  (906s)  roll_nll  15.804  cons 0.0000
ep   7  train_nll   13.337  val_nll    5.929  hit_f1 0.286  rew_mse 0.01794  (989s)  roll_nll  15.770  cons 0.0000  roll[1]=0.0744 roll[32]=0.6982
ep   8  train_nll   13.225  val_nll    5.653  hit_f1 0.306  rew_mse 0.01741  (1078s)  roll_nll  15.592  cons 0.0000
ep   9  train_nll   13.141  val_nll    5.572  hit_f1 0.324  rew_mse 0.01672  (1158s)  roll_nll  15.550  cons 0.0000  roll[1]=0.0640 roll[32]=0.5637
ep  10  train_nll   13.042  val_nll    5.614  hit_f1 0.302  rew_mse 0.01574  (1245s)  roll_nll  15.232  cons 0.0000
ep  11  train_nll   12.984  val_nll    5.515  hit_f1 0.327  rew_mse 0.01609  (1342s)  roll_nll  15.207  cons 0.0000  roll[1]=0.0612 roll[32]=0.6501
ep  12  train_nll   12.921  val_nll    5.266  hit_f1 0.334  rew_mse 0.01595  (1427s)  roll_nll  15.125  cons 0.0000
ep  13  train_nll   12.867  val_nll    5.286  hit_f1 0.351  rew_mse 0.01550  (1517s)  roll_nll  15.035  cons 0.0000  roll[1]=0.0598 roll[32]=0.6076
ep  14  train_nll   12.829  val_nll    5.257  hit_f1 0.377  rew_mse 0.01534  (1605s)  roll_nll  15.067  cons 0.0000
ep  15  train_nll   12.786  val_nll    5.224  hit_f1 0.360  rew_mse 0.01492  (1698s)  roll_nll  14.930  cons 0.0000  roll[1]=0.0675 roll[32]=0.4524
ep  16  train_nll   12.737  val_nll    5.194  hit_f1 0.361  rew_mse 0.01483  (1755s)  roll_nll  14.932  cons 0.0000
ep  17  train_nll   12.700  val_nll    5.099  hit_f1 0.356  rew_mse 0.01444  (1804s)  roll_nll  14.808  cons 0.0000  roll[1]=0.0650 roll[32]=0.5146
ep  18  train_nll   12.676  val_nll    5.223  hit_f1 0.351  rew_mse 0.01492  (1849s)  roll_nll  14.878  cons 0.0000
ep  19  train_nll   12.640  val_nll    4.982  hit_f1 0.387  rew_mse 0.01409  (1893s)  roll_nll  14.718  cons 0.0000  roll[1]=0.0653 roll[32]=0.5537
ep  20  train_nll   12.608  val_nll    5.041  hit_f1 0.361  rew_mse 0.01373  (1920s)  roll_nll  14.660  cons 0.0000
ep  21  train_nll   12.589  val_nll    5.026  hit_f1 0.365  rew_mse 0.01362  (1955s)  roll_nll  14.725  cons 0.0000  roll[1]=0.0589 roll[32]=0.5898
ep  22  train_nll   12.545  val_nll    5.069  hit_f1 0.371  rew_mse 0.01368  (1979s)  roll_nll  14.525  cons 0.0000
ep  23  train_nll   12.516  val_nll    5.064  hit_f1 0.364  rew_mse 0.01365  (2002s)  roll_nll  14.387  cons 0.0000  roll[1]=0.0634 roll[32]=0.4586
ep  24  train_nll   12.515  val_nll    4.917  hit_f1 0.374  rew_mse 0.01331  (2024s)  roll_nll  14.522  cons 0.0000
ep  25  train_nll   12.491  val_nll    4.952  hit_f1 0.381  rew_mse 0.01320  (2048s)  roll_nll  14.555  cons 0.0000  roll[1]=0.0564 roll[32]=0.5749
ep  26  train_nll   12.467  val_nll    4.860  hit_f1 0.394  rew_mse 0.01290  (2071s)  roll_nll  14.358  cons 0.0000
ep  27  train_nll   12.442  val_nll    4.839  hit_f1 0.359  rew_mse 0.01339  (2094s)  roll_nll  14.452  cons 0.0000  roll[1]=0.0574 roll[32]=0.5315
ep  28  train_nll   12.430  val_nll    4.859  hit_f1 0.413  rew_mse 0.01271  (2119s)  roll_nll  14.251  cons 0.0000
ep  29  train_nll   12.412  val_nll    4.813  hit_f1 0.385  rew_mse 0.01279  (2147s)  roll_nll  14.276  cons 0.0000  roll[1]=0.0560 roll[32]=0.4631
ep  30  train_nll   12.392  val_nll    4.857  hit_f1 0.416  rew_mse 0.01239  (2170s)  roll_nll  14.238  cons 0.0000
ep  31  train_nll   12.380  val_nll    4.829  hit_f1 0.405  rew_mse 0.01223  (2193s)  roll_nll  14.243  cons 0.0000  roll[1]=0.0556 roll[32]=0.4879
ep  32  train_nll   12.372  val_nll    4.765  hit_f1 0.433  rew_mse 0.01256  (2215s)  roll_nll  14.335  cons 0.0000
ep  33  train_nll   12.358  val_nll    4.794  hit_f1 0.413  rew_mse 0.01218  (2238s)  roll_nll  14.230  cons 0.0000  roll[1]=0.0578 roll[32]=0.4604
ep  34  train_nll   12.358  val_nll    4.694  hit_f1 0.423  rew_mse 0.01186  (2261s)  roll_nll  14.342  cons 0.0000  roll[1]=0.0587 roll[32]=0.5275

best val NLL 4.694  ->  runs/rnn_v3_ms/rnn.pt
