device=cpu  z_dim=16  latents=mu_v1vae.npy  windows=19350 (train) / 210 (val)
hit_rate=0.7467%  pos_weight=132.9
params=327k  cfg=RNNConfig(z_dim=16, n_actions=3, hidden=256, n_gauss=5, predict_delta=True, ablate_actions=False)
ep   0  train_nll   17.786  val_nll    9.855  hit_f1 0.156  rew_mse 0.01799  (22s)
ep   1  train_nll   15.170  val_nll    8.098  hit_f1 0.200  rew_mse 0.01205  (46s)  roll[1]=0.2120 roll[32]=4.1758
ep   2  train_nll   13.988  val_nll    6.838  hit_f1 0.215  rew_mse 0.01007  (70s)
ep   3  train_nll   13.228  val_nll    6.124  hit_f1 0.239  rew_mse 0.00813  (93s)  roll[1]=0.1597 roll[32]=2.0113
ep   4  train_nll   12.749  val_nll    5.696  hit_f1 0.254  rew_mse 0.00694  (117s)
ep   5  train_nll   12.434  val_nll    5.276  hit_f1 0.295  rew_mse 0.00654  (140s)  roll[1]=0.1350 roll[32]=1.4851
ep   6  train_nll   12.200  val_nll    5.188  hit_f1 0.275  rew_mse 0.00585  (180s)
ep   7  train_nll   12.004  val_nll    4.944  hit_f1 0.317  rew_mse 0.00559  (214s)  roll[1]=0.1313 roll[32]=1.5202
ep   8  train_nll   11.857  val_nll    4.704  hit_f1 0.309  rew_mse 0.00541  (267s)
ep   9  train_nll   11.736  val_nll    4.681  hit_f1 0.314  rew_mse 0.00514  (303s)  roll[1]=0.1193 roll[32]=1.0114
ep  10  train_nll   11.618  val_nll    4.502  hit_f1 0.318  rew_mse 0.00497  (331s)
ep  11  train_nll   11.527  val_nll    4.411  hit_f1 0.353  rew_mse 0.00514  (360s)  roll[1]=0.1186 roll[32]=0.8564
ep  12  train_nll   11.437  val_nll    4.323  hit_f1 0.320  rew_mse 0.00505  (393s)
ep  13  train_nll   11.373  val_nll    4.198  hit_f1 0.342  rew_mse 0.00483  (421s)  roll[1]=0.1141 roll[32]=1.1260
ep  14  train_nll   11.303  val_nll    4.120  hit_f1 0.346  rew_mse 0.00473  (452s)
ep  15  train_nll   11.254  val_nll    4.012  hit_f1 0.351  rew_mse 0.00467  (489s)  roll[1]=0.1233 roll[32]=1.0588
ep  16  train_nll   11.183  val_nll    3.985  hit_f1 0.348  rew_mse 0.00481  (524s)
ep  17  train_nll   11.136  val_nll    3.925  hit_f1 0.355  rew_mse 0.00456  (591s)  roll[1]=0.1146 roll[32]=0.8163
ep  18  train_nll   11.094  val_nll    3.916  hit_f1 0.368  rew_mse 0.00447  (661s)
ep  19  train_nll   11.055  val_nll    3.766  hit_f1 0.388  rew_mse 0.00435  (734s)  roll[1]=0.1165 roll[32]=1.0521
ep  20  train_nll   11.011  val_nll    3.852  hit_f1 0.381  rew_mse 0.00447  (813s)
ep  21  train_nll   10.976  val_nll    3.785  hit_f1 0.363  rew_mse 0.00426  (883s)  roll[1]=0.1125 roll[32]=0.8009
ep  22  train_nll   10.939  val_nll    3.683  hit_f1 0.418  rew_mse 0.00421  (937s)
ep  23  train_nll   10.912  val_nll    3.801  hit_f1 0.397  rew_mse 0.00422  (1001s)  roll[1]=0.1186 roll[32]=0.7273
ep  24  train_nll   10.880  val_nll    3.686  hit_f1 0.407  rew_mse 0.00405  (1056s)
ep  25  train_nll   10.854  val_nll    3.548  hit_f1 0.417  rew_mse 0.00403  (1114s)  roll[1]=0.1142 roll[32]=0.7343
ep  26  train_nll   10.828  val_nll    3.554  hit_f1 0.406  rew_mse 0.00405  (1164s)
ep  27  train_nll   10.798  val_nll    3.554  hit_f1 0.402  rew_mse 0.00395  (1198s)  roll[1]=0.1079 roll[32]=0.8541
ep  28  train_nll   10.776  val_nll    3.523  hit_f1 0.394  rew_mse 0.00382  (1227s)
ep  29  train_nll   10.745  val_nll    3.487  hit_f1 0.394  rew_mse 0.00381  (1255s)  roll[1]=0.1101 roll[32]=0.7835
ep  30  train_nll   10.732  val_nll    3.445  hit_f1 0.409  rew_mse 0.00395  (1292s)
ep  31  train_nll   10.718  val_nll    3.435  hit_f1 0.411  rew_mse 0.00375  (1334s)  roll[1]=0.1072 roll[32]=0.7563
ep  32  train_nll   10.689  val_nll    3.442  hit_f1 0.427  rew_mse 0.00363  (1376s)
ep  33  train_nll   10.675  val_nll    3.386  hit_f1 0.405  rew_mse 0.00362  (1405s)  roll[1]=0.1095 roll[32]=0.9762
ep  34  train_nll   10.652  val_nll    3.259  hit_f1 0.433  rew_mse 0.00362  (1435s)  roll[1]=0.1091 roll[32]=0.6225

best val NLL 3.259  ->  runs/rnn_v2_nocolor/rnn.pt
