device=cpu  z_dim=16  latents=mu.npy  windows=4500 (train) / 35 (val)
hit_rate=0.7344%  pos_weight=135.2
params=114k  cfg=RNNConfig(z_dim=16, n_actions=3, hidden=256, n_gauss=5, predict_delta=True, ablate_actions=False, mass_head=False, feedforward=True, pos_head=False, clock_head=False, vy_head=False, arch='lstm')
ep   0  train_nll   16.626  val_nll    8.788  hit_f1 0.109  rew_mse 0.04072  (8s)
ep   1  train_nll   15.333  val_nll    8.323  hit_f1 0.123  rew_mse 0.03321  (21s)
ep   2  train_nll   14.791  val_nll    7.433  hit_f1 0.128  rew_mse 0.03507  (33s)
ep   3  train_nll   14.262  val_nll    7.010  hit_f1 0.134  rew_mse 0.02945  (47s)
ep   4  train_nll   13.859  val_nll    6.585  hit_f1 0.135  rew_mse 0.02342  (62s)  roll[1]=0.1668 roll[32]=1.2686
ep   5  train_nll   13.559  val_nll    6.395  hit_f1 0.143  rew_mse 0.02616  (77s)
ep   6  train_nll   13.324  val_nll    6.229  hit_f1 0.146  rew_mse 0.02351  (90s)
ep   7  train_nll   13.149  val_nll    5.932  hit_f1 0.146  rew_mse 0.02025  (95s)
ep   8  train_nll   13.026  val_nll    6.000  hit_f1 0.164  rew_mse 0.01575  (104s)
ep   9  train_nll   12.936  val_nll    5.798  hit_f1 0.161  rew_mse 0.01598  (117s)  roll[1]=0.1482 roll[32]=1.1696
ep  10  train_nll   12.867  val_nll    5.823  hit_f1 0.166  rew_mse 0.01765  (129s)
ep  11  train_nll   12.805  val_nll    5.851  hit_f1 0.155  rew_mse 0.01403  (142s)
ep  12  train_nll   12.760  val_nll    5.782  hit_f1 0.181  rew_mse 0.01365  (154s)
ep  13  train_nll   12.715  val_nll    5.623  hit_f1 0.185  rew_mse 0.01351  (166s)
ep  14  train_nll   12.676  val_nll    5.649  hit_f1 0.174  rew_mse 0.00999  (177s)  roll[1]=0.1450 roll[32]=1.0893
ep  15  train_nll   12.642  val_nll    5.750  hit_f1 0.198  rew_mse 0.01168  (188s)
ep  16  train_nll   12.621  val_nll    5.793  hit_f1 0.210  rew_mse 0.01165  (200s)
ep  17  train_nll   12.586  val_nll    5.600  hit_f1 0.175  rew_mse 0.01016  (213s)
ep  18  train_nll   12.558  val_nll    5.605  hit_f1 0.208  rew_mse 0.01157  (229s)
ep  19  train_nll   12.534  val_nll    5.636  hit_f1 0.180  rew_mse 0.00863  (246s)  roll[1]=0.1417 roll[32]=1.0490
ep  20  train_nll   12.507  val_nll    5.535  hit_f1 0.208  rew_mse 0.00828  (258s)
ep  21  train_nll   12.489  val_nll    5.516  hit_f1 0.210  rew_mse 0.00914  (274s)
ep  22  train_nll   12.463  val_nll    5.495  hit_f1 0.222  rew_mse 0.00743  (287s)
ep  23  train_nll   12.449  val_nll    5.639  hit_f1 0.211  rew_mse 0.00771  (304s)
ep  24  train_nll   12.427  val_nll    5.536  hit_f1 0.209  rew_mse 0.00763  (319s)  roll[1]=0.1406 roll[32]=1.1043
ep  25  train_nll   12.405  val_nll    5.537  hit_f1 0.214  rew_mse 0.00729  (333s)
ep  26  train_nll   12.397  val_nll    5.481  hit_f1 0.225  rew_mse 0.00880  (349s)
ep  27  train_nll   12.383  val_nll    5.527  hit_f1 0.214  rew_mse 0.00810  (363s)
ep  28  train_nll   12.368  val_nll    5.473  hit_f1 0.227  rew_mse 0.00826  (378s)
ep  29  train_nll   12.353  val_nll    5.392  hit_f1 0.216  rew_mse 0.00695  (396s)  roll[1]=0.1412 roll[32]=1.1161
ep  30  train_nll   12.342  val_nll    5.578  hit_f1 0.220  rew_mse 0.00641  (411s)
ep  31  train_nll   12.325  val_nll    5.385  hit_f1 0.230  rew_mse 0.00671  (429s)
ep  32  train_nll   12.308  val_nll    5.453  hit_f1 0.239  rew_mse 0.00640  (446s)
ep  33  train_nll   12.301  val_nll    5.469  hit_f1 0.209  rew_mse 0.00778  (459s)
ep  34  train_nll   12.292  val_nll    5.464  hit_f1 0.216  rew_mse 0.00709  (472s)  roll[1]=0.1399 roll[32]=1.0634

best val NLL 5.385  ->  runs/rnn_v4_ff/rnn.pt
