baseline runs/rnn_v31/rnn.pt  feedforward=False  params=327k
ff       runs/rnn_v31_ff/rnn.pt  feedforward=True  params=114k
poshead  runs/rnn_v31_poshead/rnn.pt  feedforward=False  params=327k
emerge   runs/rnn_v31_emerge/rnn.pt  feedforward=False  params=327k
split default  E=35 T=200 band=(0.13, 0.63) hidden_runs=101
split short    E=30 T=200 band=(0.13, 0.45) hidden_runs=90
split long     E=30 T=200 band=(0.13, 0.78) hidden_runs=88
position probe on TRUE hidden frames: mean decoded y 0.384 (band interior [0.21, 0.55]), 1.2% fall outside

(a)+(f) probing h ...

(b) emergence on default ...

(b) emergence on short ...

(b) emergence on long ...

(e) counterfactual entry ...
/Users/masudip/Desktop/Anirudh/Extracurricular/Computer Science/Projects/latent-physics-wm/wm/eval_permanence_v3.py:917: RuntimeWarning: Mean of empty slice.
  "exit_x_mae": float(np.abs(ex_x[ok] - tru["exit_x"][ok]).mean()),
/opt/miniconda3/envs/NN/lib/python3.10/site-packages/numpy/core/_methods.py:129: RuntimeWarning: invalid value encountered in scalar divide
  ret = ret.dtype.type(ret / rcount)
/Users/masudip/Desktop/Anirudh/Extracurricular/Computer Science/Projects/latent-physics-wm/wm/eval_permanence_v3.py:918: RuntimeWarning: Mean of empty slice.
  "exit_x_signed_err": float((ex_x[ok] - tru["exit_x"][ok]).mean()),
/Users/masudip/Desktop/Anirudh/Extracurricular/Computer Science/Projects/latent-physics-wm/wm/eval_permanence_v3.py:920: RuntimeWarning: Mean of empty slice.
  np.asarray(ex_t, float)[ok] - tru["exit_time"][ok]).mean()),
/Users/masudip/Desktop/Anirudh/Extracurricular/Computer Science/Projects/latent-physics-wm/wm/eval_permanence_v3.py:922: RuntimeWarning: Mean of empty slice.
  (np.sign(dx_pred[ok]) == np.sign(dx_true[ok])).mean()),
/Users/masudip/Desktop/Anirudh/Extracurricular/Computer Science/Projects/latent-physics-wm/wm/eval_permanence_v3.py:923: RuntimeWarning: Mean of empty slice.
  "mean_dx_pred": float(dx_pred[ok].mean()),
/Users/masudip/Desktop/Anirudh/Extracurricular/Computer Science/Projects/latent-physics-wm/wm/eval_permanence_v3.py:924: RuntimeWarning: Mean of empty slice.
  "mean_dx_true": float(dx_true[ok].mean()),
/Users/masudip/Desktop/Anirudh/Extracurricular/Computer Science/Projects/latent-physics-wm/wm/eval_permanence_v3.py:917: RuntimeWarning: Mean of empty slice.
  "exit_x_mae": float(np.abs(ex_x[ok] - tru["exit_x"][ok]).mean()),
/opt/miniconda3/envs/NN/lib/python3.10/site-packages/numpy/core/_methods.py:129: RuntimeWarning: invalid value encountered in scalar divide
  ret = ret.dtype.type(ret / rcount)
/Users/masudip/Desktop/Anirudh/Extracurricular/Computer Science/Projects/latent-physics-wm/wm/eval_permanence_v3.py:918: RuntimeWarning: Mean of empty slice.
  "exit_x_signed_err": float((ex_x[ok] - tru["exit_x"][ok]).mean()),
/Users/masudip/Desktop/Anirudh/Extracurricular/Computer Science/Projects/latent-physics-wm/wm/eval_permanence_v3.py:920: RuntimeWarning: Mean of empty slice.
  np.asarray(ex_t, float)[ok] - tru["exit_time"][ok]).mean()),
/Users/masudip/Desktop/Anirudh/Extracurricular/Computer Science/Projects/latent-physics-wm/wm/eval_permanence_v3.py:922: RuntimeWarning: Mean of empty slice.
  (np.sign(dx_pred[ok]) == np.sign(dx_true[ok])).mean()),
/Users/masudip/Desktop/Anirudh/Extracurricular/Computer Science/Projects/latent-physics-wm/wm/eval_permanence_v3.py:923: RuntimeWarning: Mean of empty slice.
  "mean_dx_pred": float(dx_pred[ok].mean()),
/Users/masudip/Desktop/Anirudh/Extracurricular/Computer Science/Projects/latent-physics-wm/wm/eval_permanence_v3.py:924: RuntimeWarning: Mean of empty slice.
  "mean_dx_true": float(dx_true[ok].mean()),

==============================================================================
OBJECT PERMANENCE -- v3 stage two
==============================================================================

(a) ball position from a frozen probe, by visibility (R^2 / rmse, in world units)
    Read the rmse column across bins and the R^2 column down them: the hidden bin's
    variance is smaller than the visible bin's, so the two columns disagree on purpose.

    probe = linear
    feature                        visible                partial                 hidden
    z                  0.94/0.056  0.94/0.015    0.72/0.134  0.75/0.119    0.11/0.222 -0.02/0.102
    h[baseline]        1.00/0.016  0.99/0.008    0.89/0.085  0.89/0.078    0.52/0.163  0.09/0.096
    h[ff]              1.00/0.011  0.99/0.005    0.83/0.104  0.87/0.084    0.01/0.235 -0.08/0.105
    h[poshead]         1.00/0.014  0.99/0.007    0.90/0.081  0.89/0.078    0.48/0.170  0.09/0.096
    h[emerge]          0.99/0.020  0.98/0.010    0.88/0.088  0.88/0.083    0.35/0.191  0.15/0.093

    probe = knn
    feature                        visible                partial                 hidden
    z                  0.99/0.023  0.95/0.014    0.83/0.104  0.86/0.090   -0.26/0.265 -0.25/0.113
    h[baseline]        0.99/0.020  0.85/0.024    0.83/0.104  0.82/0.102    0.50/0.167 -0.18/0.110
    h[ff]              0.99/0.017  0.91/0.018    0.78/0.116  0.84/0.095   -0.21/0.260 -0.34/0.117
    h[poshead]         0.99/0.018  0.86/0.023    0.84/0.101  0.83/0.100    0.49/0.169 -0.07/0.104
    h[emerge]          0.99/0.027  0.82/0.026    0.80/0.113  0.78/0.112    0.24/0.206 -0.01/0.102
    frames per bin: {'visible': 1703, 'partial': 2162, 'hidden': 3135}

    decay of position-from-h with frames hidden (rmse, world units; one frozen kNN probe)
      k                         1       4       8      11      14      17      21      24
      z (lin)              0.291   0.272   0.250   0.244   0.245   0.245   0.256   0.266
      z                    0.306   0.284   0.286   0.291   0.296   0.324   0.303   0.272
      h[baseline] (lin)    0.189   0.160   0.173   0.187   0.198   0.219   0.224   0.224
      h[baseline]          0.189   0.216   0.219   0.233   0.250   0.273   0.240   0.240
      h[ff] (lin)          0.292   0.267   0.262   0.262   0.271   0.267   0.254   0.268
      h[ff]                0.312   0.276   0.286   0.286   0.292   0.291   0.286   0.261
      h[poshead] (lin)     0.182   0.144   0.154   0.164   0.175   0.203   0.213   0.230
      h[poshead]           0.166   0.185   0.206   0.229   0.261   0.252   0.251   0.265
      h[emerge] (lin)      0.217   0.208   0.199   0.216   0.240   0.252   0.246   0.249
      h[emerge]            0.205   0.222   0.227   0.258   0.290   0.276   0.258   0.241
      no memory            0.021   0.085   0.171   0.234   0.295   0.353   0.419   0.478
      (no memory = predict the ball's last visible position; its error grows
       as speed x k and is the line every h curve has to get under. The `z` row is
       not zero because a tracking paddle leaks some ball x; `h[ff]` is the honest floor.)

(f) what else is in h on fully hidden frames (linear R^2)
    feature          ball_vx   ball_vy  frames_hidden
    z                 -0.005    -0.183         -0.577
    h[baseline]        0.005    -0.324         -0.232
    h[ff]             -0.088    -0.291         -1.194
    h[poshead]         0.190    -0.002         -0.706
    h[emerge]         -0.021     0.159         -0.304

(b) emergence, 99 hidden runs (>= 3 frames) on val+val_mix

    subset = all
      model           n  exit_x MAE     bias   t MAE  |dt|<=2  side ok  censor
      baseline       99      0.1645   0.1150   40.40     0.00     0.60    0.95
      ff             99   (nothing scored)
      poshead        99      0.1582   0.1582    7.00     0.00     0.50    0.98
      emerge         99      0.3142  -0.0318    4.50     0.00     0.00    0.98
      no_memory      99      0.2404   0.0392    0.00     1.00     0.00    0.00
      linear         99      0.2068  -0.0076    0.58     1.00     1.00    0.00

    subset = no_wall_x
      model           n  exit_x MAE     bias   t MAE  |dt|<=2  side ok  censor
      baseline       64      0.1192   0.0574   40.75     0.00     0.75    0.94
      ff             64   (nothing scored)
      poshead        64      0.1582   0.1582    7.00     0.00     0.50    0.97
      emerge         64      0.3142  -0.0318    4.50     0.00     0.00    0.97
      no_memory      64      0.2293   0.0223    0.00     1.00     0.00    0.00
      linear         64      0.0000   0.0000    0.51     1.00     1.00    0.00

    subset = wall_x
      model           n  exit_x MAE     bias   t MAE  |dt|<=2  side ok  censor
      baseline       35      0.3456   0.3456   39.00     0.00     0.00    0.97
      ff             35   (nothing scored)
      poshead        35   (nothing scored)
      emerge         35   (nothing scored)
      no_memory      35      0.2606   0.0703    0.00     1.00     0.00    0.00
      linear         35      0.5848  -0.0215    0.71     1.00     1.00    0.00

(c) hidden wall bounces -- default band
    35 runs, 30 of them with an overshoot over 0.05 (mean overshoot
    0.223; on no-bounce runs the two hypotheses coincide to 0.000).
    'nearer reflected' = is the prediction closer to the truth (the ball bounced) or to
    the straight line clipped at the wall (the ball kept going and stopped there)?
    model           n  nearer reflected    n   (clear runs)  exit_x MAE  (no bounce)
    baseline        1              1.00    1           1.00      0.3456       0.1192
    no_memory      35              0.77   30           0.73      0.2606       0.2293
    linear         35              0.00   30           0.00      0.5848       0.0000
    chance is 0.50; the straight-line baseline is 0.00 by construction. Folding that
    line at the wall by hand gives MAE 0.0000, i.e. the truth really is the mirror image.

(c) hidden wall bounces -- all three bands pooled
    102 runs, 91 of them with an overshoot over 0.05 (mean overshoot
    0.260; on no-bounce runs the two hypotheses coincide to 0.000).
    'nearer reflected' = is the prediction closer to the truth (the ball bounced) or to
    the straight line clipped at the wall (the ball kept going and stopped there)?
    model           n  nearer reflected    n   (clear runs)  exit_x MAE  (no bounce)
    baseline       23              1.00   19           1.00      0.2349       0.1686
    ff             22              0.95   18           0.94      0.2421       0.2035
    poshead        22              1.00   18           1.00      0.2612       0.1805
    emerge         27              0.96   22           0.95      0.2463       0.1781
    no_memory     102              0.67   91           0.64      0.2347       0.2094
    linear        102              0.00   91           0.00      0.6123       0.0002
    chance is 0.50; the straight-line baseline is 0.00 by construction. Folding that
    line at the wall by hand gives MAE 0.0000, i.e. the truth really is the mirror image.

(d) memory horizon -- exit x MAE (world units), pooled over bands
    model              3-8      9-15     16-25      26-+
    baseline        0.1833    0.1737    0.2207    0.1702
    emerge          0.1806    0.1665    0.2677    0.2597
    ff              0.2168    0.2000    0.2570    0.2056
    linear          0.0125    0.0628    0.0645    0.6808
    no_memory       0.0555    0.1554    0.1952    0.3495
    poshead         0.1943    0.1958    0.2494    0.1184
    (n runs)            23        48       126        75
    n_scored (runs where the model brought a ball back at all):
    baseline            23        47        18         4
    emerge              23        47        16        11
    ff                  23        47        13         4
    linear              23        48       126        75
    no_memory           23        48       126        75
    poshead             21        46        15         4

(e) counterfactual entry (vx -> -vx), re-simulated ground truth
    branch = replay  (n=34)
      baseline     exit_x MAE nan  signed +nan  dx sign agrees nan  mean dx pred +nan vs true +nan
      ff           exit_x MAE nan  signed +nan  dx sign agrees nan  mean dx pred +nan vs true +nan
      poshead      exit_x MAE 0.3163  signed +0.3163  dx sign agrees 1.00  mean dx pred +0.473 vs true +0.157
      emerge       exit_x MAE 0.2824  signed +0.2824  dx sign agrees 1.00  mean dx pred +0.389 vs true +0.107
    branch = flip  (n=34)
      baseline     exit_x MAE 0.1783  signed +0.1783  dx sign agrees 1.00  mean dx pred -0.018 vs true -0.196
      ff           exit_x MAE 0.2037  signed +0.2037  dx sign agrees 0.00  mean dx pred +0.007 vs true -0.196
      poshead      exit_x MAE 0.1694  signed +0.1694  dx sign agrees 1.00  mean dx pred -0.027 vs true -0.196
      emerge       exit_x MAE 0.2124  signed +0.2124  dx sign agrees 1.00  mean dx pred +0.168 vs true -0.045

report -> runs/rnn_v31_permanence/report.json
