device=cpu  z_dim=16  latents=mu.npy  windows=19350 (train) / 210 (val)
hit_rate=0.7589%  pos_weight=130.8
params=327k  cfg=RNNConfig(z_dim=16, n_actions=3, hidden=256, n_gauss=5, predict_delta=True, ablate_actions=False, mass_head=False, feedforward=False, pos_head=False)
ep   0  train_nll   18.823  val_nll   10.607  hit_f1 0.163  rew_mse 0.04329  (109s)  roll_nll  29.986  cons 0.0000
ep   1  train_nll   16.447  val_nll    8.905  hit_f1 0.237  rew_mse 0.02515  (206s)  roll_nll  20.706  cons 0.0000  roll[1]=0.1042 roll[32]=0.7162
ep   2  train_nll   15.240  val_nll    7.943  hit_f1 0.240  rew_mse 0.02135  (348s)  roll_nll  19.892  cons 0.0000
ep   3  train_nll   14.502  val_nll    7.042  hit_f1 0.280  rew_mse 0.01900  (441s)  roll_nll  19.394  cons 0.0000  roll[1]=0.0758 roll[32]=0.6872
ep   4  train_nll   14.067  val_nll    6.535  hit_f1 0.295  rew_mse 0.01767  (571s)  roll_nll  19.015  cons 0.0000
ep   5  train_nll   13.803  val_nll    6.346  hit_f1 0.307  rew_mse 0.01616  (673s)  roll_nll  18.766  cons 0.0000  roll[1]=0.0643 roll[32]=0.5536
ep   6  train_nll   13.607  val_nll    6.246  hit_f1 0.307  rew_mse 0.01679  (825s)  roll_nll  18.492  cons 0.0000
ep   7  train_nll   13.458  val_nll    5.971  hit_f1 0.331  rew_mse 0.01508  (946s)  roll_nll  18.355  cons 0.0000  roll[1]=0.0628 roll[32]=0.6164
ep   8  train_nll   13.346  val_nll    5.813  hit_f1 0.346  rew_mse 0.01376  (1037s)  roll_nll  18.201  cons 0.0000
ep   9  train_nll   13.257  val_nll    5.682  hit_f1 0.342  rew_mse 0.01364  (1145s)  roll_nll  18.127  cons 0.0000  roll[1]=0.0571 roll[32]=0.6007
ep  10  train_nll   13.161  val_nll    5.688  hit_f1 0.354  rew_mse 0.01305  (1240s)  roll_nll  17.864  cons 0.0000
ep  11  train_nll   13.108  val_nll    5.596  hit_f1 0.367  rew_mse 0.01388  (1329s)  roll_nll  17.777  cons 0.0000  roll[1]=0.0569 roll[32]=0.5175
ep  12  train_nll   13.042  val_nll    5.501  hit_f1 0.377  rew_mse 0.01279  (1423s)  roll_nll  17.681  cons 0.0000
ep  13  train_nll   12.979  val_nll    5.438  hit_f1 0.397  rew_mse 0.01228  (1545s)  roll_nll  17.591  cons 0.0000  roll[1]=0.0627 roll[32]=0.5091
ep  14  train_nll   12.959  val_nll    5.386  hit_f1 0.403  rew_mse 0.01173  (1658s)  roll_nll  17.579  cons 0.0000
ep  15  train_nll   12.909  val_nll    5.348  hit_f1 0.423  rew_mse 0.01134  (1766s)  roll_nll  17.482  cons 0.0000  roll[1]=0.0576 roll[32]=0.5161
ep  16  train_nll   12.871  val_nll    5.376  hit_f1 0.374  rew_mse 0.01203  (1862s)  roll_nll  17.432  cons 0.0000
ep  17  train_nll   12.834  val_nll    5.310  hit_f1 0.381  rew_mse 0.01080  (1973s)  roll_nll  17.338  cons 0.0000  roll[1]=0.0581 roll[32]=0.4828
ep  18  train_nll   12.801  val_nll    5.257  hit_f1 0.398  rew_mse 0.01123  (2057s)  roll_nll  17.342  cons 0.0000
ep  19  train_nll   12.782  val_nll    5.191  hit_f1 0.402  rew_mse 0.01078  (2142s)  roll_nll  17.277  cons 0.0000  roll[1]=0.0587 roll[32]=0.5100
ep  20  train_nll   12.738  val_nll    5.163  hit_f1 0.419  rew_mse 0.01053  (2246s)  roll_nll  17.145  cons 0.0000
ep  21  train_nll   12.710  val_nll    5.189  hit_f1 0.408  rew_mse 0.00982  (2325s)  roll_nll  17.219  cons 0.0000  roll[1]=0.0524 roll[32]=0.5010
ep  22  train_nll   12.680  val_nll    5.104  hit_f1 0.432  rew_mse 0.01005  (2406s)  roll_nll  17.072  cons 0.0000
ep  23  train_nll   12.678  val_nll    5.227  hit_f1 0.433  rew_mse 0.01071  (2538s)  roll_nll  16.912  cons 0.0000  roll[1]=0.0562 roll[32]=0.4582
ep  24  train_nll   12.654  val_nll    5.184  hit_f1 0.402  rew_mse 0.01040  (2672s)  roll_nll  17.014  cons 0.0000
ep  25  train_nll   12.634  val_nll    5.129  hit_f1 0.418  rew_mse 0.01007  (2793s)  roll_nll  16.982  cons 0.0000  roll[1]=0.0484 roll[32]=0.5192
ep  26  train_nll   12.611  val_nll    5.082  hit_f1 0.456  rew_mse 0.00984  (2909s)  roll_nll  16.871  cons 0.0000
ep  27  train_nll   12.602  val_nll    5.060  hit_f1 0.446  rew_mse 0.00949  (3034s)  roll_nll  16.946  cons 0.0000  roll[1]=0.0522 roll[32]=0.5169
ep  28  train_nll   12.581  val_nll    5.097  hit_f1 0.443  rew_mse 0.00937  (3150s)  roll_nll  16.750  cons 0.0000
ep  29  train_nll   12.559  val_nll    5.051  hit_f1 0.419  rew_mse 0.00927  (3246s)  roll_nll  16.779  cons 0.0000  roll[1]=0.0502 roll[32]=0.4847
ep  30  train_nll   12.555  val_nll    5.005  hit_f1 0.456  rew_mse 0.00928  (3325s)  roll_nll  16.762  cons 0.0000
ep  31  train_nll   12.537  val_nll    5.007  hit_f1 0.468  rew_mse 0.00927  (3396s)  roll_nll  16.767  cons 0.0000  roll[1]=0.0480 roll[32]=0.4505
ep  32  train_nll   12.513  val_nll    4.982  hit_f1 0.452  rew_mse 0.00897  (3465s)  roll_nll  16.806  cons 0.0000
ep  33  train_nll   12.504  val_nll    5.003  hit_f1 0.448  rew_mse 0.00893  (3514s)  roll_nll  16.687  cons 0.0000  roll[1]=0.0513 roll[32]=0.5100
ep  34  train_nll   12.509  val_nll    5.024  hit_f1 0.441  rew_mse 0.00927  (3562s)  roll_nll  16.721  cons 0.0000  roll[1]=0.0470 roll[32]=0.4422

best val NLL 4.982  ->  runs/rnn_v3_ms24/rnn.pt
