device=cpu  z_dim=16  latents=mu.npy  windows=19350 (train) / 210 (val)
hit_rate=0.7589%  pos_weight=130.8
params=327k  cfg=RNNConfig(z_dim=16, n_actions=3, hidden=256, n_gauss=5, predict_delta=True, ablate_actions=True, mass_head=False, feedforward=False)
ep   0  train_nll   16.753  val_nll    8.311  hit_f1 0.221  rew_mse 0.02637  (63s)
ep   1  train_nll   14.655  val_nll    7.298  hit_f1 0.245  rew_mse 0.01729  (148s)  roll[1]=0.0849 roll[32]=0.8592
ep   2  train_nll   14.017  val_nll    6.616  hit_f1 0.279  rew_mse 0.01458  (227s)
ep   3  train_nll   13.627  val_nll    6.523  hit_f1 0.292  rew_mse 0.01255  (314s)  roll[1]=0.0655 roll[32]=0.8348
ep   4  train_nll   13.403  val_nll    6.229  hit_f1 0.326  rew_mse 0.01134  (386s)
ep   5  train_nll   13.257  val_nll    6.046  hit_f1 0.335  rew_mse 0.01036  (454s)  roll[1]=0.0572 roll[32]=0.8161
ep   6  train_nll   13.153  val_nll    5.912  hit_f1 0.366  rew_mse 0.01000  (547s)
ep   7  train_nll   13.057  val_nll    5.835  hit_f1 0.356  rew_mse 0.00957  (620s)  roll[1]=0.0579 roll[32]=0.8492
ep   8  train_nll   12.985  val_nll    5.847  hit_f1 0.398  rew_mse 0.00940  (686s)
ep   9  train_nll   12.926  val_nll    5.700  hit_f1 0.382  rew_mse 0.00925  (764s)  roll[1]=0.0570 roll[32]=0.7997
ep  10  train_nll   12.856  val_nll    5.644  hit_f1 0.433  rew_mse 0.00899  (824s)
ep  11  train_nll   12.819  val_nll    5.540  hit_f1 0.448  rew_mse 0.00898  (892s)  roll[1]=0.0563 roll[32]=0.7946
ep  12  train_nll   12.767  val_nll    5.590  hit_f1 0.430  rew_mse 0.00914  (934s)
ep  13  train_nll   12.731  val_nll    5.521  hit_f1 0.437  rew_mse 0.00872  (988s)  roll[1]=0.0525 roll[32]=0.6980
ep  14  train_nll   12.700  val_nll    5.388  hit_f1 0.466  rew_mse 0.00864  (1040s)
ep  15  train_nll   12.675  val_nll    5.404  hit_f1 0.471  rew_mse 0.00842  (1089s)  roll[1]=0.0537 roll[32]=0.7646
ep  16  train_nll   12.643  val_nll    5.363  hit_f1 0.433  rew_mse 0.00844  (1130s)
ep  17  train_nll   12.617  val_nll    5.344  hit_f1 0.435  rew_mse 0.00817  (1172s)  roll[1]=0.0533 roll[32]=0.7271
ep  18  train_nll   12.591  val_nll    5.299  hit_f1 0.437  rew_mse 0.00820  (1232s)
ep  19  train_nll   12.575  val_nll    5.247  hit_f1 0.414  rew_mse 0.00810  (1280s)  roll[1]=0.0519 roll[32]=0.6865
ep  20  train_nll   12.545  val_nll    5.238  hit_f1 0.525  rew_mse 0.00790  (1341s)
ep  21  train_nll   12.530  val_nll    5.202  hit_f1 0.515  rew_mse 0.00747  (1387s)  roll[1]=0.0516 roll[32]=0.6697
ep  22  train_nll   12.508  val_nll    5.185  hit_f1 0.510  rew_mse 0.00782  (1439s)
ep  23  train_nll   12.492  val_nll    5.263  hit_f1 0.495  rew_mse 0.00759  (1489s)  roll[1]=0.0536 roll[32]=0.7570
ep  24  train_nll   12.484  val_nll    5.270  hit_f1 0.525  rew_mse 0.00747  (1545s)
ep  25  train_nll   12.468  val_nll    5.112  hit_f1 0.536  rew_mse 0.00724  (1596s)  roll[1]=0.0510 roll[32]=0.6745
ep  26  train_nll   12.454  val_nll    5.150  hit_f1 0.481  rew_mse 0.00745  (1654s)
ep  27  train_nll   12.437  val_nll    5.140  hit_f1 0.495  rew_mse 0.00737  (1705s)  roll[1]=0.0525 roll[32]=0.6801
ep  28  train_nll   12.429  val_nll    5.176  hit_f1 0.444  rew_mse 0.00690  (1742s)
ep  29  train_nll   12.413  val_nll    5.162  hit_f1 0.486  rew_mse 0.00701  (1771s)  roll[1]=0.0515 roll[32]=0.6413
ep  30  train_nll   12.406  val_nll    5.121  hit_f1 0.502  rew_mse 0.00696  (1802s)
ep  31  train_nll   12.397  val_nll    5.120  hit_f1 0.520  rew_mse 0.00697  (1829s)  roll[1]=0.0538 roll[32]=0.7940
ep  32  train_nll   12.382  val_nll    5.161  hit_f1 0.502  rew_mse 0.00729  (1857s)
ep  33  train_nll   12.379  val_nll    5.092  hit_f1 0.498  rew_mse 0.00699  (1885s)  roll[1]=0.0509 roll[32]=0.7229
ep  34  train_nll   12.370  val_nll    5.010  hit_f1 0.525  rew_mse 0.00656  (1907s)  roll[1]=0.0516 roll[32]=0.6337

best val NLL 5.010  ->  runs/rnn_v3_noact/rnn.pt
