rnn_v3   runs/rnn_v3/rnn.pt  feedforward=False  params=327k
ff       runs/rnn_v3_ff/rnn.pt  feedforward=True  params=114k
ms       runs/rnn_v3_ms/rnn.pt  feedforward=False  params=327k
ms24     runs/rnn_v3_ms24/rnn.pt  feedforward=False  params=327k
emerge   runs/rnn_v3_emerge/rnn.pt  feedforward=False  params=327k
emerge_only runs/rnn_v3_emerge_only/rnn.pt  feedforward=False  params=327k
poshead  runs/rnn_v3_poshead/rnn.pt  feedforward=False  params=327k
ms24_poshead runs/rnn_v3_ms24_poshead/rnn.pt  feedforward=False  params=327k
split default  E=35 T=200 band=(0.28, 0.58) hidden_runs=113
split tall     E=30 T=200 band=(0.22, 0.64) hidden_runs=98
split taller   E=30 T=200 band=(0.16, 0.7) hidden_runs=86
position probe on TRUE hidden frames: mean decoded y 0.426 (band interior [0.36, 0.50]), 3.1% fall outside

(a)+(f) probing h ...

(b) emergence on default ...

(b) emergence on tall ...

(b) emergence on taller ...

(e) counterfactual entry ...

==============================================================================
OBJECT PERMANENCE -- v3 stage two
==============================================================================

(a) ball position from a frozen probe, by visibility (R^2 / rmse, in world units)
    Read the rmse column across bins and the R^2 column down them: the hidden bin's
    variance is smaller than the visible bin's, so the two columns disagree on purpose.

    probe = linear
    feature                        visible                partial                 hidden
    z                  0.41/0.185  0.41/0.222    0.70/0.131  0.88/0.055   -0.07/0.212 -0.10/0.046
    h[rnn_v3]          0.99/0.022  1.00/0.016    0.88/0.082  0.98/0.024    0.17/0.187  0.51/0.030
    h[ff]              0.99/0.025  1.00/0.018    0.87/0.087  0.96/0.032   -0.21/0.226 -0.07/0.045
    h[ms]              0.99/0.023  1.00/0.019    0.88/0.085  0.98/0.024   -0.26/0.230  0.59/0.028
    h[ms24]            0.99/0.025  0.99/0.021    0.87/0.087  0.97/0.026    0.42/0.157 -0.32/0.050
    h[emerge]          0.99/0.023  0.99/0.023    0.90/0.077  0.97/0.026    0.44/0.153  0.25/0.038
    h[emerge_only]     0.99/0.021  1.00/0.018    0.87/0.087  0.98/0.024    0.11/0.194  0.31/0.036
    h[poshead]         0.99/0.019  1.00/0.016    0.94/0.058  0.98/0.023    0.71/0.110  0.44/0.033
    h[ms24_poshead]     0.99/0.027  1.00/0.020    0.90/0.077  0.97/0.027    0.31/0.170 -0.20/0.048

    probe = knn
    feature                        visible                partial                 hidden
    z                  0.99/0.018  1.00/0.014    0.85/0.094  0.95/0.035   -0.51/0.252 -0.20/0.047
    h[rnn_v3]          0.99/0.019  1.00/0.018    0.87/0.086  0.96/0.029    0.26/0.176  0.52/0.030
    h[ff]              0.99/0.017  1.00/0.018    0.84/0.095  0.94/0.038   -0.41/0.244 -0.18/0.047
    h[ms]              0.99/0.020  1.00/0.020    0.87/0.087  0.97/0.028    0.14/0.190  0.58/0.028
    h[ms24]            0.99/0.025  0.99/0.021    0.87/0.088  0.96/0.032    0.30/0.172  0.36/0.035
    h[emerge]          0.99/0.022  0.99/0.022    0.85/0.092  0.95/0.034    0.33/0.168  0.32/0.036
    h[emerge_only]     0.99/0.018  1.00/0.020    0.86/0.089  0.96/0.032    0.26/0.176  0.51/0.031
    h[poshead]         0.99/0.020  1.00/0.020    0.91/0.074  0.97/0.028    0.62/0.127  0.60/0.028
    h[ms24_poshead]     0.99/0.022  0.99/0.023    0.86/0.091  0.96/0.032    0.46/0.151  0.48/0.031
    frames per bin: {'visible': 3136, 'partial': 2567, 'hidden': 1297}

    decay of position-from-h with frames hidden (rmse, world units; one frozen kNN probe)
      k                         1       3       5       8      12      16      20
      z (lin)              0.265   0.256   0.236   0.229   0.229   0.240   0.252
      z                    0.296   0.266   0.246   0.232   0.242   0.263   0.257
      h[rnn_v3] (lin)      0.204   0.170   0.172   0.171   0.184   0.222   0.248
      h[rnn_v3]            0.178   0.186   0.215   0.178   0.204   0.233   0.244
      h[ff] (lin)          0.272   0.257   0.242   0.227   0.230   0.224   0.262
      h[ff]                0.274   0.262   0.247   0.247   0.261   0.234   0.280
      h[ms] (lin)          0.195   0.189   0.184   0.176   0.177   0.216   0.240
      h[ms]                0.186   0.191   0.210   0.205   0.214   0.231   0.296
      h[ms24] (lin)        0.178   0.178   0.175   0.175   0.202   0.219   0.217
      h[ms24]              0.189   0.186   0.189   0.176   0.214   0.227   0.240
      h[emerge] (lin)      0.171   0.163   0.171   0.159   0.186   0.210   0.203
      h[emerge]            0.177   0.195   0.195   0.171   0.188   0.216   0.240
      h[emerge_only] (lin)   0.204   0.164   0.163   0.175   0.187   0.229   0.224
      h[emerge_only]       0.170   0.181   0.193   0.183   0.201   0.219   0.234
      h[poshead] (lin)     0.202   0.161   0.154   0.154   0.156   0.192   0.195
      h[poshead]           0.142   0.172   0.171   0.156   0.171   0.202   0.241
      h[ms24_poshead] (lin)   0.199   0.190   0.186   0.175   0.191   0.192   0.213
      h[ms24_poshead]      0.180   0.175   0.163   0.153   0.176   0.184   0.237
      no memory            0.021   0.064   0.107   0.171   0.253   0.332   0.397
      (no memory = predict the ball's last visible position; its error grows
       as speed x k and is the line every h curve has to get under. The `z` row is
       not zero because a tracking paddle leaks some ball x; `h[ff]` is the honest floor.)

(f) what else is in h on fully hidden frames (linear R^2)
    feature          ball_vx   ball_vy  frames_hidden
    z                  0.053    -0.176         -0.127
    h[rnn_v3]         -0.068     0.671          0.535
    h[ff]             -0.102    -0.446         -0.189
    h[ms]             -0.288     0.671          0.523
    h[ms24]           -1.468     0.468          0.754
    h[emerge]          0.300     0.656          0.755
    h[emerge_only]    -0.128     0.683          0.767
    h[poshead]         0.533     0.794          0.706
    h[ms24_poshead]    -0.791     0.544          0.740

(b) emergence, 109 hidden runs (>= 3 frames) on val+val_mix

    subset = all
      model           n  exit_x MAE     bias   t MAE  |dt|<=2  side ok  censor
      rnn_v3        109      0.1585   0.0421    3.24     0.60     0.92    0.02
      ff            109      0.2207   0.1374    9.50     0.07     0.41    0.49
      ms            109      0.1930  -0.0059    3.06     0.63     0.95    0.11
      ms24          109      0.1757   0.0817    5.91     0.28     0.83    0.20
      emerge        109      0.1519   0.0072    4.95     0.25     0.87    0.24
      emerge_only   109      0.1789   0.0271    5.00     0.35     0.81    0.31
      poshead       109      0.1153   0.0141    4.04     0.52     0.79    0.33
      ms24_poshead  109      0.1658  -0.0156    4.89     0.32     0.83    0.00
      no_memory     109      0.1461   0.0176    0.00     1.00     0.00    0.00
      linear        109      0.0340  -0.0046    0.58     1.00     1.00    0.00

    subset = no_wall_x
      model           n  exit_x MAE     bias   t MAE  |dt|<=2  side ok  censor
      rnn_v3         97      0.1537   0.0308    2.73     0.64     0.91    0.02
      ff             97      0.2048   0.1314    9.72     0.08     0.42    0.48
      ms             97      0.1946  -0.0146    2.75     0.64     0.95    0.09
      ms24           97      0.1773   0.0814    6.06     0.28     0.82    0.18
      emerge         97      0.1501  -0.0019    5.07     0.24     0.86    0.24
      emerge_only    97      0.1659   0.0193    5.03     0.37     0.79    0.30
      poshead        97      0.1086   0.0117    4.01     0.52     0.80    0.29
      ms24_poshead   97      0.1682  -0.0233    4.55     0.32     0.85    0.00
      no_memory      97      0.1461   0.0161    0.00     1.00     0.00    0.00
      linear         97      0.0008  -0.0005    0.58     1.00     1.00    0.00

    subset = wall_x
      model           n  exit_x MAE     bias   t MAE  |dt|<=2  side ok  censor
      rnn_v3         12      0.1966   0.1311    7.33     0.25     1.00    0.00
      ff             12      0.3534   0.1881    7.67     0.00     0.33    0.50
      ms             12      0.1772   0.0793    6.11     0.56     0.89    0.25
      ms24           12      0.1577   0.0858    4.14     0.29     0.86    0.42
      emerge         12      0.1666   0.0822    4.00     0.33     0.89    0.25
      emerge_only    12      0.3055   0.1027    4.71     0.14     1.00    0.42
      poshead        12      0.2311   0.0551    4.50     0.50     0.75    0.67
      ms24_poshead   12      0.1460   0.0464    7.67     0.33     0.67    0.00
      no_memory      12      0.1463   0.0294    0.00     1.00     0.00    0.00
      linear         12      0.3027  -0.0381    0.55     1.00     1.00    0.00

(c) hidden wall bounces -- default band
    12 runs, 5 of them with an overshoot over 0.05 (mean overshoot
    0.151; on no-bounce runs the two hypotheses coincide to 0.000).
    'nearer reflected' = is the prediction closer to the truth (the ball bounced) or to
    the straight line clipped at the wall (the ball kept going and stopped there)?
    model           n  nearer reflected    n   (clear runs)  exit_x MAE  (no bounce)
    rnn_v3         12              0.92    5           0.80      0.1966       0.1537
    ff              6              1.00    1           1.00      0.3534       0.2048
    ms              9              1.00    2           1.00      0.1772       0.1946
    ms24            7              1.00    3           1.00      0.1577       0.1773
    emerge          9              1.00    2           1.00      0.1666       0.1501
    emerge_only     7              1.00    2           1.00      0.3055       0.1659
    poshead         4              1.00    2           1.00      0.2311       0.1086
    ms24_poshead   12              0.83    5           0.60      0.1460       0.1682
    no_memory      12              0.58    5           0.20      0.1463       0.1461
    linear         12              0.00    5           0.00      0.3027       0.0008
    chance is 0.50; the straight-line baseline is 0.00 by construction. Folding that
    line at the wall by hand gives MAE 0.0000, i.e. the truth really is the mirror image.

(c) hidden wall bounces -- all three bands pooled
    81 runs, 64 of them with an overshoot over 0.05 (mean overshoot
    0.228; on no-bounce runs the two hypotheses coincide to 0.000).
    'nearer reflected' = is the prediction closer to the truth (the ball bounced) or to
    the straight line clipped at the wall (the ball kept going and stopped there)?
    model           n  nearer reflected    n   (clear runs)  exit_x MAE  (no bounce)
    rnn_v3         49              0.88   37           0.84      0.1832       0.1503
    ff              6              1.00    1           1.00      0.3534       0.2048
    ms             17              0.88    8           0.75      0.1493       0.1948
    ms24           14              0.93    9           0.89      0.1341       0.1704
    emerge         37              0.81   23           0.70      0.2108       0.1552
    emerge_only    14              1.00    7           1.00      0.2686       0.1618
    poshead        29              1.00   20           1.00      0.1552       0.1178
    ms24_poshead   42              0.76   32           0.69      0.2400       0.1726
    no_memory      81              0.69   64           0.62      0.2120       0.1807
    linear         81              0.00   64           0.00      0.4699       0.0004
    chance is 0.50; the straight-line baseline is 0.00 by construction. Folding that
    line at the wall by hand gives MAE 0.0000, i.e. the truth really is the mirror image.

(d) memory horizon -- exit x MAE (world units), pooled over bands
    model              3-8      9-15     16-25      26-+
    emerge          0.1279    0.1427    0.2006    0.4231
    emerge_only     0.1784    0.1634    0.1999        --
    ff              0.1958    0.2156    0.3882        --
    linear          0.0062    0.0284    0.0929    0.6814
    ms              0.1835    0.1634    0.2434    0.1012
    ms24            0.1396    0.1612    0.2139    0.2110
    ms24_poshead    0.1678    0.1534    0.2089    0.3408
    no_memory       0.0686    0.1413    0.2366    0.3606
    poshead         0.1049    0.1068    0.1604        --
    rnn_v3          0.1312    0.1436    0.1958    0.2032
    (n runs)            56        92       100        38
    n_scored (runs where the model brought a ball back at all):
    emerge              46        67        50         7
    emerge_only         42        45        19         0
    ff                  29        22         5         0
    linear              56        92       100        38
    ms                  53        52        32         1
    ms24                44        54        30         1
    ms24_poshead        56        67        51        15
    no_memory           56        92       100        38
    poshead             46        65        56         0
    rnn_v3              56        83        55        14

(e) counterfactual entry (vx -> -vx), re-simulated ground truth
    branch = replay  (n=38)
      rnn_v3       exit_x MAE 0.1368  signed +0.0170  dx sign agrees 0.63  mean dx pred +0.010 vs true -0.007
      ff           exit_x MAE 0.2162  signed +0.1703  dx sign agrees 0.65  mean dx pred +0.174 vs true +0.004
      ms           exit_x MAE 0.1950  signed -0.0508  dx sign agrees 0.53  mean dx pred -0.049 vs true +0.002
      ms24         exit_x MAE 0.1660  signed +0.0634  dx sign agrees 0.65  mean dx pred +0.056 vs true -0.008
      emerge       exit_x MAE 0.1772  signed -0.0309  dx sign agrees 0.68  mean dx pred -0.033 vs true -0.002
      emerge_only  exit_x MAE 0.1860  signed -0.0032  dx sign agrees 0.54  mean dx pred +0.009 vs true +0.012
      poshead      exit_x MAE 0.1067  signed -0.0015  dx sign agrees 0.70  mean dx pred +0.007 vs true +0.009
      ms24_poshead exit_x MAE 0.1630  signed -0.0603  dx sign agrees 0.71  mean dx pred -0.067 vs true -0.007
    branch = flip  (n=38)
      rnn_v3       exit_x MAE 0.1760  signed +0.0175  dx sign agrees 0.55  mean dx pred +0.016 vs true -0.001
      ff           exit_x MAE 0.2910  signed +0.1431  dx sign agrees 0.47  mean dx pred +0.175 vs true +0.032
      ms           exit_x MAE 0.2430  signed -0.0597  dx sign agrees 0.61  mean dx pred -0.065 vs true -0.005
      ms24         exit_x MAE 0.2025  signed +0.0904  dx sign agrees 0.64  mean dx pred +0.097 vs true +0.007
      emerge       exit_x MAE 0.1654  signed -0.0026  dx sign agrees 0.66  mean dx pred -0.003 vs true -0.001
      emerge_only  exit_x MAE 0.2012  signed +0.0343  dx sign agrees 0.60  mean dx pred +0.026 vs true -0.008
      poshead      exit_x MAE 0.1745  signed +0.0283  dx sign agrees 0.54  mean dx pred +0.027 vs true -0.001
      ms24_poshead exit_x MAE 0.1862  signed -0.0579  dx sign agrees 0.66  mean dx pred -0.059 vs true -0.001

report -> runs/rnn_v3_fix/permanence/report.json
