model runs/rnn_v31_ff/rnn.pt
vae   runs/vae_v31/vae.pt  z_dim=16
30 episodes x 200 dream steps, warm-up 8, taus [0.0, 0.5, 1.0], device=cpu
no mass column in this dataset -- running (iii) and (iv) only; the speed is a hard constant here, so those ARE the conservation tests for v1
occluder band (0.13, 0.63); metric (v) -- the hidden ball's velocity -- is on

  dreaming at tau=0.0 ...

  dreaming at tau=0.5 ...

  dreaming at tau=1.0 ...

==============================================================================
CONSERVATION -- v31_ff
==============================================================================

(iii) dreamed speed / true speed (the law says 1.000)
       tau        0       24       60      120      199   horizon
      0.00    0.384    0.302    0.287    0.291    0.367       0.0
      0.50    3.418    2.329    2.685    3.252    3.242       0.3
      1.00    7.613    7.606    6.961    7.514    7.004       0.1
     floor    1.000    1.000    1.000    1.000      nan      22.1
    'horizon' = mean first step at which the dreamed speed is off the law by > 25% (max 200)
    At tau > 0 the RATIO is inflated by per-step sampling jitter that the position
    probe cannot separate from motion. 
    (the across-episode speed correlation is undefined here: in v1 every
    episode has the SAME true speed, so there is no variance to correlate with.)

(v) v3: the HIDDEN ball's velocity across a dreamed occlusion.
    Nothing inside the band can turn a ball around, so vy must keep its sign and
    |v| and |vx| must be unchanged. This compares the dream with ITSELF, so it is
    the one metric here that is meaningful at tau = 1.
       tau  stretches  vy sign kept  |v| out/in  |vx| out/in  vx flipped
      0.00       (no complete hidden stretch found)
      0.50         13         0.385       1.280        0.993       0.538
      1.00         14         0.286       1.270        2.396       0.500
     floor         79         0.975       1.000        1.000       0.342
    ('floor' is the same estimator on TRUE latents: the instrument's own score.)

(iv) fraction of dreamed frames with a well-formed ball (area within 50-150% of the VAE reference)
    tau=0.00  mean over the dream 0.257   at the end 0.267
    tau=0.50  mean over the dream 0.027   at the end 0.033
    tau=1.00  mean over the dream 0.080   at the end 0.100

In plain English:
  At step 150 the dreamed ball moves at 6.34 x the speed the law gives it.
  The dream stays inside +-25% of the law for 0 steps on average (the
  measuring probe's own floor is 22).  8% of the dreamed frames still
  contain a ball of roughly the right size.
  At tau=0.0 (deterministic) the same numbers are speed ratio 0.36, speed horizon 0.
  The gap between the two rows is the cost of sampling, which is the whole
  finding: the model KNOWS the quantity is constant, and loses it anyway
  as soon as it has to feed on its own draws.

artifacts in runs/rnn_v31_ff/conservation
