device=cpu  z_dim=16  latents=mu.npy  windows=4500 (train) / 35 (val)
hit_rate=0.7344%  pos_weight=135.2
params=327k  cfg=RNNConfig(z_dim=16, n_actions=3, hidden=256, n_gauss=5, predict_delta=True, ablate_actions=True, mass_head=False, feedforward=False, pos_head=False, clock_head=False, vy_head=False, arch='lstm')
ep   0  train_nll   17.545  val_nll    9.617  hit_f1 0.093  rew_mse 0.03959  (29s)
ep   1  train_nll   15.318  val_nll    8.095  hit_f1 0.105  rew_mse 0.03052  (59s)
ep   2  train_nll   14.096  val_nll    7.158  hit_f1 0.129  rew_mse 0.02005  (94s)
ep   3  train_nll   13.520  val_nll    6.624  hit_f1 0.149  rew_mse 0.01541  (130s)
ep   4  train_nll   13.135  val_nll    6.334  hit_f1 0.174  rew_mse 0.01315  (161s)  roll[1]=0.1501 roll[32]=1.0139
ep   5  train_nll   12.809  val_nll    5.900  hit_f1 0.177  rew_mse 0.01228  (194s)
ep   6  train_nll   12.542  val_nll    5.793  hit_f1 0.206  rew_mse 0.01144  (222s)
ep   7  train_nll   12.301  val_nll    5.384  hit_f1 0.193  rew_mse 0.01121  (249s)
ep   8  train_nll   12.090  val_nll    5.362  hit_f1 0.227  rew_mse 0.01083  (280s)
ep   9  train_nll   11.904  val_nll    4.924  hit_f1 0.215  rew_mse 0.01017  (306s)  roll[1]=0.1273 roll[32]=1.1434
ep  10  train_nll   11.738  val_nll    4.742  hit_f1 0.242  rew_mse 0.00960  (334s)
ep  11  train_nll   11.576  val_nll    4.608  hit_f1 0.243  rew_mse 0.00875  (359s)
ep  12  train_nll   11.461  val_nll    4.495  hit_f1 0.237  rew_mse 0.00840  (386s)
ep  13  train_nll   11.337  val_nll    4.413  hit_f1 0.263  rew_mse 0.00813  (410s)
ep  14  train_nll   11.236  val_nll    4.271  hit_f1 0.287  rew_mse 0.00774  (428s)  roll[1]=0.1096 roll[32]=1.3297
ep  15  train_nll   11.148  val_nll    4.068  hit_f1 0.281  rew_mse 0.00710  (447s)
ep  16  train_nll   11.075  val_nll    4.148  hit_f1 0.277  rew_mse 0.00692  (467s)
ep  17  train_nll   10.996  val_nll    3.928  hit_f1 0.291  rew_mse 0.00670  (485s)
ep  18  train_nll   10.923  val_nll    4.033  hit_f1 0.269  rew_mse 0.00622  (504s)
ep  19  train_nll   10.867  val_nll    3.844  hit_f1 0.304  rew_mse 0.00609  (524s)  roll[1]=0.1063 roll[32]=1.1883
ep  20  train_nll   10.804  val_nll    3.902  hit_f1 0.291  rew_mse 0.00588  (542s)
ep  21  train_nll   10.761  val_nll    3.685  hit_f1 0.323  rew_mse 0.00582  (561s)
ep  22  train_nll   10.706  val_nll    3.752  hit_f1 0.307  rew_mse 0.00547  (580s)
ep  23  train_nll   10.665  val_nll    3.691  hit_f1 0.308  rew_mse 0.00559  (604s)
ep  24  train_nll   10.614  val_nll    3.622  hit_f1 0.301  rew_mse 0.00527  (630s)  roll[1]=0.0964 roll[32]=1.1007
ep  25  train_nll   10.583  val_nll    3.585  hit_f1 0.297  rew_mse 0.00511  (672s)
ep  26  train_nll   10.554  val_nll    3.635  hit_f1 0.305  rew_mse 0.00536  (708s)
ep  27  train_nll   10.518  val_nll    3.438  hit_f1 0.338  rew_mse 0.00510  (737s)
ep  28  train_nll   10.493  val_nll    3.506  hit_f1 0.304  rew_mse 0.00497  (764s)
ep  29  train_nll   10.456  val_nll    3.451  hit_f1 0.321  rew_mse 0.00479  (790s)  roll[1]=0.0916 roll[32]=1.2066
ep  30  train_nll   10.436  val_nll    3.377  hit_f1 0.331  rew_mse 0.00478  (815s)
ep  31  train_nll   10.402  val_nll    3.450  hit_f1 0.329  rew_mse 0.00483  (833s)
ep  32  train_nll   10.375  val_nll    3.364  hit_f1 0.331  rew_mse 0.00447  (847s)
ep  33  train_nll   10.364  val_nll    3.292  hit_f1 0.362  rew_mse 0.00445  (858s)
ep  34  train_nll   10.333  val_nll    3.370  hit_f1 0.357  rew_mse 0.00442  (869s)  roll[1]=0.0903 roll[32]=0.9510

best val NLL 3.292  ->  runs/rnn_v4_noact/rnn.pt
