device=cpu  z_dim=16  latents=mu.npy  windows=19350 (train) / 210 (val)
hit_rate=0.6889%  pos_weight=144.2
params=114k  cfg=RNNConfig(z_dim=16, n_actions=3, hidden=256, n_gauss=5, predict_delta=True, ablate_actions=False, mass_head=False, feedforward=True, pos_head=False)
ep   0  train_nll   17.151  val_nll    8.742  hit_f1 0.140  rew_mse 0.05667  (12s)
ep   1  train_nll   16.127  val_nll    8.255  hit_f1 0.155  rew_mse 0.04345  (26s)  roll[1]=0.1483 roll[32]=0.5938
ep   2  train_nll   15.628  val_nll    7.937  hit_f1 0.159  rew_mse 0.03671  (38s)
ep   3  train_nll   15.359  val_nll    7.844  hit_f1 0.178  rew_mse 0.03375  (62s)  roll[1]=0.0942 roll[32]=0.7008
ep   4  train_nll   15.163  val_nll    7.546  hit_f1 0.206  rew_mse 0.03734  (76s)
ep   5  train_nll   15.041  val_nll    7.594  hit_f1 0.197  rew_mse 0.03242  (89s)  roll[1]=0.0906 roll[32]=0.6747
ep   6  train_nll   14.960  val_nll    7.708  hit_f1 0.232  rew_mse 0.03329  (103s)
ep   7  train_nll   14.889  val_nll    7.463  hit_f1 0.232  rew_mse 0.03084  (118s)  roll[1]=0.0934 roll[32]=0.8397
ep   8  train_nll   14.831  val_nll    7.441  hit_f1 0.241  rew_mse 0.03245  (131s)
ep   9  train_nll   14.787  val_nll    7.538  hit_f1 0.261  rew_mse 0.02853  (144s)  roll[1]=0.0908 roll[32]=2.0393
ep  10  train_nll   14.733  val_nll    7.440  hit_f1 0.247  rew_mse 0.02788  (157s)
ep  11  train_nll   14.705  val_nll    7.425  hit_f1 0.284  rew_mse 0.02783  (171s)  roll[1]=0.0954 roll[32]=0.9387
ep  12  train_nll   14.665  val_nll    7.266  hit_f1 0.305  rew_mse 0.02980  (185s)
ep  13  train_nll   14.635  val_nll    7.426  hit_f1 0.327  rew_mse 0.02948  (197s)  roll[1]=0.0965 roll[32]=0.7111
ep  14  train_nll   14.612  val_nll    7.202  hit_f1 0.294  rew_mse 0.02857  (210s)
ep  15  train_nll   14.586  val_nll    7.202  hit_f1 0.294  rew_mse 0.02595  (223s)  roll[1]=0.0921 roll[32]=1.0834
ep  16  train_nll   14.552  val_nll    7.396  hit_f1 0.376  rew_mse 0.02653  (236s)
ep  17  train_nll   14.535  val_nll    7.288  hit_f1 0.326  rew_mse 0.03343  (249s)  roll[1]=0.0923 roll[32]=0.6995
ep  18  train_nll   14.512  val_nll    7.259  hit_f1 0.324  rew_mse 0.02707  (264s)
ep  19  train_nll   14.494  val_nll    7.274  hit_f1 0.323  rew_mse 0.02569  (281s)  roll[1]=0.0941 roll[32]=0.6503
ep  20  train_nll   14.471  val_nll    7.289  hit_f1 0.334  rew_mse 0.02860  (297s)
ep  21  train_nll   14.459  val_nll    7.179  hit_f1 0.324  rew_mse 0.02479  (317s)  roll[1]=0.0986 roll[32]=0.7421
ep  22  train_nll   14.436  val_nll    7.136  hit_f1 0.349  rew_mse 0.02615  (330s)
ep  23  train_nll   14.423  val_nll    7.075  hit_f1 0.307  rew_mse 0.02447  (343s)  roll[1]=0.0918 roll[32]=0.6936
ep  24  train_nll   14.417  val_nll    7.151  hit_f1 0.348  rew_mse 0.02536  (356s)
ep  25  train_nll   14.402  val_nll    6.970  hit_f1 0.331  rew_mse 0.02557  (370s)  roll[1]=0.0923 roll[32]=0.6418
ep  26  train_nll   14.388  val_nll    6.982  hit_f1 0.349  rew_mse 0.02468  (382s)
ep  27  train_nll   14.372  val_nll    7.206  hit_f1 0.337  rew_mse 0.02471  (397s)  roll[1]=0.0984 roll[32]=0.6987
ep  28  train_nll   14.368  val_nll    6.928  hit_f1 0.345  rew_mse 0.02458  (411s)
ep  29  train_nll   14.361  val_nll    7.017  hit_f1 0.325  rew_mse 0.02575  (425s)  roll[1]=0.1015 roll[32]=0.7567
ep  30  train_nll   14.350  val_nll    6.896  hit_f1 0.363  rew_mse 0.02437  (440s)
ep  31  train_nll   14.345  val_nll    6.943  hit_f1 0.305  rew_mse 0.02576  (452s)  roll[1]=0.0959 roll[32]=0.6314
ep  32  train_nll   14.329  val_nll    6.918  hit_f1 0.357  rew_mse 0.02619  (473s)
ep  33  train_nll   14.328  val_nll    6.973  hit_f1 0.350  rew_mse 0.02467  (489s)  roll[1]=0.1008 roll[32]=0.7374
ep  34  train_nll   14.323  val_nll    7.053  hit_f1 0.356  rew_mse 0.02496  (504s)  roll[1]=0.0982 roll[32]=0.7770

best val NLL 6.896  ->  runs/rnn_v31_ff/rnn.pt
