device=cpu  z_dim=16  latents=mu.npy  windows=19350 (train) / 210 (val)
hit_rate=0.7467%  pos_weight=132.9
params=327k  cfg=RNNConfig(z_dim=16, n_actions=3, hidden=256, n_gauss=5, predict_delta=True, ablate_actions=True)
ep   0  train_nll   15.808  val_nll    7.595  hit_f1 0.148  rew_mse 0.02899  (22s)
ep   1  train_nll   13.439  val_nll    6.276  hit_f1 0.193  rew_mse 0.01626  (46s)  roll[1]=0.1959 roll[32]=1.3253
ep   2  train_nll   12.569  val_nll    5.707  hit_f1 0.207  rew_mse 0.01283  (70s)
ep   3  train_nll   11.992  val_nll    5.145  hit_f1 0.240  rew_mse 0.01065  (94s)  roll[1]=0.1369 roll[32]=1.1830
ep   4  train_nll   11.592  val_nll    4.809  hit_f1 0.256  rew_mse 0.00910  (117s)
ep   5  train_nll   11.318  val_nll    4.535  hit_f1 0.251  rew_mse 0.00818  (140s)  roll[1]=0.1141 roll[32]=1.1899
ep   6  train_nll   11.114  val_nll    4.271  hit_f1 0.252  rew_mse 0.00761  (181s)
ep   7  train_nll   10.931  val_nll    4.066  hit_f1 0.272  rew_mse 0.00694  (214s)  roll[1]=0.1129 roll[32]=0.8831
ep   8  train_nll   10.795  val_nll    3.919  hit_f1 0.271  rew_mse 0.00690  (264s)
ep   9  train_nll   10.672  val_nll    3.761  hit_f1 0.268  rew_mse 0.00671  (303s)  roll[1]=0.1061 roll[32]=0.9929
ep  10  train_nll   10.548  val_nll    3.622  hit_f1 0.309  rew_mse 0.00601  (330s)
ep  11  train_nll   10.456  val_nll    3.534  hit_f1 0.318  rew_mse 0.00593  (360s)  roll[1]=0.0974 roll[32]=0.7969
ep  12  train_nll   10.365  val_nll    3.480  hit_f1 0.331  rew_mse 0.00555  (393s)
ep  13  train_nll   10.305  val_nll    3.269  hit_f1 0.304  rew_mse 0.00545  (420s)  roll[1]=0.1062 roll[32]=0.8433
ep  14  train_nll   10.249  val_nll    3.266  hit_f1 0.299  rew_mse 0.00508  (452s)
ep  15  train_nll   10.193  val_nll    3.177  hit_f1 0.303  rew_mse 0.00530  (489s)  roll[1]=0.0958 roll[32]=1.0347
ep  16  train_nll   10.142  val_nll    3.140  hit_f1 0.316  rew_mse 0.00514  (522s)
ep  17  train_nll   10.105  val_nll    3.178  hit_f1 0.331  rew_mse 0.00486  (591s)  roll[1]=0.0953 roll[32]=0.8623
ep  18  train_nll   10.068  val_nll    2.991  hit_f1 0.328  rew_mse 0.00508  (659s)
ep  19  train_nll   10.037  val_nll    2.937  hit_f1 0.314  rew_mse 0.00482  (735s)  roll[1]=0.0952 roll[32]=0.7711
ep  20  train_nll    9.999  val_nll    3.000  hit_f1 0.333  rew_mse 0.00485  (814s)
ep  21  train_nll    9.975  val_nll    2.977  hit_f1 0.332  rew_mse 0.00475  (887s)  roll[1]=0.0952 roll[32]=0.6842
ep  22  train_nll    9.939  val_nll    2.882  hit_f1 0.344  rew_mse 0.00485  (943s)
ep  23  train_nll    9.917  val_nll    2.930  hit_f1 0.361  rew_mse 0.00491  (1007s)  roll[1]=0.0931 roll[32]=0.6662
ep  24  train_nll    9.902  val_nll    3.015  hit_f1 0.349  rew_mse 0.00468  (1065s)
ep  25  train_nll    9.876  val_nll    2.792  hit_f1 0.336  rew_mse 0.00481  (1123s)  roll[1]=0.0960 roll[32]=0.7065
ep  26  train_nll    9.859  val_nll    2.881  hit_f1 0.342  rew_mse 0.00462  (1173s)
ep  27  train_nll    9.836  val_nll    2.827  hit_f1 0.354  rew_mse 0.00479  (1206s)  roll[1]=0.0966 roll[32]=0.6598
ep  28  train_nll    9.820  val_nll    2.785  hit_f1 0.336  rew_mse 0.00466  (1234s)
ep  29  train_nll    9.798  val_nll    2.834  hit_f1 0.330  rew_mse 0.00465  (1262s)  roll[1]=0.0952 roll[32]=0.8477
ep  30  train_nll    9.783  val_nll    2.671  hit_f1 0.359  rew_mse 0.00451  (1301s)
ep  31  train_nll    9.772  val_nll    2.776  hit_f1 0.332  rew_mse 0.00442  (1345s)  roll[1]=0.0934 roll[32]=0.9065
ep  32  train_nll    9.750  val_nll    2.722  hit_f1 0.354  rew_mse 0.00458  (1383s)
ep  33  train_nll    9.743  val_nll    2.693  hit_f1 0.362  rew_mse 0.00452  (1413s)  roll[1]=0.0989 roll[32]=0.8505
ep  34  train_nll    9.732  val_nll    2.660  hit_f1 0.342  rew_mse 0.00464  (1441s)  roll[1]=0.0957 roll[32]=0.8931

best val NLL 2.660  ->  runs/rnn_v2_noact/rnn.pt
