model runs/rnn_v31_poshead/rnn.pt
vae   runs/vae_v31/vae.pt  z_dim=16
30 episodes x 200 dream steps, warm-up 8, taus [0.0, 0.5, 1.0], device=cpu
no mass column in this dataset -- running (iii) and (iv) only; the speed is a hard constant here, so those ARE the conservation tests for v1
occluder band (0.13, 0.63); metric (v) -- the hidden ball's velocity -- is on

  dreaming at tau=0.0 ...

  dreaming at tau=0.5 ...

  dreaming at tau=1.0 ...

==============================================================================
CONSERVATION -- v31_poshead
==============================================================================

(iii) dreamed speed / true speed (the law says 1.000)
       tau        0       24       60      120      199   horizon
      0.00    1.056    1.506    3.390    4.754    4.176      12.5
      0.50    4.891    4.752    3.986    4.564    4.292       0.0
      1.00    6.488    7.744    7.021    6.669    5.554       0.1
     floor    1.000    1.000    1.000    1.000      nan      22.1
    'horizon' = mean first step at which the dreamed speed is off the law by > 25% (max 200)
    At tau > 0 the RATIO is inflated by per-step sampling jitter that the position
    probe cannot separate from motion. 
    (the across-episode speed correlation is undefined here: in v1 every
    episode has the SAME true speed, so there is no variance to correlate with.)

(v) v3: the HIDDEN ball's velocity across a dreamed occlusion.
    Nothing inside the band can turn a ball around, so vy must keep its sign and
    |v| and |vx| must be unchanged. This compares the dream with ITSELF, so it is
    the one metric here that is meaningful at tau = 1.
       tau  stretches  vy sign kept  |v| out/in  |vx| out/in  vx flipped
      0.00          9         0.556       2.047        1.769       0.444
      0.50         91         0.560       0.887        0.927       0.527
      1.00         34         0.618       0.864        0.853       0.500
     floor         79         0.975       1.000        1.000       0.342
    ('floor' is the same estimator on TRUE latents: the instrument's own score.)

(iv) fraction of dreamed frames with a well-formed ball (area within 50-150% of the VAE reference)
    tau=0.00  mean over the dream 0.402   at the end 0.433
    tau=0.50  mean over the dream 0.254   at the end 0.333
    tau=1.00  mean over the dream 0.234   at the end 0.233

In plain English:
  At step 150 the dreamed ball moves at 6.35 x the speed the law gives it.
  The dream stays inside +-25% of the law for 0 steps on average (the
  measuring probe's own floor is 22).  23% of the dreamed frames still
  contain a ball of roughly the right size.
  At tau=0.0 (deterministic) the same numbers are speed ratio 4.24, speed horizon 12.
  The gap between the two rows is the cost of sampling, which is the whole
  finding: the model KNOWS the quantity is constant, and loses it anyway
  as soon as it has to feed on its own draws.

artifacts in runs/rnn_v31_poshead/conservation
