device=cpu  z_dim=16  latents=mu.npy  windows=19350 (train) / 210 (val)
hit_rate=0.7589%  pos_weight=130.8
params=327k  cfg=RNNConfig(z_dim=16, n_actions=3, hidden=256, n_gauss=5, predict_delta=True, ablate_actions=False, mass_head=False, feedforward=False)
ep   0  train_nll   16.529  val_nll    7.855  hit_f1 0.242  rew_mse 0.02427  (62s)
ep   1  train_nll   14.183  val_nll    6.647  hit_f1 0.250  rew_mse 0.01709  (145s)  roll[1]=0.0782 roll[32]=0.7078
ep   2  train_nll   13.471  val_nll    5.856  hit_f1 0.280  rew_mse 0.01441  (223s)
ep   3  train_nll   13.105  val_nll    5.625  hit_f1 0.303  rew_mse 0.01310  (308s)  roll[1]=0.0587 roll[32]=0.6841
ep   4  train_nll   12.859  val_nll    5.471  hit_f1 0.338  rew_mse 0.01213  (381s)
ep   5  train_nll   12.688  val_nll    5.243  hit_f1 0.366  rew_mse 0.01152  (447s)  roll[1]=0.0549 roll[32]=0.6802
ep   6  train_nll   12.563  val_nll    5.103  hit_f1 0.390  rew_mse 0.01077  (530s)
ep   7  train_nll   12.443  val_nll    4.954  hit_f1 0.385  rew_mse 0.01061  (605s)  roll[1]=0.0546 roll[32]=0.5867
ep   8  train_nll   12.352  val_nll    4.921  hit_f1 0.400  rew_mse 0.00993  (676s)
ep   9  train_nll   12.279  val_nll    4.836  hit_f1 0.405  rew_mse 0.00975  (752s)  roll[1]=0.0550 roll[32]=0.5971
ep  10  train_nll   12.200  val_nll    4.780  hit_f1 0.416  rew_mse 0.00943  (812s)
ep  11  train_nll   12.162  val_nll    4.657  hit_f1 0.446  rew_mse 0.00895  (879s)  roll[1]=0.0506 roll[32]=0.6164
ep  12  train_nll   12.103  val_nll    4.601  hit_f1 0.424  rew_mse 0.00885  (925s)
ep  13  train_nll   12.062  val_nll    4.655  hit_f1 0.473  rew_mse 0.00867  (978s)  roll[1]=0.0491 roll[32]=0.6366
ep  14  train_nll   12.032  val_nll    4.467  hit_f1 0.450  rew_mse 0.00841  (1026s)
ep  15  train_nll   11.998  val_nll    4.549  hit_f1 0.444  rew_mse 0.00840  (1075s)  roll[1]=0.0474 roll[32]=0.5589
ep  16  train_nll   11.962  val_nll    4.424  hit_f1 0.450  rew_mse 0.00809  (1119s)
ep  17  train_nll   11.932  val_nll    4.498  hit_f1 0.452  rew_mse 0.00805  (1165s)  roll[1]=0.0496 roll[32]=0.7082
ep  18  train_nll   11.911  val_nll    4.412  hit_f1 0.468  rew_mse 0.00790  (1217s)
ep  19  train_nll   11.887  val_nll    4.262  hit_f1 0.464  rew_mse 0.00794  (1263s)  roll[1]=0.0463 roll[32]=0.5462
ep  20  train_nll   11.863  val_nll    4.321  hit_f1 0.477  rew_mse 0.00764  (1310s)
ep  21  train_nll   11.844  val_nll    4.271  hit_f1 0.518  rew_mse 0.00769  (1365s)  roll[1]=0.0458 roll[32]=0.5577
ep  22  train_nll   11.821  val_nll    4.243  hit_f1 0.491  rew_mse 0.00783  (1416s)
ep  23  train_nll   11.806  val_nll    4.305  hit_f1 0.523  rew_mse 0.00756  (1464s)  roll[1]=0.0471 roll[32]=0.4972
ep  24  train_nll   11.792  val_nll    4.313  hit_f1 0.523  rew_mse 0.00742  (1519s)
ep  25  train_nll   11.774  val_nll    4.221  hit_f1 0.507  rew_mse 0.00738  (1570s)  roll[1]=0.0460 roll[32]=0.4976
ep  26  train_nll   11.759  val_nll    4.178  hit_f1 0.528  rew_mse 0.00800  (1622s)
ep  27  train_nll   11.747  val_nll    4.194  hit_f1 0.495  rew_mse 0.00736  (1676s)  roll[1]=0.0465 roll[32]=0.4068
ep  28  train_nll   11.736  val_nll    4.242  hit_f1 0.462  rew_mse 0.00725  (1719s)
ep  29  train_nll   11.719  val_nll    4.205  hit_f1 0.531  rew_mse 0.00707  (1753s)  roll[1]=0.0412 roll[32]=0.5320
ep  30  train_nll   11.715  val_nll    4.109  hit_f1 0.531  rew_mse 0.00719  (1781s)
ep  31  train_nll   11.703  val_nll    4.163  hit_f1 0.505  rew_mse 0.00708  (1810s)  roll[1]=0.0430 roll[32]=0.6006
ep  32  train_nll   11.684  val_nll    4.116  hit_f1 0.536  rew_mse 0.00707  (1836s)
ep  33  train_nll   11.686  val_nll    4.129  hit_f1 0.520  rew_mse 0.00694  (1863s)  roll[1]=0.0451 roll[32]=0.5564
ep  34  train_nll   11.671  val_nll    3.968  hit_f1 0.578  rew_mse 0.00689  (1891s)  roll[1]=0.0446 roll[32]=0.4500

best val NLL 3.968  ->  runs/rnn_v3/rnn.pt
