device=cpu  z_dim=16  latents=mu.npy  windows=19350 (train) / 210 (val)
hit_rate=0.7589%  pos_weight=130.8
params=327k  cfg=RNNConfig(z_dim=16, n_actions=3, hidden=256, n_gauss=5, predict_delta=True, ablate_actions=False, mass_head=False, feedforward=False, pos_head=False)
ep   0  train_nll   18.836  val_nll   10.660  hit_f1 0.202  rew_mse 0.03742  (105s)  roll_nll  30.905  cons 0.0000  emerge 5.155%
ep   1  train_nll   16.400  val_nll    9.036  hit_f1 0.225  rew_mse 0.02632  (197s)  roll_nll  20.723  cons 0.0000  emerge 5.155%  roll[1]=0.1068 roll[32]=0.5852
ep   2  train_nll   15.179  val_nll    7.843  hit_f1 0.239  rew_mse 0.02180  (328s)  roll_nll  19.869  cons 0.0000  emerge 5.155%
ep   3  train_nll   14.501  val_nll    7.241  hit_f1 0.252  rew_mse 0.01734  (423s)  roll_nll  19.401  cons 0.0000  emerge 5.155%  roll[1]=0.0853 roll[32]=0.5936
ep   4  train_nll   14.101  val_nll    6.629  hit_f1 0.286  rew_mse 0.01739  (546s)  roll_nll  19.098  cons 0.0000  emerge 5.155%
ep   5  train_nll   13.832  val_nll    6.516  hit_f1 0.306  rew_mse 0.01650  (645s)  roll_nll  18.894  cons 0.0000  emerge 5.155%  roll[1]=0.0772 roll[32]=0.5702
ep   6  train_nll   13.635  val_nll    6.309  hit_f1 0.287  rew_mse 0.01429  (770s)  roll_nll  18.640  cons 0.0000  emerge 5.155%
ep   7  train_nll   13.466  val_nll    6.105  hit_f1 0.291  rew_mse 0.01344  (906s)  roll_nll  18.509  cons 0.0000  emerge 5.155%  roll[1]=0.0775 roll[32]=0.6175
ep   8  train_nll   13.355  val_nll    5.998  hit_f1 0.308  rew_mse 0.01420  (995s)  roll_nll  18.369  cons 0.0000  emerge 5.155%
ep   9  train_nll   13.245  val_nll    5.899  hit_f1 0.348  rew_mse 0.01361  (1084s)  roll_nll  18.276  cons 0.0000  emerge 5.155%  roll[1]=0.0726 roll[32]=0.5516
ep  10  train_nll   13.159  val_nll    5.892  hit_f1 0.338  rew_mse 0.01351  (1185s)  roll_nll  18.083  cons 0.0000  emerge 5.155%
ep  11  train_nll   13.091  val_nll    5.752  hit_f1 0.354  rew_mse 0.01394  (1268s)  roll_nll  18.024  cons 0.0000  emerge 5.155%  roll[1]=0.0708 roll[32]=0.5622
ep  12  train_nll   13.025  val_nll    5.718  hit_f1 0.369  rew_mse 0.01361  (1355s)  roll_nll  17.932  cons 0.0000  emerge 5.155%
ep  13  train_nll   12.972  val_nll    5.636  hit_f1 0.380  rew_mse 0.01286  (1447s)  roll_nll  17.863  cons 0.0000  emerge 5.155%  roll[1]=0.0684 roll[32]=0.6193
ep  14  train_nll   12.923  val_nll    5.686  hit_f1 0.402  rew_mse 0.01198  (1557s)  roll_nll  17.830  cons 0.0000  emerge 5.155%
ep  15  train_nll   12.872  val_nll    5.490  hit_f1 0.403  rew_mse 0.01309  (1663s)  roll_nll  17.745  cons 0.0000  emerge 5.155%  roll[1]=0.0593 roll[32]=0.5344
ep  16  train_nll   12.826  val_nll    5.398  hit_f1 0.359  rew_mse 0.01215  (1764s)  roll_nll  17.694  cons 0.0000  emerge 5.155%
ep  17  train_nll   12.791  val_nll    5.361  hit_f1 0.398  rew_mse 0.01201  (1855s)  roll_nll  17.610  cons 0.0000  emerge 5.155%  roll[1]=0.0595 roll[32]=0.6150
ep  18  train_nll   12.743  val_nll    5.231  hit_f1 0.413  rew_mse 0.01244  (1960s)  roll_nll  17.599  cons 0.0000  emerge 5.155%
ep  19  train_nll   12.724  val_nll    5.279  hit_f1 0.411  rew_mse 0.01180  (2040s)  roll_nll  17.526  cons 0.0000  emerge 5.155%  roll[1]=0.0610 roll[32]=0.5629
ep  20  train_nll   12.684  val_nll    5.306  hit_f1 0.387  rew_mse 0.01446  (2117s)  roll_nll  17.413  cons 0.0000  emerge 5.155%
ep  21  train_nll   12.660  val_nll    5.140  hit_f1 0.411  rew_mse 0.01168  (2213s)  roll_nll  17.463  cons 0.0000  emerge 5.155%  roll[1]=0.0519 roll[32]=0.5569
ep  22  train_nll   12.626  val_nll    5.215  hit_f1 0.400  rew_mse 0.01130  (2293s)  roll_nll  17.334  cons 0.0000  emerge 5.155%
ep  23  train_nll   12.614  val_nll    5.242  hit_f1 0.398  rew_mse 0.01259  (2364s)  roll_nll  17.183  cons 0.0000  emerge 5.155%  roll[1]=0.0572 roll[32]=0.5548
ep  24  train_nll   12.590  val_nll    5.225  hit_f1 0.430  rew_mse 0.01137  (2462s)  roll_nll  17.262  cons 0.0000  emerge 5.155%
ep  25  train_nll   12.572  val_nll    5.172  hit_f1 0.432  rew_mse 0.01237  (2596s)  roll_nll  17.226  cons 0.0000  emerge 5.155%  roll[1]=0.0543 roll[32]=0.5275
ep  26  train_nll   12.557  val_nll    5.212  hit_f1 0.444  rew_mse 0.01023  (2707s)  roll_nll  17.144  cons 0.0000  emerge 5.155%
ep  27  train_nll   12.542  val_nll    5.276  hit_f1 0.418  rew_mse 0.01049  (2820s)  roll_nll  17.191  cons 0.0000  emerge 5.155%  roll[1]=0.0628 roll[32]=0.5013
ep  28  train_nll   12.518  val_nll    5.170  hit_f1 0.448  rew_mse 0.00950  (2928s)  roll_nll  17.020  cons 0.0000  emerge 5.155%
ep  29  train_nll   12.500  val_nll    5.136  hit_f1 0.452  rew_mse 0.00969  (3043s)  roll_nll  17.043  cons 0.0000  emerge 5.155%  roll[1]=0.0623 roll[32]=0.5233
ep  30  train_nll   12.477  val_nll    5.047  hit_f1 0.435  rew_mse 0.00980  (3152s)  roll_nll  17.017  cons 0.0000  emerge 5.155%
ep  31  train_nll   12.470  val_nll    4.962  hit_f1 0.443  rew_mse 0.00962  (3243s)  roll_nll  17.017  cons 0.0000  emerge 5.155%  roll[1]=0.0616 roll[32]=0.4120
ep  32  train_nll   12.443  val_nll    5.068  hit_f1 0.468  rew_mse 0.00936  (3317s)  roll_nll  17.044  cons 0.0000  emerge 5.155%
ep  33  train_nll   12.445  val_nll    5.097  hit_f1 0.466  rew_mse 0.00975  (3384s)  roll_nll  16.934  cons 0.0000  emerge 5.155%  roll[1]=0.0661 roll[32]=0.4595
ep  34  train_nll   12.438  val_nll    5.017  hit_f1 0.449  rew_mse 0.00899  (3450s)  roll_nll  16.955  cons 0.0000  emerge 5.155%  roll[1]=0.0551 roll[32]=0.4172

best val NLL 4.962  ->  runs/rnn_v3_emerge/rnn.pt
