device=cpu  z_dim=16  latents=mu.npy  windows=19350 (train) / 210 (val)
hit_rate=0.7467%  pos_weight=132.9
params=327k  cfg=RNNConfig(z_dim=16, n_actions=3, hidden=256, n_gauss=5, predict_delta=True, ablate_actions=False)
ep   0  train_nll   15.662  val_nll    7.345  hit_f1 0.154  rew_mse 0.02489  (21s)
ep   1  train_nll   13.240  val_nll    5.913  hit_f1 0.210  rew_mse 0.01428  (44s)  roll[1]=0.1768 roll[32]=1.1883
ep   2  train_nll   12.263  val_nll    5.125  hit_f1 0.217  rew_mse 0.01022  (68s)
ep   3  train_nll   11.520  val_nll    4.368  hit_f1 0.242  rew_mse 0.00829  (92s)  roll[1]=0.1100 roll[32]=1.0661
ep   4  train_nll   11.015  val_nll    3.865  hit_f1 0.249  rew_mse 0.00728  (115s)
ep   5  train_nll   10.683  val_nll    3.717  hit_f1 0.257  rew_mse 0.00681  (138s)  roll[1]=0.0912 roll[32]=0.9275
ep   6  train_nll   10.449  val_nll    3.325  hit_f1 0.261  rew_mse 0.00638  (177s)
ep   7  train_nll   10.237  val_nll    3.006  hit_f1 0.282  rew_mse 0.00603  (212s)  roll[1]=0.0839 roll[32]=0.5291
ep   8  train_nll   10.084  val_nll    2.838  hit_f1 0.278  rew_mse 0.00601  (258s)
ep   9  train_nll    9.953  val_nll    2.809  hit_f1 0.301  rew_mse 0.00551  (299s)  roll[1]=0.0885 roll[32]=0.5519
ep  10  train_nll    9.838  val_nll    2.529  hit_f1 0.330  rew_mse 0.00538  (327s)
ep  11  train_nll    9.748  val_nll    2.529  hit_f1 0.318  rew_mse 0.00529  (358s)  roll[1]=0.0837 roll[32]=0.4507
ep  12  train_nll    9.664  val_nll    2.491  hit_f1 0.328  rew_mse 0.00524  (390s)
ep  13  train_nll    9.595  val_nll    2.308  hit_f1 0.323  rew_mse 0.00515  (418s)  roll[1]=0.0830 roll[32]=0.6197
ep  14  train_nll    9.533  val_nll    2.224  hit_f1 0.319  rew_mse 0.00515  (447s)
ep  15  train_nll    9.476  val_nll    2.099  hit_f1 0.324  rew_mse 0.00488  (486s)  roll[1]=0.0820 roll[32]=0.4125
ep  16  train_nll    9.414  val_nll    2.090  hit_f1 0.328  rew_mse 0.00497  (518s)
ep  17  train_nll    9.373  val_nll    2.060  hit_f1 0.347  rew_mse 0.00485  (582s)  roll[1]=0.0819 roll[32]=0.4667
ep  18  train_nll    9.331  val_nll    1.981  hit_f1 0.339  rew_mse 0.00466  (647s)
ep  19  train_nll    9.291  val_nll    1.956  hit_f1 0.328  rew_mse 0.00466  (721s)  roll[1]=0.0782 roll[32]=0.3616
ep  20  train_nll    9.252  val_nll    1.905  hit_f1 0.373  rew_mse 0.00453  (801s)
ep  21  train_nll    9.222  val_nll    1.868  hit_f1 0.367  rew_mse 0.00440  (878s)  roll[1]=0.0862 roll[32]=0.5615
ep  22  train_nll    9.177  val_nll    1.813  hit_f1 0.367  rew_mse 0.00441  (931s)
ep  23  train_nll    9.150  val_nll    1.809  hit_f1 0.395  rew_mse 0.00440  (998s)  roll[1]=0.0796 roll[32]=0.3742
ep  24  train_nll    9.127  val_nll    1.903  hit_f1 0.352  rew_mse 0.00422  (1053s)
ep  25  train_nll    9.105  val_nll    1.658  hit_f1 0.387  rew_mse 0.00425  (1111s)  roll[1]=0.0795 roll[32]=0.3712
ep  26  train_nll    9.078  val_nll    1.691  hit_f1 0.375  rew_mse 0.00416  (1165s)
ep  27  train_nll    9.057  val_nll    1.617  hit_f1 0.395  rew_mse 0.00407  (1198s)  roll[1]=0.0800 roll[32]=0.5142
ep  28  train_nll    9.037  val_nll    1.652  hit_f1 0.380  rew_mse 0.00406  (1228s)
ep  29  train_nll    9.013  val_nll    1.765  hit_f1 0.345  rew_mse 0.00400  (1257s)  roll[1]=0.0845 roll[32]=0.4113
ep  30  train_nll    8.998  val_nll    1.439  hit_f1 0.383  rew_mse 0.00423  (1294s)
ep  31  train_nll    8.978  val_nll    1.596  hit_f1 0.367  rew_mse 0.00402  (1332s)  roll[1]=0.0806 roll[32]=0.6183
ep  32  train_nll    8.957  val_nll    1.491  hit_f1 0.392  rew_mse 0.00394  (1379s)
ep  33  train_nll    8.952  val_nll    1.444  hit_f1 0.400  rew_mse 0.00395  (1408s)  roll[1]=0.0818 roll[32]=0.4663
ep  34  train_nll    8.931  val_nll    1.394  hit_f1 0.397  rew_mse 0.00380  (1438s)  roll[1]=0.0830 roll[32]=0.6434

best val NLL 1.394  ->  runs/rnn_v2/rnn.pt
