clock visibility probe: poly-2 ridge, mu -> ball_visible, held-out R^2 0.9948
clock: thresholded visibility agrees with the simulator on 99.078% of training frames (99.133% of val); clip 40 frames
device=cpu  z_dim=16  latents=mu.npy  windows=19350 (train) / 210 (val)
hit_rate=0.6889%  pos_weight=144.2
params=327k  cfg=RNNConfig(z_dim=16, n_actions=3, hidden=256, n_gauss=5, predict_delta=True, ablate_actions=False, mass_head=False, feedforward=False, pos_head=False, clock_head=True, vy_head=False)
ep   0  train_nll   19.032  val_nll   10.530  hit_f1 0.191  rew_mse 0.04548  (86s)  roll_nll  29.487  cons 0.0000  clock 0.11391 (val 0.08491 = 11.7 frames rmse)  emerge 4.366%
ep   1  train_nll   16.619  val_nll    8.974  hit_f1 0.197  rew_mse 0.03457  (232s)  roll_nll  20.329  cons 0.0000  clock 0.07483 (val 0.07294 = 10.8 frames rmse)  emerge 4.366%  roll[1]=0.1075 roll[32]=0.4276
ep   2  train_nll   15.658  val_nll    8.328  hit_f1 0.253  rew_mse 0.02936  (400s)  roll_nll  19.328  cons 0.0000  clock 0.06530 (val 0.06884 = 10.5 frames rmse)  emerge 4.366%
ep   3  train_nll   15.187  val_nll    7.847  hit_f1 0.241  rew_mse 0.02746  (519s)  roll_nll  18.866  cons 0.0000  clock 0.06141 (val 0.06670 = 10.3 frames rmse)  emerge 4.366%  roll[1]=0.0928 roll[32]=0.3663
ep   4  train_nll   14.876  val_nll    7.731  hit_f1 0.267  rew_mse 0.02636  (647s)  roll_nll  18.583  cons 0.0000  clock 0.05947 (val 0.06658 = 10.3 frames rmse)  emerge 4.366%
ep   5  train_nll   14.661  val_nll    7.353  hit_f1 0.274  rew_mse 0.02583  (769s)  roll_nll  18.344  cons 0.0000  clock 0.05828 (val 0.06233 = 10.0 frames rmse)  emerge 4.366%  roll[1]=0.0809 roll[32]=0.4298
ep   6  train_nll   14.504  val_nll    7.139  hit_f1 0.280  rew_mse 0.02546  (919s)  roll_nll  18.150  cons 0.0000  clock 0.05751 (val 0.06440 = 10.2 frames rmse)  emerge 4.366%
ep   7  train_nll   14.375  val_nll    7.241  hit_f1 0.276  rew_mse 0.02590  (1059s)  roll_nll  18.056  cons 0.0000  clock 0.05661 (val 0.06509 = 10.2 frames rmse)  emerge 4.366%  roll[1]=0.0801 roll[32]=0.3887
ep   8  train_nll   14.269  val_nll    6.842  hit_f1 0.302  rew_mse 0.02601  (1185s)  roll_nll  17.949  cons 0.0000  clock 0.05600 (val 0.06532 = 10.2 frames rmse)  emerge 4.366%
ep   9  train_nll   14.188  val_nll    6.775  hit_f1 0.297  rew_mse 0.02518  (1422s)  roll_nll  17.897  cons 0.0000  clock 0.05566 (val 0.06223 = 10.0 frames rmse)  emerge 4.366%  roll[1]=0.0766 roll[32]=0.3341
ep  10  train_nll   14.091  val_nll    6.578  hit_f1 0.294  rew_mse 0.02646  (1725s)  roll_nll  17.704  cons 0.0000  clock 0.05532 (val 0.06944 = 10.5 frames rmse)  emerge 4.366%
ep  11  train_nll   14.028  val_nll    6.639  hit_f1 0.323  rew_mse 0.02538  (1994s)  roll_nll  17.668  cons 0.0000  clock 0.05502 (val 0.06180 = 9.9 frames rmse)  emerge 4.366%  roll[1]=0.0775 roll[32]=0.3357
ep  12  train_nll   13.974  val_nll    6.555  hit_f1 0.313  rew_mse 0.02501  (2223s)  roll_nll  17.617  cons 0.0000  clock 0.05486 (val 0.06413 = 10.1 frames rmse)  emerge 4.366%
ep  13  train_nll   13.926  val_nll    6.485  hit_f1 0.308  rew_mse 0.02448  (3540s)  roll_nll  17.571  cons 0.0000  clock 0.05457 (val 0.06196 = 10.0 frames rmse)  emerge 4.366%  roll[1]=0.0828 roll[32]=0.3547
ep  14  train_nll   13.894  val_nll    6.563  hit_f1 0.340  rew_mse 0.02427  (7739s)  roll_nll  17.553  cons 0.0000  clock 0.05421 (val 0.06102 = 9.9 frames rmse)  emerge 4.366%
ep  15  train_nll   13.835  val_nll    6.318  hit_f1 0.326  rew_mse 0.02475  (7837s)  roll_nll  17.466  cons 0.0000  clock 0.05405 (val 0.06397 = 10.1 frames rmse)  emerge 4.366%  roll[1]=0.0792 roll[32]=0.3366
ep  16  train_nll   13.795  val_nll    6.249  hit_f1 0.366  rew_mse 0.02339  (7891s)  roll_nll  17.449  cons 0.0000  clock 0.05385 (val 0.06135 = 9.9 frames rmse)  emerge 4.366%
ep  17  train_nll   13.766  val_nll    6.334  hit_f1 0.375  rew_mse 0.02343  (7947s)  roll_nll  17.381  cons 0.0000  clock 0.05373 (val 0.06287 = 10.0 frames rmse)  emerge 4.366%  roll[1]=0.0788 roll[32]=0.3462
ep  18  train_nll   13.727  val_nll    6.379  hit_f1 0.366  rew_mse 0.02402  (7992s)  roll_nll  17.359  cons 0.0000  clock 0.05355 (val 0.06108 = 9.9 frames rmse)  emerge 4.366%
ep  19  train_nll   13.699  val_nll    6.216  hit_f1 0.365  rew_mse 0.02447  (8036s)  roll_nll  17.305  cons 0.0000  clock 0.05348 (val 0.06071 = 9.9 frames rmse)  emerge 4.366%  roll[1]=0.0869 roll[32]=0.3882
ep  20  train_nll   13.664  val_nll    6.196  hit_f1 0.372  rew_mse 0.02380  (8158s)  roll_nll  17.222  cons 0.0000  clock 0.05316 (val 0.05988 = 9.8 frames rmse)  emerge 4.366%
ep  21  train_nll   13.642  val_nll    6.078  hit_f1 0.359  rew_mse 0.02251  (8245s)  roll_nll  17.274  cons 0.0000  clock 0.05299 (val 0.06239 = 10.0 frames rmse)  emerge 4.366%  roll[1]=0.0817 roll[32]=0.2956
ep  22  train_nll   13.604  val_nll    6.156  hit_f1 0.385  rew_mse 0.02357  (8285s)  roll_nll  17.143  cons 0.0000  clock 0.05295 (val 0.06112 = 9.9 frames rmse)  emerge 4.366%
ep  23  train_nll   13.583  val_nll    6.237  hit_f1 0.379  rew_mse 0.02439  (8321s)  roll_nll  17.061  cons 0.0000  clock 0.05270 (val 0.06115 = 9.9 frames rmse)  emerge 4.366%  roll[1]=0.0847 roll[32]=0.3501
ep  24  train_nll   13.568  val_nll    6.167  hit_f1 0.390  rew_mse 0.02171  (8357s)  roll_nll  17.109  cons 0.0000  clock 0.05255 (val 0.06166 = 9.9 frames rmse)  emerge 4.366%
ep  25  train_nll   13.544  val_nll    5.990  hit_f1 0.381  rew_mse 0.02112  (8394s)  roll_nll  17.078  cons 0.0000  clock 0.05237 (val 0.06013 = 9.8 frames rmse)  emerge 4.366%  roll[1]=0.0769 roll[32]=0.3150
ep  26  train_nll   13.523  val_nll    6.150  hit_f1 0.375  rew_mse 0.02095  (8431s)  roll_nll  17.000  cons 0.0000  clock 0.05241 (val 0.05949 = 9.8 frames rmse)  emerge 4.366%
ep  27  train_nll   13.512  val_nll    6.039  hit_f1 0.390  rew_mse 0.02115  (8467s)  roll_nll  17.066  cons 0.0000  clock 0.05220 (val 0.05963 = 9.8 frames rmse)  emerge 4.366%  roll[1]=0.0828 roll[32]=0.3145
ep  28  train_nll   13.492  val_nll    5.993  hit_f1 0.395  rew_mse 0.02225  (8503s)  roll_nll  16.907  cons 0.0000  clock 0.05211 (val 0.06005 = 9.8 frames rmse)  emerge 4.366%
ep  29  train_nll   13.476  val_nll    6.078  hit_f1 0.405  rew_mse 0.02034  (8562s)  roll_nll  16.938  cons 0.0000  clock 0.05204 (val 0.05953 = 9.8 frames rmse)  emerge 4.366%  roll[1]=0.0790 roll[32]=0.2919
ep  30  train_nll   13.471  val_nll    6.070  hit_f1 0.415  rew_mse 0.02019  (8629s)  roll_nll  16.906  cons 0.0000  clock 0.05195 (val 0.05839 = 9.7 frames rmse)  emerge 4.366%
ep  31  train_nll   13.462  val_nll    6.055  hit_f1 0.406  rew_mse 0.02060  (8681s)  roll_nll  16.889  cons 0.0000  clock 0.05180 (val 0.05985 = 9.8 frames rmse)  emerge 4.366%  roll[1]=0.0848 roll[32]=0.2940
ep  32  train_nll   13.438  val_nll    6.043  hit_f1 0.412  rew_mse 0.02133  (8725s)  roll_nll  16.938  cons 0.0000  clock 0.05173 (val 0.06123 = 9.9 frames rmse)  emerge 4.366%
ep  33  train_nll   13.435  val_nll    6.024  hit_f1 0.428  rew_mse 0.02000  (8764s)  roll_nll  16.854  cons 0.0000  clock 0.05157 (val 0.05993 = 9.8 frames rmse)  emerge 4.366%  roll[1]=0.0870 roll[32]=0.3487
ep  34  train_nll   13.420  val_nll    5.968  hit_f1 0.402  rew_mse 0.02020  (8792s)  roll_nll  16.865  cons 0.0000  clock 0.05161 (val 0.05933 = 9.7 frames rmse)  emerge 4.366%  roll[1]=0.0816 roll[32]=0.3513

best val NLL 5.968  ->  runs/rnn_v31_clock_emerge/rnn.pt
