model runs/rnn_v3_emerge/rnn.pt
vae   runs/vae_v3/vae.pt  z_dim=16
30 episodes x 200 dream steps, warm-up 8, taus [0.0, 0.5, 1.0], device=cpu
no mass column in this dataset -- running (iii) and (iv) only; the speed is a hard constant here, so those ARE the conservation tests for v1
occluder band (0.28, 0.58); metric (v) -- the hidden ball's velocity -- is on

  dreaming at tau=0.0 ...

  dreaming at tau=0.5 ...

  dreaming at tau=1.0 ...

==============================================================================
CONSERVATION -- emerge
==============================================================================

(iii) dreamed speed / true speed (the law says 1.000)
       tau        0       24       60      120      199   horizon
      0.00    0.939    1.668    1.418    2.255    1.950       8.4
      0.50    2.249    4.741    5.520    5.154    5.973       1.2
      1.00   12.667   12.104   12.323   12.937   14.634       0.0
     floor    1.000    1.000    1.000    1.000      nan      41.4
    'horizon' = mean first step at which the dreamed speed is off the law by > 25% (max 200)
    At tau > 0 the RATIO is inflated by per-step sampling jitter that the position
    probe cannot separate from motion. 
    (the across-episode speed correlation is undefined here: in v1 every
    episode has the SAME true speed, so there is no variance to correlate with.)

(v) v3: the HIDDEN ball's velocity across a dreamed occlusion.
    Nothing inside the band can turn a ball around, so vy must keep its sign and
    |v| and |vx| must be unchanged. This compares the dream with ITSELF, so it is
    the one metric here that is meaningful at tau = 1.
       tau  stretches  vy sign kept  |v| out/in  |vx| out/in  vx flipped
      0.00        185         0.465       0.879        0.785       0.519
      0.50        570         0.353       1.022        1.014       0.519
      1.00         95         0.474       0.921        0.912       0.411
     floor         90         0.989       1.000        1.000       0.267
    ('floor' is the same estimator on TRUE latents: the instrument's own score.)

(iv) fraction of dreamed frames with a well-formed ball (area within 50-150% of the VAE reference)
    tau=0.00  mean over the dream 0.085   at the end 0.000
    tau=0.50  mean over the dream 0.065   at the end 0.000
    tau=1.00  mean over the dream 0.283   at the end 0.167

In plain English:
  At step 150 the dreamed ball moves at 12.07 x the speed the law gives it.
  The dream stays inside +-25% of the law for 0 steps on average (the
  measuring probe's own floor is 41).  28% of the dreamed frames still
  contain a ball of roughly the right size.
  At tau=0.0 (deterministic) the same numbers are speed ratio 1.71, speed horizon 8.
  The gap between the two rows is the cost of sampling, which is the whole
  finding: the model KNOWS the quantity is constant, and loses it anyway
  as soon as it has to feed on its own draws.

artifacts in runs/rnn_v3_emerge/conservation
