device=mps  z_dim=16  latents=mu.npy  windows=4500 (train) / 35 (val)
hit_rate=0.7344%  pos_weight=135.2
params=571k  cfg=TransformerConfig(z_dim=16, n_actions=3, d_model=128, n_layers=4, n_heads=4, context=128, n_gauss=5, predict_delta=True, dropout=0.0, d_ff=None, ablate_actions=False, mass_head=False, pos_head=False, clock_head=False, vy_head=False, feedforward=False, arch='transformer')
ep   0  train_nll   16.139  val_nll    7.708  hit_f1 0.123  rew_mse 0.02222  (27s)
ep   1  train_nll   13.703  val_nll    5.964  hit_f1 0.185  rew_mse 0.01070  (43s)
ep   2  train_nll   12.626  val_nll    4.976  hit_f1 0.206  rew_mse 0.00828  (58s)
ep   3  train_nll   12.047  val_nll    4.579  hit_f1 0.287  rew_mse 0.00714  (73s)
ep   4  train_nll   11.696  val_nll    4.447  hit_f1 0.213  rew_mse 0.00647  (88s)  roll[1]=0.0859 roll[32]=1.2576
ep   5  train_nll   11.412  val_nll    4.061  hit_f1 0.311  rew_mse 0.00604  (112s)
ep   6  train_nll   11.203  val_nll    3.659  hit_f1 0.275  rew_mse 0.00559  (126s)
ep   7  train_nll   10.984  val_nll    3.405  hit_f1 0.275  rew_mse 0.00620  (141s)
ep   8  train_nll   10.814  val_nll    3.337  hit_f1 0.331  rew_mse 0.00435  (155s)
ep   9  train_nll   10.669  val_nll    3.136  hit_f1 0.359  rew_mse 0.00378  (169s)  roll[1]=0.0726 roll[32]=1.1903
ep  10  train_nll   10.566  val_nll    3.123  hit_f1 0.369  rew_mse 0.00417  (184s)
ep  11  train_nll   10.462  val_nll    2.821  hit_f1 0.377  rew_mse 0.00434  (198s)
ep  12  train_nll   10.371  val_nll    2.806  hit_f1 0.382  rew_mse 0.00347  (213s)
ep  13  train_nll   10.308  val_nll    2.660  hit_f1 0.423  rew_mse 0.00399  (229s)
ep  14  train_nll   10.236  val_nll    2.784  hit_f1 0.391  rew_mse 0.00353  (245s)  roll[1]=0.0679 roll[32]=1.0812
ep  15  train_nll   10.175  val_nll    2.567  hit_f1 0.426  rew_mse 0.00315  (260s)
ep  16  train_nll   10.112  val_nll    2.608  hit_f1 0.382  rew_mse 0.00319  (275s)
ep  17  train_nll   10.067  val_nll    2.428  hit_f1 0.394  rew_mse 0.00313  (290s)
ep  18  train_nll   10.020  val_nll    2.485  hit_f1 0.391  rew_mse 0.00333  (306s)
ep  19  train_nll    9.960  val_nll    2.260  hit_f1 0.423  rew_mse 0.00306  (322s)  roll[1]=0.0671 roll[32]=0.9470
ep  20  train_nll    9.900  val_nll    2.267  hit_f1 0.397  rew_mse 0.00293  (338s)
ep  21  train_nll    9.873  val_nll    2.171  hit_f1 0.400  rew_mse 0.00287  (353s)
ep  22  train_nll    9.836  val_nll    2.282  hit_f1 0.505  rew_mse 0.00316  (368s)
ep  23  train_nll    9.812  val_nll    2.211  hit_f1 0.397  rew_mse 0.00329  (384s)
ep  24  train_nll    9.767  val_nll    2.168  hit_f1 0.448  rew_mse 0.00290  (401s)  roll[1]=0.0591 roll[32]=0.8680
ep  25  train_nll    9.751  val_nll    2.139  hit_f1 0.423  rew_mse 0.00262  (418s)
ep  26  train_nll    9.708  val_nll    2.089  hit_f1 0.441  rew_mse 0.00259  (435s)
ep  27  train_nll    9.662  val_nll    2.010  hit_f1 0.433  rew_mse 0.00264  (451s)
ep  28  train_nll    9.650  val_nll    2.106  hit_f1 0.464  rew_mse 0.00245  (466s)
ep  29  train_nll    9.626  val_nll    1.941  hit_f1 0.464  rew_mse 0.00232  (480s)  roll[1]=0.0567 roll[32]=0.7434
ep  30  train_nll    9.619  val_nll    1.979  hit_f1 0.456  rew_mse 0.00232  (494s)
ep  31  train_nll    9.604  val_nll    1.899  hit_f1 0.481  rew_mse 0.00237  (508s)
ep  32  train_nll    9.573  val_nll    1.929  hit_f1 0.476  rew_mse 0.00228  (521s)
ep  33  train_nll    9.576  val_nll    1.900  hit_f1 0.477  rew_mse 0.00234  (535s)
ep  34  train_nll    9.539  val_nll    1.870  hit_f1 0.464  rew_mse 0.00208  (549s)  roll[1]=0.0572 roll[32]=0.7684

best val NLL 1.870  ->  runs/tf_v4/rnn.pt
