model runs/tf_v4/rnn.pt
vae   runs/vae_v4/vae.pt  z_dim=16
30 episodes x 190 dream steps, warm-up 8, taus [0.0, 0.5, 1.0], device=cpu
no mass column in this dataset -- running (iii) and (iv) only; the speed is a hard constant here, so those ARE the conservation tests for v1

  dreaming at tau=0.0 ...

  dreaming at tau=0.5 ...

  dreaming at tau=1.0 ...

  sign probe on real teacher-forced h: held-out accuracy 0.537 (1 root(s), 150 episodes)

==============================================================================
CONSERVATION -- tf_v4
==============================================================================

(iii) dreamed speed / true speed (the law says 1.000)
       tau        0       24       60      120      199   horizon
      0.00    0.969    0.888    0.811    0.849      nan      15.1
      0.50    1.077    0.847    0.789    0.851      nan       4.0
      1.00    2.403    1.662    1.827    2.017      nan       1.1
     floor    0.955    0.925    0.964    0.981      nan      30.9
    'horizon' = mean first step at which the dreamed speed is off the law by > 25% (max 190)
    At tau > 0 the RATIO is inflated by per-step sampling jitter that the position
    probe cannot separate from motion. 
    (the across-episode speed correlation is undefined here: in v1 every
    episode has the SAME true speed, so there is no variance to correlate with.)

(vi) v4: the gravity SIGN along the dream -- the conserved quantity here.
    A frozen linear probe on h, 0.537 accurate on real teacher-forced passes, read along a 190-step dream.
       tau  consistency  (all steps)   steps the model calls a contact
      0.00        0.519        0.519                             0.014
      0.50        0.508        0.508                             0.023
      1.00        0.511        0.510                             0.021
    'consistency' = fraction of dreamed steps whose decoded sign still matches the
    one in force when the dream began, over steps at which the model's own hit head
    does not think a contact is happening.

(iv) fraction of dreamed frames with a well-formed ball (area within 50-150% of the VAE reference)
    tau=0.00  mean over the dream 1.000   at the end 1.000
    tau=0.50  mean over the dream 0.967   at the end 1.000
    tau=1.00  mean over the dream 0.924   at the end 1.000

In plain English:
  At step 150 the dreamed ball moves at 2.72 x the speed the law gives it.
  The dream stays inside +-25% of the law for 1 steps on average (the
  measuring probe's own floor is 31).  92% of the dreamed frames still
  contain a ball of roughly the right size.
  At tau=0.0 (deterministic) the same numbers are speed ratio 0.85, speed horizon 15.
  The gap between the two rows is the cost of sampling, which is the whole
  finding: the model KNOWS the quantity is constant, and loses it anyway
  as soon as it has to feed on its own draws.

artifacts in runs/tf_v4/conservation
