device=mps  z_dim=16  latents=mu.npy  windows=19350 (train) / 210 (val)
hit_rate=0.7344%  pos_weight=135.2
params=558k  cfg=TransformerConfig(z_dim=16, n_actions=3, d_model=128, n_layers=4, n_heads=4, context=32, n_gauss=5, predict_delta=True, dropout=0.0, d_ff=None, ablate_actions=False, mass_head=False, pos_head=False, clock_head=False, vy_head=False, feedforward=False, arch='transformer')
ep   0  train_nll   14.060  val_nll    5.270  hit_f1 0.187  rew_mse 0.00663  (32s)
ep   1  train_nll   11.815  val_nll    4.297  hit_f1 0.263  rew_mse 0.00528  (60s)
ep   2  train_nll   11.170  val_nll    3.779  hit_f1 0.275  rew_mse 0.00476  (92s)
ep   3  train_nll   10.821  val_nll    3.443  hit_f1 0.291  rew_mse 0.00411  (122s)
ep   4  train_nll   10.584  val_nll    3.058  hit_f1 0.297  rew_mse 0.00422  (151s)  roll[1]=0.0655 roll[32]=1.1605
ep   5  train_nll   10.429  val_nll    2.985  hit_f1 0.404  rew_mse 0.00343  (181s)
ep   6  train_nll   10.306  val_nll    2.828  hit_f1 0.404  rew_mse 0.00282  (209s)
ep   7  train_nll   10.198  val_nll    2.578  hit_f1 0.387  rew_mse 0.00339  (233s)
ep   8  train_nll   10.102  val_nll    2.566  hit_f1 0.438  rew_mse 0.00263  (259s)
ep   9  train_nll   10.044  val_nll    2.436  hit_f1 0.406  rew_mse 0.00266  (285s)  roll[1]=0.0597 roll[32]=1.1119
ep  10  train_nll    9.957  val_nll    2.446  hit_f1 0.465  rew_mse 0.00246  (309s)
ep  11  train_nll    9.933  val_nll    2.389  hit_f1 0.420  rew_mse 0.00234  (334s)
ep  12  train_nll    9.873  val_nll    2.234  hit_f1 0.439  rew_mse 0.00226  (357s)
ep  13  train_nll    9.829  val_nll    2.293  hit_f1 0.422  rew_mse 0.00200  (380s)
ep  14  train_nll    9.791  val_nll    2.250  hit_f1 0.394  rew_mse 0.00249  (404s)  roll[1]=0.0518 roll[32]=1.0275
ep  15  train_nll    9.754  val_nll    2.080  hit_f1 0.441  rew_mse 0.00224  (423s)
ep  16  train_nll    9.706  val_nll    2.109  hit_f1 0.472  rew_mse 0.00191  (441s)
ep  17  train_nll    9.694  val_nll    2.244  hit_f1 0.448  rew_mse 0.00220  (460s)
ep  18  train_nll    9.671  val_nll    1.979  hit_f1 0.402  rew_mse 0.00212  (480s)
ep  19  train_nll    9.640  val_nll    2.041  hit_f1 0.503  rew_mse 0.00161  (498s)  roll[1]=0.0568 roll[32]=0.8233
ep  20  train_nll    9.600  val_nll    2.129  hit_f1 0.473  rew_mse 0.00165  (519s)
ep  21  train_nll    9.586  val_nll    2.041  hit_f1 0.444  rew_mse 0.00193  (537s)
ep  22  train_nll    9.559  val_nll    1.920  hit_f1 0.452  rew_mse 0.00151  (555s)
ep  23  train_nll    9.530  val_nll    1.923  hit_f1 0.457  rew_mse 0.00156  (573s)
ep  24  train_nll    9.532  val_nll    2.081  hit_f1 0.437  rew_mse 0.00160  (595s)  roll[1]=0.0537 roll[32]=0.9378
ep  25  train_nll    9.505  val_nll    1.851  hit_f1 0.528  rew_mse 0.00152  (618s)
ep  26  train_nll    9.487  val_nll    1.960  hit_f1 0.443  rew_mse 0.00166  (643s)
ep  27  train_nll    9.466  val_nll    1.885  hit_f1 0.473  rew_mse 0.00167  (676s)
ep  28  train_nll    9.449  val_nll    1.914  hit_f1 0.494  rew_mse 0.00176  (705s)
ep  29  train_nll    9.433  val_nll    1.946  hit_f1 0.465  rew_mse 0.00140  (731s)  roll[1]=0.0577 roll[32]=0.6252
ep  30  train_nll    9.424  val_nll    1.779  hit_f1 0.470  rew_mse 0.00146  (757s)
ep  31  train_nll    9.410  val_nll    1.907  hit_f1 0.396  rew_mse 0.00196  (780s)
ep  32  train_nll    9.395  val_nll    1.810  hit_f1 0.491  rew_mse 0.00162  (803s)
ep  33  train_nll    9.386  val_nll    1.812  hit_f1 0.515  rew_mse 0.00156  (823s)
ep  34  train_nll    9.381  val_nll    1.780  hit_f1 0.521  rew_mse 0.00132  (840s)  roll[1]=0.0589 roll[32]=0.6149

best val NLL 1.779  ->  runs/tf_v4_ctx32/rnn.pt
