device=mps  train_frames=130650  res=64
  train roots: train(150x201)  train_mix(300x201)  train_short(100x201)  train_long(100x201)
params=446k
ep   0  beta 0.20  loss    49.21  kl  80.73  global_mse 0.00370  ball_mse 0.02066  (102s)
ep   1  beta 0.40  loss    10.90  kl  18.29  global_mse 0.00045  ball_mse 0.00481  (268s)
ep   2  beta 0.60  loss    11.87  kl  15.07  global_mse 0.00035  ball_mse 0.00349  (400s)
ep   3  beta 0.80  loss    13.66  kl  13.41  global_mse 0.00035  ball_mse 0.00337  (516s)
ep   4  beta 1.00  loss    15.51  kl  12.40  global_mse 0.00035  ball_mse 0.00328  (625s)
ep   5  beta 1.00  loss    16.23  kl  11.96  global_mse 0.00034  ball_mse 0.00312  (735s)
ep   6  beta 1.00  loss    15.85  kl  11.84  global_mse 0.00031  ball_mse 0.00291  (844s)
ep   7  beta 1.00  loss    15.60  kl  11.75  global_mse 0.00030  ball_mse 0.00277  (951s)
ep   8  beta 1.00  loss    15.45  kl  11.73  global_mse 0.00029  ball_mse 0.00265  (1059s)
ep   9  beta 1.00  loss    15.27  kl  11.68  global_mse 0.00028  ball_mse 0.00257  (1188s)
    active_units 3/16   probe R^2: ball_x=0.266  ball_y=0.566  ball_vx=0.057  ball_vy=0.029  paddle_x=0.468  paddle_vx=0.024  ball_visible=0.784
ep  10  beta 1.00  loss    15.16  kl  11.66  global_mse 0.00027  ball_mse 0.00249  (1297s)
ep  11  beta 1.00  loss    15.01  kl  11.59  global_mse 0.00027  ball_mse 0.00242  (1401s)
ep  12  beta 1.00  loss    14.94  kl  11.58  global_mse 0.00026  ball_mse 0.00238  (1569s)
ep  13  beta 1.00  loss    14.84  kl  11.55  global_mse 0.00025  ball_mse 0.00231  (1669s)
ep  14  beta 1.00  loss    14.85  kl  11.60  global_mse 0.00025  ball_mse 0.00227  (1765s)
ep  15  beta 1.00  loss    14.78  kl  11.58  global_mse 0.00025  ball_mse 0.00223  (1864s)
ep  16  beta 1.00  loss    14.72  kl  11.54  global_mse 0.00024  ball_mse 0.00221  (1956s)
ep  17  beta 1.00  loss    14.64  kl  11.53  global_mse 0.00024  ball_mse 0.00216  (2049s)
ep  18  beta 1.00  loss    14.64  kl  11.54  global_mse 0.00024  ball_mse 0.00214  (2166s)
ep  19  beta 1.00  loss    14.56  kl  11.51  global_mse 0.00023  ball_mse 0.00210  (2286s)
    active_units 4/16   probe R^2: ball_x=0.293  ball_y=0.460  ball_vx=0.053  ball_vy=0.033  paddle_x=0.520  paddle_vx=0.021  ball_visible=0.790
ep  20  beta 1.00  loss    14.55  kl  11.51  global_mse 0.00023  ball_mse 0.00207  (2398s)
ep  21  beta 1.00  loss    14.50  kl  11.51  global_mse 0.00023  ball_mse 0.00205  (2510s)
ep  22  beta 1.00  loss    14.46  kl  11.49  global_mse 0.00023  ball_mse 0.00205  (2605s)
ep  23  beta 1.00  loss    14.45  kl  11.49  global_mse 0.00023  ball_mse 0.00202  (2713s)
ep  24  beta 1.00  loss    14.41  kl  11.47  global_mse 0.00022  ball_mse 0.00201  (2812s)
ep  25  beta 1.00  loss    14.37  kl  11.45  global_mse 0.00022  ball_mse 0.00199  (2904s)
ep  26  beta 1.00  loss    14.34  kl  11.45  global_mse 0.00022  ball_mse 0.00197  (2996s)
ep  27  beta 1.00  loss    14.33  kl  11.44  global_mse 0.00022  ball_mse 0.00197  (3088s)
ep  28  beta 1.00  loss    14.32  kl  11.46  global_mse 0.00022  ball_mse 0.00194  (3196s)
ep  29  beta 1.00  loss    14.29  kl  11.41  global_mse 0.00022  ball_mse 0.00194  (3311s)
    active_units 3/16   probe R^2: ball_x=0.285  ball_y=0.606  ball_vx=0.053  ball_vy=0.034  paddle_x=0.506  paddle_vx=0.023  ball_visible=0.766
ep  30  beta 1.00  loss    14.30  kl  11.46  global_mse 0.00022  ball_mse 0.00193  (3439s)
ep  31  beta 1.00  loss    14.28  kl  11.45  global_mse 0.00022  ball_mse 0.00190  (3555s)
ep  32  beta 1.00  loss    14.26  kl  11.45  global_mse 0.00021  ball_mse 0.00189  (3658s)
ep  33  beta 1.00  loss    14.22  kl  11.41  global_mse 0.00021  ball_mse 0.00189  (3789s)
ep  34  beta 1.00  loss    14.23  kl  11.42  global_mse 0.00021  ball_mse 0.00189  (3896s)
ep  35  beta 1.00  loss    14.19  kl  11.39  global_mse 0.00021  ball_mse 0.00187  (4002s)
ep  36  beta 1.00  loss    14.20  kl  11.41  global_mse 0.00021  ball_mse 0.00187  (4106s)
ep  37  beta 1.00  loss    14.19  kl  11.39  global_mse 0.00021  ball_mse 0.00189  (4213s)
ep  38  beta 1.00  loss    14.17  kl  11.41  global_mse 0.00021  ball_mse 0.00185  (4317s)
ep  39  beta 1.00  loss    14.16  kl  11.40  global_mse 0.00021  ball_mse 0.00184  (4421s)
    active_units 3/16   probe R^2: ball_x=0.276  ball_y=0.718  ball_vx=0.057  ball_vy=0.037  paddle_x=0.555  paddle_vx=0.024  ball_visible=0.677
ep  40  beta 1.00  loss    14.14  kl  11.39  global_mse 0.00021  ball_mse 0.00183  (4523s)
ep  41  beta 1.00  loss    14.15  kl  11.41  global_mse 0.00021  ball_mse 0.00185  (4625s)
ep  42  beta 1.00  loss    14.11  kl  11.38  global_mse 0.00021  ball_mse 0.00183  (4739s)
ep  43  beta 1.00  loss    14.11  kl  11.41  global_mse 0.00020  ball_mse 0.00180  (4845s)
ep  44  beta 1.00  loss    14.08  kl  11.38  global_mse 0.00020  ball_mse 0.00181  (4960s)
ep  45  beta 1.00  loss    14.08  kl  11.37  global_mse 0.00020  ball_mse 0.00180  (5078s)
ep  46  beta 1.00  loss    14.09  kl  11.39  global_mse 0.00020  ball_mse 0.00180  (5191s)
ep  47  beta 1.00  loss    14.04  kl  11.36  global_mse 0.00020  ball_mse 0.00179  (5297s)
ep  48  beta 1.00  loss    14.09  kl  11.41  global_mse 0.00020  ball_mse 0.00180  (5408s)
ep  49  beta 1.00  loss    14.01  kl  11.34  global_mse 0.00020  ball_mse 0.00177  (5511s)
    active_units 2/16   probe R^2: ball_x=0.284  ball_y=0.606  ball_vx=0.056  ball_vy=0.039  paddle_x=0.447  paddle_vx=0.023  ball_visible=0.662
ep  50  beta 1.00  loss    14.01  kl  11.36  global_mse 0.00020  ball_mse 0.00176  (5637s)
ep  51  beta 1.00  loss    14.03  kl  11.38  global_mse 0.00020  ball_mse 0.00176  (5741s)
ep  52  beta 1.00  loss    14.04  kl  11.35  global_mse 0.00020  ball_mse 0.00177  (5863s)
ep  53  beta 1.00  loss    14.04  kl  11.37  global_mse 0.00020  ball_mse 0.00176  (5987s)
ep  54  beta 1.00  loss    13.98  kl  11.34  global_mse 0.00020  ball_mse 0.00176  (6103s)
ep  55  beta 1.00  loss    14.00  kl  11.36  global_mse 0.00020  ball_mse 0.00175  (6200s)
ep  56  beta 1.00  loss    14.01  kl  11.37  global_mse 0.00020  ball_mse 0.00173  (6295s)
ep  57  beta 1.00  loss    13.96  kl  11.36  global_mse 0.00020  ball_mse 0.00174  (6392s)
ep  58  beta 1.00  loss    13.94  kl  11.33  global_mse 0.00020  ball_mse 0.00172  (6486s)
ep  59  beta 1.00  loss    13.95  kl  11.32  global_mse 0.00020  ball_mse 0.00173  (6579s)
    active_units 3/16   probe R^2: ball_x=0.305  ball_y=0.501  ball_vx=0.054  ball_vy=0.038  paddle_x=0.454  paddle_vx=0.025  ball_visible=0.595

saved runs/vae_v31/vae.pt
