device=mps  train_frames=30150  res=64
params=446k
ep   0  beta 0.20  loss   201.36  kl 245.38  global_mse 0.01583  ball_mse 0.09360  (19s)
ep   1  beta 0.40  loss   105.44  kl   7.59  global_mse 0.00839  ball_mse 0.08718  (35s)
ep   2  beta 0.60  loss   105.02  kl   7.66  global_mse 0.00821  ball_mse 0.08627  (52s)
ep   3  beta 0.80  loss    45.46  kl  18.09  global_mse 0.00266  ball_mse 0.03332  (67s)
ep   4  beta 1.00  loss    32.54  kl  18.29  global_mse 0.00131  ball_mse 0.01606  (84s)
ep   5  beta 1.00  loss    31.26  kl  17.28  global_mse 0.00114  ball_mse 0.01381  (100s)
ep   6  beta 1.00  loss    29.67  kl  17.02  global_mse 0.00103  ball_mse 0.01245  (116s)
ep   7  beta 1.00  loss    28.69  kl  16.91  global_mse 0.00096  ball_mse 0.01151  (133s)
ep   8  beta 1.00  loss    27.87  kl  16.76  global_mse 0.00090  ball_mse 0.01087  (148s)
ep   9  beta 1.00  loss    27.26  kl  16.70  global_mse 0.00086  ball_mse 0.01030  (164s)
    active_units 12/16   probe R^2: ball_x=0.458  ball_y=0.244  ball_vx=0.032  ball_vy=0.022  paddle_x=0.896  paddle_vx=0.049  mass=0.084
ep  10  beta 1.00  loss    26.69  kl  16.61  global_mse 0.00082  ball_mse 0.00985  (182s)
ep  11  beta 1.00  loss    26.23  kl  16.55  global_mse 0.00079  ball_mse 0.00947  (198s)
ep  12  beta 1.00  loss    25.87  kl  16.48  global_mse 0.00076  ball_mse 0.00919  (213s)
ep  13  beta 1.00  loss    25.56  kl  16.40  global_mse 0.00074  ball_mse 0.00895  (228s)
ep  14  beta 1.00  loss    25.26  kl  16.33  global_mse 0.00072  ball_mse 0.00874  (244s)
ep  15  beta 1.00  loss    24.83  kl  16.18  global_mse 0.00070  ball_mse 0.00849  (259s)
ep  16  beta 1.00  loss    24.61  kl  16.16  global_mse 0.00068  ball_mse 0.00828  (278s)
ep  17  beta 1.00  loss    24.37  kl  16.10  global_mse 0.00067  ball_mse 0.00809  (295s)
ep  18  beta 1.00  loss    24.20  kl  16.07  global_mse 0.00066  ball_mse 0.00797  (322s)
ep  19  beta 1.00  loss    23.77  kl  15.96  global_mse 0.00063  ball_mse 0.00767  (347s)
    active_units 11/16   probe R^2: ball_x=0.500  ball_y=0.244  ball_vx=0.029  ball_vy=0.024  paddle_x=0.852  paddle_vx=0.048  mass=0.120
ep  20  beta 1.00  loss    23.62  kl  15.93  global_mse 0.00062  ball_mse 0.00752  (375s)
ep  21  beta 1.00  loss    23.46  kl  15.93  global_mse 0.00061  ball_mse 0.00741  (402s)
ep  22  beta 1.00  loss    23.30  kl  15.88  global_mse 0.00060  ball_mse 0.00730  (424s)
ep  23  beta 1.00  loss    23.15  kl  15.82  global_mse 0.00059  ball_mse 0.00716  (440s)
ep  24  beta 1.00  loss    23.03  kl  15.82  global_mse 0.00058  ball_mse 0.00706  (456s)
ep  25  beta 1.00  loss    22.89  kl  15.77  global_mse 0.00057  ball_mse 0.00699  (471s)
ep  26  beta 1.00  loss    22.71  kl  15.72  global_mse 0.00056  ball_mse 0.00685  (486s)
ep  27  beta 1.00  loss    22.68  kl  15.75  global_mse 0.00056  ball_mse 0.00680  (501s)
ep  28  beta 1.00  loss    22.58  kl  15.74  global_mse 0.00055  ball_mse 0.00669  (517s)
ep  29  beta 1.00  loss    22.45  kl  15.71  global_mse 0.00054  ball_mse 0.00660  (532s)
    active_units 10/16   probe R^2: ball_x=0.550  ball_y=0.250  ball_vx=0.030  ball_vy=0.024  paddle_x=0.814  paddle_vx=0.044  mass=0.102
ep  30  beta 1.00  loss    22.44  kl  15.72  global_mse 0.00054  ball_mse 0.00656  (548s)
ep  31  beta 1.00  loss    22.32  kl  15.72  global_mse 0.00053  ball_mse 0.00647  (563s)
ep  32  beta 1.00  loss    22.19  kl  15.68  global_mse 0.00052  ball_mse 0.00639  (579s)
ep  33  beta 1.00  loss    22.19  kl  15.67  global_mse 0.00052  ball_mse 0.00639  (594s)
ep  34  beta 1.00  loss    22.10  kl  15.66  global_mse 0.00052  ball_mse 0.00637  (609s)
ep  35  beta 1.00  loss    21.96  kl  15.61  global_mse 0.00051  ball_mse 0.00622  (625s)
ep  36  beta 1.00  loss    21.95  kl  15.64  global_mse 0.00051  ball_mse 0.00619  (642s)
ep  37  beta 1.00  loss    21.91  kl  15.65  global_mse 0.00050  ball_mse 0.00615  (657s)
ep  38  beta 1.00  loss    21.83  kl  15.65  global_mse 0.00050  ball_mse 0.00611  (672s)
ep  39  beta 1.00  loss    21.71  kl  15.57  global_mse 0.00049  ball_mse 0.00605  (688s)
    active_units 10/16   probe R^2: ball_x=0.586  ball_y=0.305  ball_vx=0.031  ball_vy=0.024  paddle_x=0.764  paddle_vx=0.042  mass=0.084
ep  40  beta 1.00  loss    21.68  kl  15.58  global_mse 0.00049  ball_mse 0.00601  (704s)
ep  41  beta 1.00  loss    21.66  kl  15.57  global_mse 0.00049  ball_mse 0.00601  (719s)
ep  42  beta 1.00  loss    21.59  kl  15.53  global_mse 0.00049  ball_mse 0.00597  (734s)
ep  43  beta 1.00  loss    21.53  kl  15.55  global_mse 0.00048  ball_mse 0.00590  (749s)
ep  44  beta 1.00  loss    21.45  kl  15.52  global_mse 0.00048  ball_mse 0.00588  (765s)
ep  45  beta 1.00  loss    21.43  kl  15.55  global_mse 0.00047  ball_mse 0.00580  (780s)
ep  46  beta 1.00  loss    21.43  kl  15.54  global_mse 0.00047  ball_mse 0.00580  (795s)
ep  47  beta 1.00  loss    21.31  kl  15.54  global_mse 0.00046  ball_mse 0.00571  (811s)
ep  48  beta 1.00  loss    21.29  kl  15.50  global_mse 0.00046  ball_mse 0.00576  (826s)
ep  49  beta 1.00  loss    21.18  kl  15.47  global_mse 0.00046  ball_mse 0.00565  (841s)
    active_units 9/16   probe R^2: ball_x=0.575  ball_y=0.290  ball_vx=0.033  ball_vy=0.023  paddle_x=0.749  paddle_vx=0.042  mass=0.090
ep  50  beta 1.00  loss    21.16  kl  15.49  global_mse 0.00045  ball_mse 0.00564  (857s)
ep  51  beta 1.00  loss    21.18  kl  15.49  global_mse 0.00046  ball_mse 0.00562  (873s)
ep  52  beta 1.00  loss    21.10  kl  15.45  global_mse 0.00045  ball_mse 0.00561  (889s)
ep  53  beta 1.00  loss    21.08  kl  15.49  global_mse 0.00045  ball_mse 0.00555  (905s)
ep  54  beta 1.00  loss    21.02  kl  15.43  global_mse 0.00045  ball_mse 0.00557  (926s)
ep  55  beta 1.00  loss    20.96  kl  15.45  global_mse 0.00044  ball_mse 0.00548  (942s)
ep  56  beta 1.00  loss    20.91  kl  15.40  global_mse 0.00044  ball_mse 0.00547  (958s)
ep  57  beta 1.00  loss    20.88  kl  15.40  global_mse 0.00044  ball_mse 0.00545  (976s)
ep  58  beta 1.00  loss    20.90  kl  15.44  global_mse 0.00044  ball_mse 0.00540  (1000s)
ep  59  beta 1.00  loss    20.83  kl  15.45  global_mse 0.00043  ball_mse 0.00534  (1021s)
    active_units 9/16   probe R^2: ball_x=0.551  ball_y=0.326  ball_vx=0.032  ball_vy=0.024  paddle_x=0.741  paddle_vx=0.042  mass=0.097

saved runs/vae_v2/vae.pt
