device=mps  train_frames=30150  res=64
params=446k
ep   0  beta 0.20  loss   194.51  kl 237.12  global_mse 0.01529  ball_mse 0.08541  (18s)
ep   1  beta 0.40  loss    98.70  kl   7.42  global_mse 0.00784  ball_mse 0.07878  (35s)
ep   2  beta 0.60  loss    90.63  kl   8.93  global_mse 0.00699  ball_mse 0.07392  (53s)
ep   3  beta 0.80  loss    31.71  kl  18.81  global_mse 0.00151  ball_mse 0.01747  (73s)
ep   4  beta 1.00  loss    27.35  kl  17.21  global_mse 0.00097  ball_mse 0.01101  (91s)
ep   5  beta 1.00  loss    27.18  kl  16.25  global_mse 0.00089  ball_mse 0.01007  (107s)
ep   6  beta 1.00  loss    25.90  kl  15.97  global_mse 0.00081  ball_mse 0.00919  (124s)
ep   7  beta 1.00  loss    25.05  kl  15.78  global_mse 0.00075  ball_mse 0.00858  (140s)
ep   8  beta 1.00  loss    24.38  kl  15.62  global_mse 0.00071  ball_mse 0.00814  (158s)
ep   9  beta 1.00  loss    23.96  kl  15.55  global_mse 0.00068  ball_mse 0.00783  (176s)
    active_units 13/16   probe R^2: ball_x=0.266  ball_y=0.150  ball_vx=0.111  ball_vy=0.064  paddle_x=0.809  paddle_vx=0.020  gravity_sign=0.067
ep  10  beta 1.00  loss    23.48  kl  15.43  global_mse 0.00065  ball_mse 0.00755  (195s)
ep  11  beta 1.00  loss    23.16  kl  15.40  global_mse 0.00063  ball_mse 0.00732  (217s)
ep  12  beta 1.00  loss    22.84  kl  15.33  global_mse 0.00061  ball_mse 0.00707  (234s)
ep  13  beta 1.00  loss    22.67  kl  15.33  global_mse 0.00060  ball_mse 0.00694  (250s)
ep  14  beta 1.00  loss    22.40  kl  15.27  global_mse 0.00058  ball_mse 0.00676  (267s)
ep  15  beta 1.00  loss    22.20  kl  15.17  global_mse 0.00057  ball_mse 0.00665  (284s)
ep  16  beta 1.00  loss    22.05  kl  15.16  global_mse 0.00056  ball_mse 0.00654  (302s)
ep  17  beta 1.00  loss    21.84  kl  15.10  global_mse 0.00055  ball_mse 0.00639  (319s)
ep  18  beta 1.00  loss    21.80  kl  15.14  global_mse 0.00054  ball_mse 0.00632  (336s)
ep  19  beta 1.00  loss    21.66  kl  15.07  global_mse 0.00053  ball_mse 0.00625  (352s)
    active_units 10/16   probe R^2: ball_x=0.258  ball_y=0.189  ball_vx=0.102  ball_vy=0.059  paddle_x=0.823  paddle_vx=0.019  gravity_sign=0.063
ep  20  beta 1.00  loss    21.48  kl  14.98  global_mse 0.00053  ball_mse 0.00617  (369s)
ep  21  beta 1.00  loss    21.41  kl  15.03  global_mse 0.00052  ball_mse 0.00606  (388s)
ep  22  beta 1.00  loss    21.35  kl  15.05  global_mse 0.00051  ball_mse 0.00599  (408s)
ep  23  beta 1.00  loss    21.19  kl  14.93  global_mse 0.00051  ball_mse 0.00597  (429s)
ep  24  beta 1.00  loss    21.14  kl  15.00  global_mse 0.00050  ball_mse 0.00585  (447s)
ep  25  beta 1.00  loss    21.04  kl  14.92  global_mse 0.00050  ball_mse 0.00581  (464s)
ep  26  beta 1.00  loss    21.00  kl  14.95  global_mse 0.00049  ball_mse 0.00578  (481s)
ep  27  beta 1.00  loss    20.89  kl  14.90  global_mse 0.00048  ball_mse 0.00571  (499s)
ep  28  beta 1.00  loss    20.86  kl  14.93  global_mse 0.00048  ball_mse 0.00565  (517s)
ep  29  beta 1.00  loss    20.75  kl  14.92  global_mse 0.00047  ball_mse 0.00556  (538s)
    active_units 10/16   probe R^2: ball_x=0.257  ball_y=0.235  ball_vx=0.100  ball_vy=0.053  paddle_x=0.857  paddle_vx=0.020  gravity_sign=0.063
ep  30  beta 1.00  loss    20.71  kl  14.89  global_mse 0.00047  ball_mse 0.00553  (557s)
ep  31  beta 1.00  loss    20.60  kl  14.87  global_mse 0.00046  ball_mse 0.00548  (576s)
ep  32  beta 1.00  loss    20.61  kl  14.86  global_mse 0.00046  ball_mse 0.00545  (594s)
ep  33  beta 1.00  loss    20.55  kl  14.86  global_mse 0.00046  ball_mse 0.00541  (615s)
ep  34  beta 1.00  loss    20.44  kl  14.83  global_mse 0.00045  ball_mse 0.00536  (638s)
ep  35  beta 1.00  loss    20.40  kl  14.82  global_mse 0.00045  ball_mse 0.00536  (661s)
ep  36  beta 1.00  loss    20.35  kl  14.80  global_mse 0.00045  ball_mse 0.00528  (679s)
ep  37  beta 1.00  loss    20.34  kl  14.86  global_mse 0.00044  ball_mse 0.00523  (696s)
ep  38  beta 1.00  loss    20.23  kl  14.74  global_mse 0.00044  ball_mse 0.00524  (721s)
ep  39  beta 1.00  loss    20.20  kl  14.75  global_mse 0.00044  ball_mse 0.00521  (736s)
    active_units 10/16   probe R^2: ball_x=0.249  ball_y=0.239  ball_vx=0.100  ball_vy=0.055  paddle_x=0.871  paddle_vx=0.021  gravity_sign=0.060
ep  40  beta 1.00  loss    20.15  kl  14.76  global_mse 0.00044  ball_mse 0.00515  (752s)
ep  41  beta 1.00  loss    20.11  kl  14.71  global_mse 0.00044  ball_mse 0.00514  (768s)
ep  42  beta 1.00  loss    20.07  kl  14.75  global_mse 0.00043  ball_mse 0.00508  (784s)
ep  43  beta 1.00  loss    20.05  kl  14.75  global_mse 0.00043  ball_mse 0.00504  (800s)
ep  44  beta 1.00  loss    19.98  kl  14.68  global_mse 0.00043  ball_mse 0.00505  (816s)
ep  45  beta 1.00  loss    19.96  kl  14.72  global_mse 0.00042  ball_mse 0.00498  (832s)
ep  46  beta 1.00  loss    19.89  kl  14.67  global_mse 0.00042  ball_mse 0.00498  (849s)
ep  47  beta 1.00  loss    19.84  kl  14.68  global_mse 0.00042  ball_mse 0.00490  (865s)
ep  48  beta 1.00  loss    19.91  kl  14.76  global_mse 0.00042  ball_mse 0.00487  (882s)
ep  49  beta 1.00  loss    19.77  kl  14.70  global_mse 0.00041  ball_mse 0.00479  (899s)
    active_units 9/16   probe R^2: ball_x=0.246  ball_y=0.248  ball_vx=0.101  ball_vy=0.054  paddle_x=0.909  paddle_vx=0.021  gravity_sign=0.056
ep  50  beta 1.00  loss    19.72  kl  14.67  global_mse 0.00041  ball_mse 0.00476  (919s)
ep  51  beta 1.00  loss    19.71  kl  14.68  global_mse 0.00041  ball_mse 0.00475  (936s)
ep  52  beta 1.00  loss    19.74  kl  14.76  global_mse 0.00040  ball_mse 0.00470  (953s)
ep  53  beta 1.00  loss    19.61  kl  14.64  global_mse 0.00040  ball_mse 0.00468  (969s)
ep  54  beta 1.00  loss    19.57  kl  14.68  global_mse 0.00039  ball_mse 0.00461  (985s)
ep  55  beta 1.00  loss    19.62  kl  14.73  global_mse 0.00039  ball_mse 0.00460  (1003s)
ep  56  beta 1.00  loss    19.52  kl  14.66  global_mse 0.00039  ball_mse 0.00458  (1020s)
ep  57  beta 1.00  loss    19.49  kl  14.68  global_mse 0.00039  ball_mse 0.00455  (1038s)
ep  58  beta 1.00  loss    19.49  kl  14.69  global_mse 0.00039  ball_mse 0.00451  (1055s)
ep  59  beta 1.00  loss    19.48  kl  14.66  global_mse 0.00039  ball_mse 0.00451  (1073s)
    active_units 10/16   probe R^2: ball_x=0.230  ball_y=0.249  ball_vx=0.102  ball_vy=0.055  paddle_x=0.908  paddle_vx=0.021  gravity_sign=0.059

saved runs/vae_v4/vae.pt
