device=mps  train_frames=30150  res=64
params=446k
ep   0  beta 0.20  loss   157.42  kl 128.80  global_mse 0.01213  ball_mse 0.05478  (37s)
ep   1  beta 0.40  loss    67.10  kl  11.84  global_mse 0.00517  ball_mse 0.04992  (76s)
ep   2  beta 0.60  loss    45.78  kl   9.14  global_mse 0.00335  ball_mse 0.04676  (111s)
ep   3  beta 0.80  loss    26.90  kl  13.36  global_mse 0.00143  ball_mse 0.01736  (152s)
ep   4  beta 1.00  loss    22.20  kl  13.15  global_mse 0.00084  ball_mse 0.00926  (189s)
ep   5  beta 1.00  loss    22.14  kl  12.63  global_mse 0.00077  ball_mse 0.00827  (221s)
ep   6  beta 1.00  loss    21.22  kl  12.56  global_mse 0.00070  ball_mse 0.00745  (253s)
ep   7  beta 1.00  loss    20.45  kl  12.46  global_mse 0.00065  ball_mse 0.00678  (280s)
ep   8  beta 1.00  loss    19.88  kl  12.41  global_mse 0.00061  ball_mse 0.00631  (310s)
ep   9  beta 1.00  loss    19.42  kl  12.35  global_mse 0.00057  ball_mse 0.00595  (337s)
    active_units 8/16   probe R^2: ball_x=0.176  ball_y=0.241  ball_vx=0.039  ball_vy=0.031  paddle_x=0.969  paddle_vx=0.022  ball_visible=0.111
ep  10  beta 1.00  loss    19.07  kl  12.32  global_mse 0.00055  ball_mse 0.00565  (369s)
ep  11  beta 1.00  loss    18.76  kl  12.25  global_mse 0.00053  ball_mse 0.00541  (397s)
ep  12  beta 1.00  loss    18.54  kl  12.27  global_mse 0.00051  ball_mse 0.00521  (424s)
ep  13  beta 1.00  loss    18.27  kl  12.23  global_mse 0.00049  ball_mse 0.00501  (453s)
ep  14  beta 1.00  loss    18.04  kl  12.17  global_mse 0.00047  ball_mse 0.00487  (479s)
ep  15  beta 1.00  loss    17.87  kl  12.14  global_mse 0.00046  ball_mse 0.00473  (507s)
ep  16  beta 1.00  loss    17.75  kl  12.13  global_mse 0.00045  ball_mse 0.00464  (536s)
ep  17  beta 1.00  loss    17.60  kl  12.12  global_mse 0.00044  ball_mse 0.00456  (564s)
ep  18  beta 1.00  loss    17.55  kl  12.19  global_mse 0.00043  ball_mse 0.00445  (588s)
ep  19  beta 1.00  loss    17.37  kl  12.10  global_mse 0.00042  ball_mse 0.00436  (634s)
    active_units 7/16   probe R^2: ball_x=0.254  ball_y=0.275  ball_vx=0.036  ball_vy=0.027  paddle_x=0.981  paddle_vx=0.022  ball_visible=0.123
ep  20  beta 1.00  loss    17.27  kl  12.09  global_mse 0.00041  ball_mse 0.00429  (667s)
ep  21  beta 1.00  loss    17.22  kl  12.08  global_mse 0.00041  ball_mse 0.00423  (691s)
ep  22  beta 1.00  loss    17.13  kl  12.10  global_mse 0.00040  ball_mse 0.00413  (718s)
ep  23  beta 1.00  loss    17.02  kl  12.08  global_mse 0.00040  ball_mse 0.00407  (743s)
ep  24  beta 1.00  loss    16.97  kl  12.07  global_mse 0.00039  ball_mse 0.00405  (772s)
ep  25  beta 1.00  loss    16.96  kl  12.09  global_mse 0.00039  ball_mse 0.00398  (801s)
ep  26  beta 1.00  loss    16.91  kl  12.10  global_mse 0.00038  ball_mse 0.00396  (827s)
ep  27  beta 1.00  loss    16.78  kl  12.02  global_mse 0.00038  ball_mse 0.00389  (855s)
ep  28  beta 1.00  loss    16.73  kl  12.01  global_mse 0.00038  ball_mse 0.00386  (884s)
ep  29  beta 1.00  loss    16.66  kl  12.01  global_mse 0.00037  ball_mse 0.00379  (908s)
    active_units 7/16   probe R^2: ball_x=0.296  ball_y=0.325  ball_vx=0.035  ball_vy=0.025  paddle_x=0.979  paddle_vx=0.022  ball_visible=0.131
ep  30  beta 1.00  loss    16.66  kl  12.04  global_mse 0.00037  ball_mse 0.00377  (938s)
ep  31  beta 1.00  loss    16.69  kl  12.07  global_mse 0.00037  ball_mse 0.00377  (970s)
ep  32  beta 1.00  loss    16.57  kl  12.05  global_mse 0.00036  ball_mse 0.00369  (996s)
ep  33  beta 1.00  loss    16.51  kl  12.02  global_mse 0.00036  ball_mse 0.00363  (1027s)
ep  34  beta 1.00  loss    16.49  kl  12.03  global_mse 0.00036  ball_mse 0.00362  (1050s)
ep  35  beta 1.00  loss    16.41  kl  12.01  global_mse 0.00035  ball_mse 0.00358  (1076s)
ep  36  beta 1.00  loss    16.35  kl  11.99  global_mse 0.00035  ball_mse 0.00355  (1101s)
ep  37  beta 1.00  loss    16.35  kl  12.01  global_mse 0.00034  ball_mse 0.00356  (1124s)
ep  38  beta 1.00  loss    16.35  kl  12.03  global_mse 0.00034  ball_mse 0.00352  (1152s)
ep  39  beta 1.00  loss    16.32  kl  12.00  global_mse 0.00034  ball_mse 0.00349  (1183s)
    active_units 7/16   probe R^2: ball_x=0.313  ball_y=0.305  ball_vx=0.035  ball_vy=0.025  paddle_x=0.990  paddle_vx=0.022  ball_visible=0.136
ep  40  beta 1.00  loss    16.24  kl  11.97  global_mse 0.00034  ball_mse 0.00349  (1212s)
ep  41  beta 1.00  loss    16.18  kl  11.96  global_mse 0.00034  ball_mse 0.00344  (1240s)
ep  42  beta 1.00  loss    16.17  kl  11.94  global_mse 0.00034  ball_mse 0.00344  (1267s)
ep  43  beta 1.00  loss    16.15  kl  11.97  global_mse 0.00033  ball_mse 0.00342  (1296s)
ep  44  beta 1.00  loss    16.12  kl  11.93  global_mse 0.00033  ball_mse 0.00339  (1324s)
ep  45  beta 1.00  loss    16.17  kl  11.99  global_mse 0.00033  ball_mse 0.00342  (1355s)
ep  46  beta 1.00  loss    16.05  kl  11.91  global_mse 0.00033  ball_mse 0.00335  (1386s)
ep  47  beta 1.00  loss    16.02  kl  11.91  global_mse 0.00033  ball_mse 0.00331  (1409s)
ep  48  beta 1.00  loss    16.01  kl  11.91  global_mse 0.00033  ball_mse 0.00334  (1433s)
ep  49  beta 1.00  loss    15.90  kl  11.87  global_mse 0.00032  ball_mse 0.00330  (1459s)
    active_units 8/16   probe R^2: ball_x=0.296  ball_y=0.323  ball_vx=0.036  ball_vy=0.024  paddle_x=0.993  paddle_vx=0.022  ball_visible=0.144
ep  50  beta 1.00  loss    15.96  kl  11.88  global_mse 0.00032  ball_mse 0.00330  (1483s)
ep  51  beta 1.00  loss    15.92  kl  11.88  global_mse 0.00032  ball_mse 0.00327  (1511s)
ep  52  beta 1.00  loss    15.91  kl  11.90  global_mse 0.00032  ball_mse 0.00326  (1535s)
ep  53  beta 1.00  loss    15.84  kl  11.84  global_mse 0.00032  ball_mse 0.00323  (1580s)
ep  54  beta 1.00  loss    15.85  kl  11.85  global_mse 0.00032  ball_mse 0.00321  (1611s)
ep  55  beta 1.00  loss    15.90  kl  11.91  global_mse 0.00032  ball_mse 0.00321  (1643s)
ep  56  beta 1.00  loss    15.87  kl  11.86  global_mse 0.00032  ball_mse 0.00323  (1672s)
ep  57  beta 1.00  loss    15.82  kl  11.86  global_mse 0.00031  ball_mse 0.00319  (1706s)
ep  58  beta 1.00  loss    15.77  kl  11.83  global_mse 0.00031  ball_mse 0.00318  (1732s)
ep  59  beta 1.00  loss    15.79  kl  11.87  global_mse 0.00031  ball_mse 0.00317  (1770s)
    active_units 8/16   probe R^2: ball_x=0.286  ball_y=0.360  ball_vx=0.035  ball_vy=0.024  paddle_x=0.990  paddle_vx=0.021  ball_visible=0.152

saved runs/vae_v3/vae.pt
