z_dim=16  free_bits=0.5  frames=3000

active units: 6/16
  per-dim KL (sorted): 1.33 1.26 1.06 1.00 0.97 0.92 0.74 0.66 0.65 0.64 0.59 0.58 0.56 0.49 0.48 0.38

held-out R^2 (episode-level split):
  factor       linear    poly2    poly3      knn      mlp
  ball_x        0.329    0.654   -0.145    0.668    0.638
  ball_y        0.134    0.974    0.942    0.976    0.975
  ball_vx      -0.129   -0.489  -11.537   -0.684   -0.725
  ball_vy      -0.045   -0.618   -4.911   -0.206   -0.440
  paddle_x      0.984    0.993    0.987    0.580    0.984
  paddle_vx     0.016   -0.232  -42.920   -0.270   -0.398
  ball_visible   -0.037    0.984    0.953    0.949    0.982

MCC pearson=0.296  spearman=0.303
  ball_x     -> z[ 5] |r|=0.424   (rank: z[ 5] |rho|=0.279)
  ball_y     -> z[13] |r|=0.267   (rank: z[ 3] |rho|=0.369)
  ball_vx    -> z[ 3] |r|=0.098   (rank: z[ 2] |rho|=0.143)
  ball_vy    -> z[ 2] |r|=0.101   (rank: z[13] |rho|=0.104)
  paddle_x   -> z[10] |r|=0.889   (rank: z[10] |rho|=0.813)
  paddle_vx  -> z[ 8] |r|=0.042   (rank: z[15] |rho|=0.057)
  ball_visible -> z[ 9] |r|=0.251   (rank: z[ 9] |rho|=0.356)

ball-position bin coverage: 73.8% of 16x16 bins

wrote runs/vae_v3/analysis
