=== train (150, sticky, default band)
  episode 7/150  (0.8s, 1685 frames/s)
  episode 14/150  (1.4s, 1959 frames/s)
  episode 21/150  (2.0s, 2075 frames/s)
  episode 28/150  (2.6s, 2128 frames/s)
  episode 35/150  (3.3s, 2144 frames/s)
  episode 42/150  (3.9s, 2181 frames/s)
  episode 49/150  (4.5s, 2209 frames/s)
  episode 56/150  (5.1s, 2227 frames/s)
  episode 63/150  (5.6s, 2245 frames/s)
  episode 70/150  (6.2s, 2259 frames/s)
  episode 77/150  (6.8s, 2270 frames/s)
  episode 84/150  (7.4s, 2278 frames/s)
  episode 91/150  (8.0s, 2285 frames/s)
  episode 98/150  (8.6s, 2282 frames/s)
  episode 105/150  (9.2s, 2283 frames/s)
  episode 112/150  (9.9s, 2269 frames/s)
  episode 119/150  (10.6s, 2253 frames/s)
  episode 126/150  (11.3s, 2247 frames/s)
  episode 133/150  (12.0s, 2237 frames/s)
  episode 140/150  (12.6s, 2238 frames/s)
  episode 147/150  (13.2s, 2239 frames/s)
  episode 150/150  (13.5s, 2240 frames/s)
  sanity: bounds ok, speed conserved, paddle-contact rate 0.457%
  occlusion: band y=0.13..0.63  frames hidden 42.5% / partial 33.3% / visible 24.2%
    hidden runs: 606 (4.0/episode)  mean 21.0 frames  median 19  max 104  with a wall-x bounce while hidden: 36.0%

wrote 30150 frames to data/v31/train  (370 MB)
=== train_mix (300, mix)
  episode 15/300  (1.4s, 2204 frames/s)
  episode 30/300  (2.7s, 2275 frames/s)
  episode 45/300  (3.9s, 2308 frames/s)
  episode 60/300  (5.2s, 2313 frames/s)
  episode 75/300  (6.5s, 2328 frames/s)
  episode 90/300  (7.7s, 2340 frames/s)
  episode 105/300  (9.1s, 2327 frames/s)
  episode 120/300  (10.3s, 2331 frames/s)
  episode 135/300  (11.6s, 2334 frames/s)
  episode 150/300  (12.9s, 2336 frames/s)
  episode 165/300  (14.2s, 2340 frames/s)
  episode 180/300  (15.6s, 2316 frames/s)
  episode 195/300  (18.5s, 2121 frames/s)
  episode 210/300  (22.2s, 1901 frames/s)
  episode 225/300  (23.6s, 1916 frames/s)
  episode 240/300  (25.0s, 1929 frames/s)
  episode 255/300  (26.3s, 1948 frames/s)
  episode 270/300  (27.8s, 1956 frames/s)
  episode 285/300  (29.1s, 1971 frames/s)
  episode 300/300  (30.7s, 1962 frames/s)
  sanity: bounds ok, speed conserved, paddle-contact rate 0.805%
  occlusion: band y=0.13..0.63  frames hidden 42.6% / partial 32.5% / visible 24.9%
    hidden runs: 1169 (3.9/episode)  mean 21.8 frames  median 19  max 104  with a wall-x bounce while hidden: 36.2%

wrote 60300 frames to data/v31/train_mix  (741 MB)
=== train_short (100, mix, short band)
  episode 5/100  (0.6s, 1681 frames/s)
  episode 10/100  (1.0s, 1948 frames/s)
  episode 15/100  (1.5s, 2055 frames/s)
  episode 20/100  (1.9s, 2132 frames/s)
  episode 25/100  (2.3s, 2174 frames/s)
  episode 30/100  (2.7s, 2211 frames/s)
  episode 35/100  (3.2s, 2231 frames/s)
  episode 40/100  (3.6s, 2245 frames/s)
  episode 45/100  (4.0s, 2246 frames/s)
  episode 50/100  (4.5s, 2246 frames/s)
  episode 55/100  (4.9s, 2257 frames/s)
  episode 60/100  (5.3s, 2268 frames/s)
  episode 65/100  (5.8s, 2269 frames/s)
  episode 70/100  (6.2s, 2277 frames/s)
  episode 75/100  (6.7s, 2255 frames/s)
  episode 80/100  (7.1s, 2266 frames/s)
  episode 85/100  (7.5s, 2275 frames/s)
  episode 90/100  (7.9s, 2281 frames/s)
  episode 95/100  (8.4s, 2268 frames/s)
  episode 100/100  (8.8s, 2271 frames/s)
  sanity: bounds ok, speed conserved, paddle-contact rate 1.080%
  occlusion: band y=0.13..0.45  frames hidden 20.5% / partial 33.4% / visible 46.1%
    hidden runs: 373 (3.7/episode)  mean 11.0 frames  median 9  max 50  with a wall-x bounce while hidden: 19.0%

wrote 20100 frames to data/v31/train_short  (247 MB)
=== train_long (100, mix, long band)
  episode 5/100  (0.5s, 2226 frames/s)
  episode 10/100  (0.9s, 2281 frames/s)
  episode 15/100  (1.3s, 2273 frames/s)
  episode 20/100  (1.8s, 2278 frames/s)
  episode 25/100  (2.2s, 2271 frames/s)
  episode 30/100  (2.7s, 2220 frames/s)
  episode 35/100  (3.1s, 2234 frames/s)
  episode 40/100  (3.6s, 2246 frames/s)
  episode 45/100  (4.0s, 2253 frames/s)
  episode 50/100  (4.4s, 2259 frames/s)
  episode 55/100  (4.9s, 2270 frames/s)
  episode 60/100  (5.3s, 2280 frames/s)
  episode 65/100  (5.7s, 2286 frames/s)
  episode 70/100  (6.1s, 2290 frames/s)
  episode 75/100  (6.6s, 2294 frames/s)
  episode 80/100  (7.0s, 2298 frames/s)
  episode 85/100  (7.4s, 2304 frames/s)
  episode 90/100  (7.8s, 2308 frames/s)
  episode 95/100  (8.3s, 2310 frames/s)
  episode 100/100  (8.7s, 2306 frames/s)
  sanity: bounds ok, speed conserved, paddle-contact rate 0.870%
  occlusion: band y=0.13..0.78  frames hidden 61.0% / partial 31.8% / visible 7.2%
    hidden runs: 408 (4.1/episode)  mean 29.9 frames  median 26  max 143  with a wall-x bounce while hidden: 47.1%

wrote 20100 frames to data/v31/train_long  (247 MB)
=== val (15, sticky)
  episode 1/15  (0.1s, 1813 frames/s)
  episode 2/15  (0.2s, 1993 frames/s)
  episode 3/15  (0.3s, 2115 frames/s)
  episode 4/15  (0.4s, 2160 frames/s)
  episode 5/15  (0.5s, 2197 frames/s)
  episode 6/15  (0.5s, 2220 frames/s)
  episode 7/15  (0.6s, 2247 frames/s)
  episode 8/15  (0.7s, 2260 frames/s)
  episode 9/15  (0.8s, 2265 frames/s)
  episode 10/15  (0.9s, 2277 frames/s)
  episode 11/15  (1.1s, 2092 frames/s)
  episode 12/15  (1.2s, 2034 frames/s)
  episode 13/15  (1.3s, 1956 frames/s)
  episode 14/15  (1.5s, 1928 frames/s)
  episode 15/15  (1.7s, 1818 frames/s)
  sanity: bounds ok, speed conserved, paddle-contact rate 0.733%
  occlusion: band y=0.13..0.63  frames hidden 45.1% / partial 32.7% / visible 22.2%
    hidden runs: 55 (3.7/episode)  mean 24.6 frames  median 17  max 104  with a wall-x bounce while hidden: 32.7%

wrote 3015 frames to data/v31/val  (37 MB)
=== val_mix (20, mix)
  episode 1/20  (0.1s, 1341 frames/s)
  episode 2/20  (0.3s, 1485 frames/s)
  episode 3/20  (0.4s, 1662 frames/s)
  episode 4/20  (0.4s, 1795 frames/s)
  episode 5/20  (0.5s, 1887 frames/s)
  episode 6/20  (0.6s, 1938 frames/s)
  episode 7/20  (0.7s, 1993 frames/s)
  episode 8/20  (0.8s, 2027 frames/s)
  episode 9/20  (0.9s, 2054 frames/s)
  episode 10/20  (1.0s, 2082 frames/s)
  episode 11/20  (1.1s, 2102 frames/s)
  episode 12/20  (1.1s, 2122 frames/s)
  episode 13/20  (1.2s, 2137 frames/s)
  episode 14/20  (1.3s, 2149 frames/s)
  episode 15/20  (1.4s, 2166 frames/s)
  episode 16/20  (1.5s, 2177 frames/s)
  episode 17/20  (1.6s, 2187 frames/s)
  episode 18/20  (1.6s, 2195 frames/s)
  episode 19/20  (1.7s, 2199 frames/s)
  episode 20/20  (1.8s, 2207 frames/s)
  sanity: bounds ok, speed conserved, paddle-contact rate 0.775%
  occlusion: band y=0.13..0.63  frames hidden 42.9% / partial 32.0% / visible 25.1%
    hidden runs: 73 (3.6/episode)  mean 23.5 frames  median 20  max 99  with a wall-x bounce while hidden: 37.0%

wrote 4020 frames to data/v31/val_mix  (49 MB)
=== probe (120 x 24, sticky)
  episode 6/120  (0.1s, 1502 frames/s)
  episode 12/120  (0.2s, 1805 frames/s)
  episode 18/120  (0.2s, 1958 frames/s)
  episode 24/120  (0.3s, 2019 frames/s)
  episode 30/120  (0.4s, 2063 frames/s)
  episode 36/120  (0.4s, 2106 frames/s)
  episode 42/120  (0.5s, 2105 frames/s)
  episode 48/120  (0.6s, 2122 frames/s)
  episode 54/120  (0.6s, 2136 frames/s)
  episode 60/120  (0.7s, 2154 frames/s)
  episode 66/120  (0.8s, 2175 frames/s)
  episode 72/120  (0.8s, 2196 frames/s)
  episode 78/120  (0.9s, 2208 frames/s)
  episode 84/120  (0.9s, 2219 frames/s)
  episode 90/120  (1.0s, 2231 frames/s)
  episode 96/120  (1.1s, 2232 frames/s)
  episode 102/120  (1.1s, 2235 frames/s)
  episode 108/120  (1.2s, 2241 frames/s)
  episode 114/120  (1.3s, 2248 frames/s)
  episode 120/120  (1.3s, 2255 frames/s)
  sanity: bounds ok, speed conserved, paddle-contact rate 0.521%
  occlusion: band y=0.13..0.63  frames hidden 41.3% / partial 35.2% / visible 23.5%
    hidden runs: 102 (0.8/episode)  mean 11.6 frames  median 12  max 24  with a wall-x bounce while hidden: 21.6%

wrote 3000 frames to data/v31/probe  (37 MB)
=== short (30, mix, short band)
  episode 1/30  (0.1s, 1448 frames/s)
  episode 2/30  (0.2s, 1692 frames/s)
  episode 3/30  (0.3s, 1811 frames/s)
  episode 4/30  (0.4s, 1895 frames/s)
  episode 5/30  (0.5s, 1982 frames/s)
  episode 6/30  (0.6s, 2047 frames/s)
  episode 7/30  (0.7s, 2100 frames/s)
  episode 8/30  (0.8s, 2135 frames/s)
  episode 9/30  (0.8s, 2138 frames/s)
  episode 10/30  (0.9s, 2164 frames/s)
  episode 11/30  (1.0s, 2182 frames/s)
  episode 12/30  (1.1s, 2197 frames/s)
  episode 13/30  (1.2s, 2211 frames/s)
  episode 14/30  (1.3s, 2222 frames/s)
  episode 15/30  (1.4s, 2209 frames/s)
  episode 16/30  (1.6s, 2045 frames/s)
  episode 17/30  (1.7s, 1989 frames/s)
  episode 18/30  (1.8s, 1980 frames/s)
  episode 19/30  (1.9s, 1997 frames/s)
  episode 20/30  (2.0s, 2002 frames/s)
  episode 21/30  (2.1s, 2010 frames/s)
  episode 22/30  (2.2s, 2014 frames/s)
  episode 23/30  (2.3s, 2013 frames/s)
  episode 24/30  (2.4s, 2016 frames/s)
  episode 25/30  (2.5s, 2003 frames/s)
  episode 26/30  (2.7s, 1945 frames/s)
  episode 27/30  (2.9s, 1885 frames/s)
  episode 28/30  (3.2s, 1749 frames/s)
  episode 29/30  (3.4s, 1728 frames/s)
  episode 30/30  (3.5s, 1729 frames/s)
  sanity: bounds ok, speed conserved, paddle-contact rate 1.067%
  occlusion: band y=0.13..0.45  frames hidden 21.1% / partial 33.7% / visible 45.2%
    hidden runs: 104 (3.5/episode)  mean 12.2 frames  median 10  max 49  with a wall-x bounce while hidden: 26.0%

wrote 6030 frames to data/v31/short  (74 MB)
=== long (30, mix, long band)
  episode 1/30  (0.2s, 859 frames/s)
  episode 2/30  (0.4s, 988 frames/s)
  episode 3/30  (0.9s, 681 frames/s)
  episode 4/30  (1.4s, 557 frames/s)
  episode 5/30  (1.6s, 637 frames/s)
  episode 6/30  (1.7s, 713 frames/s)
  episode 7/30  (1.8s, 782 frames/s)
  episode 8/30  (1.9s, 841 frames/s)
  episode 9/30  (2.1s, 867 frames/s)
  episode 10/30  (2.3s, 884 frames/s)
  episode 11/30  (2.4s, 914 frames/s)
  episode 12/30  (2.5s, 952 frames/s)
  episode 13/30  (2.7s, 984 frames/s)
  episode 14/30  (2.8s, 1008 frames/s)
  episode 15/30  (2.9s, 1039 frames/s)
  episode 16/30  (3.1s, 1039 frames/s)
  episode 17/30  (3.3s, 1028 frames/s)
  episode 18/30  (3.5s, 1031 frames/s)
  episode 19/30  (3.6s, 1047 frames/s)
  episode 20/30  (3.9s, 1021 frames/s)
  episode 21/30  (4.1s, 1025 frames/s)
  episode 22/30  (4.3s, 1036 frames/s)
  episode 23/30  (4.4s, 1057 frames/s)
  episode 24/30  (4.5s, 1082 frames/s)
  episode 25/30  (4.6s, 1104 frames/s)
  episode 26/30  (4.7s, 1123 frames/s)
  episode 27/30  (5.0s, 1085 frames/s)
  episode 28/30  (5.1s, 1103 frames/s)
  episode 29/30  (5.2s, 1118 frames/s)
  episode 30/30  (5.4s, 1122 frames/s)
  sanity: bounds ok, speed conserved, paddle-contact rate 0.983%
  occlusion: band y=0.13..0.78  frames hidden 62.8% / partial 31.5% / visible 5.7%
    hidden runs: 122 (4.1/episode)  mean 30.9 frames  median 25  max 141  with a wall-x bounce while hidden: 46.7%

wrote 6030 frames to data/v31/long  (74 MB)
=== done
